../Core/Src/main.c:112:5:main	16	static
../Core/Src/main.c:201:6:SystemClock_Config	96	static
../Core/Src/main.c:261:6:PeriphCommonClock_Config	160	static
../Core/Src/main.c:292:13:MX_ADC1_Init	32	static
../Core/Src/main.c:350:13:MX_CAN1_Init	8	static
../Core/Src/main.c:387:13:MX_COMP1_Init	8	static
../Core/Src/main.c:421:13:MX_COMP2_Init	8	static
../Core/Src/main.c:455:13:MX_I2C1_SMBUS_Init	8	static
../Core/Src/main.c:493:13:MX_I2C2_SMBUS_Init	8	static
../Core/Src/main.c:538:13:MX_LPUART1_UART_Init	8	static
../Core/Src/main.c:586:13:MX_USART2_UART_Init	8	static
../Core/Src/main.c:634:13:MX_USART3_UART_Init	8	static
../Core/Src/main.c:682:13:MX_SAI1_Init	8	static
../Core/Src/main.c:750:13:MX_SAI2_Init	8	static
../Core/Src/main.c:803:13:MX_SDMMC1_SD_Init	8	static
../Core/Src/main.c:835:13:MX_SPI1_Init	8	static
../Core/Src/main.c:875:13:MX_SPI3_Init	8	static
../Core/Src/main.c:915:13:MX_TIM1_Init	104	static
../Core/Src/main.c:1005:13:MX_TIM2_Init	48	static
../Core/Src/main.c:1058:13:MX_TIM3_Init	48	static
../Core/Src/main.c:1111:13:MX_TIM4_Init	48	static
../Core/Src/main.c:1164:13:MX_TIM15_Init	96	static
../Core/Src/main.c:1229:13:MX_USB_OTG_FS_USB_Init	4	static
../Core/Src/main.c:1250:13:MX_GPIO_Init	64	static
../Core/Src/main.c:1302:6:selectHall	16	static
../Core/Src/main.c:1353:6:Error_Handler	4	static,ignoring_inline_asm
