../Core/Src/main.c:103:5:main	72	static
../Core/Src/main.c:174:6:SystemClock_Config	96	static
../Core/Src/main.c:234:6:PeriphCommonClock_Config	160	static
../Core/Src/main.c:264:13:MX_ADC1_Init	32	static
../Core/Src/main.c:322:13:MX_CAN1_Init	8	static
../Core/Src/main.c:359:13:MX_COMP1_Init	8	static
../Core/Src/main.c:393:13:MX_COMP2_Init	8	static
../Core/Src/main.c:427:13:MX_I2C1_SMBUS_Init	8	static
../Core/Src/main.c:465:13:MX_I2C2_SMBUS_Init	8	static
../Core/Src/main.c:510:13:MX_LPUART1_UART_Init	8	static
../Core/Src/main.c:558:13:MX_USART2_UART_Init	8	static
../Core/Src/main.c:606:13:MX_SAI1_Init	8	static
../Core/Src/main.c:674:13:MX_SPI1_Init	8	static
../Core/Src/main.c:714:13:MX_SPI3_Init	8	static
../Core/Src/main.c:754:13:MX_TIM2_Init	48	static
../Core/Src/main.c:807:13:MX_TIM3_Init	48	static
../Core/Src/main.c:860:13:MX_TIM4_Init	48	static
../Core/Src/main.c:913:13:MX_USB_OTG_FS_USB_Init	4	static
../Core/Src/main.c:934:13:MX_GPIO_Init	64	static
../Core/Src/main.c:1029:10:keyValue	40	static
../Core/Src/main.c:1103:6:Error_Handler	4	static,ignoring_inline_asm
