../Core/Src/main.c:103:5:main	72	static
../Core/Src/main.c:172:6:SystemClock_Config	96	static
../Core/Src/main.c:232:6:PeriphCommonClock_Config	160	static
../Core/Src/main.c:262:13:MX_ADC1_Init	32	static
../Core/Src/main.c:320:13:MX_CAN1_Init	8	static
../Core/Src/main.c:357:13:MX_COMP1_Init	8	static
../Core/Src/main.c:391:13:MX_COMP2_Init	8	static
../Core/Src/main.c:425:13:MX_I2C1_SMBUS_Init	8	static
../Core/Src/main.c:463:13:MX_I2C2_SMBUS_Init	8	static
../Core/Src/main.c:508:13:MX_LPUART1_UART_Init	8	static
../Core/Src/main.c:556:13:MX_USART2_UART_Init	8	static
../Core/Src/main.c:604:13:MX_SAI1_Init	8	static
../Core/Src/main.c:672:13:MX_SPI1_Init	8	static
../Core/Src/main.c:712:13:MX_SPI3_Init	8	static
../Core/Src/main.c:752:13:MX_TIM2_Init	48	static
../Core/Src/main.c:805:13:MX_TIM3_Init	48	static
../Core/Src/main.c:858:13:MX_TIM4_Init	48	static
../Core/Src/main.c:911:13:MX_USB_OTG_FS_USB_Init	4	static
../Core/Src/main.c:932:13:MX_GPIO_Init	64	static
../Core/Src/main.c:1027:10:keyValue	40	static
../Core/Src/main.c:1101:6:Error_Handler	4	static,ignoring_inline_asm
