../Core/Src/main.c:112:5:main	64	static
../Core/Src/main.c:207:6:SystemClock_Config	96	static
../Core/Src/main.c:267:6:PeriphCommonClock_Config	160	static
../Core/Src/main.c:298:13:MX_ADC1_Init	32	static
../Core/Src/main.c:356:13:MX_CAN1_Init	8	static
../Core/Src/main.c:393:13:MX_COMP1_Init	8	static
../Core/Src/main.c:427:13:MX_COMP2_Init	8	static
../Core/Src/main.c:461:13:MX_I2C1_SMBUS_Init	8	static
../Core/Src/main.c:499:13:MX_I2C2_SMBUS_Init	8	static
../Core/Src/main.c:544:13:MX_LPUART1_UART_Init	8	static
../Core/Src/main.c:592:13:MX_USART2_UART_Init	8	static
../Core/Src/main.c:640:13:MX_USART3_UART_Init	8	static
../Core/Src/main.c:688:13:MX_SAI1_Init	8	static
../Core/Src/main.c:756:13:MX_SAI2_Init	8	static
../Core/Src/main.c:809:13:MX_SDMMC1_SD_Init	8	static
../Core/Src/main.c:841:13:MX_SPI1_Init	8	static
../Core/Src/main.c:881:13:MX_SPI3_Init	8	static
../Core/Src/main.c:921:13:MX_TIM1_Init	104	static
../Core/Src/main.c:1011:13:MX_TIM2_Init	48	static
../Core/Src/main.c:1064:13:MX_TIM3_Init	48	static
../Core/Src/main.c:1117:13:MX_TIM4_Init	48	static
../Core/Src/main.c:1170:13:MX_TIM15_Init	96	static
../Core/Src/main.c:1235:13:MX_USB_OTG_FS_USB_Init	4	static
../Core/Src/main.c:1256:13:MX_GPIO_Init	64	static
../Core/Src/main.c:1308:6:selectHall	16	static
../Core/Src/main.c:1359:6:Error_Handler	4	static,ignoring_inline_asm
