21:54:52 **** Incremental Build of configuration Debug for project motorDriving ****
make -j16 all 
arm-none-eabi-gcc "../Core/Src/main.c" -mcpu=cortex-m4 -std=gnu11 -g3 -DDEBUG -DUSE_HAL_DRIVER -DSTM32L4R5xx -c -I../Core/Inc -I../Drivers/STM32L4xx_HAL_Driver/Inc -I../Drivers/STM32L4xx_HAL_Driver/Inc/Legacy -I../Drivers/CMSIS/Device/ST/STM32L4xx/Include -I../Drivers/CMSIS/Include -O0 -ffunction-sections -fdata-sections -Wall -fstack-usage -MMD -MP -MF"Core/Src/main.d" -MT"Core/Src/main.o" --specs=nano.specs -mfpu=fpv4-sp-d16 -mfloat-abi=hard -mthumb -o "Core/Src/main.o"
../Core/Src/main.c: In function 'main':
../Core/Src/main.c:341:19: warning: format '%d' expects argument of type 'int', but argument 3 has type 'uint32_t' {aka 'long unsigned int'} [-Wformat=]
  341 |    sprintf(num, "%d\r", keyNum);
      |                  ~^     ~~~~~~
      |                   |     |
      |                   int   uint32_t {aka long unsigned int}
      |                  %ld
../Core/Src/main.c:353:9: warning: unused variable 'nextBoard' [-Wunused-variable]
  353 |    char nextBoard[8][8];
      |         ^~~~~~~~~
../Core/Src/main.c:419:9: warning: unused variable 'move' [-Wunused-variable]
  419 |    char move[5];
      |         ^~~~
../Core/Src/main.c:455:4: warning: implicit declaration of function 'executeInstruction' [-Wimplicit-function-declaration]
  455 |    executeInstruction(move, activeColor);
      |    ^~~~~~~~~~~~~~~~~~
arm-none-eabi-g++ -o "motorDriving.elf" @"objects.list"   -mcpu=cortex-m4 -T"C:\Users\Jeremy\Documents\W23\373\finalProject\AutomatedChess\motorDriving\STM32L4R5ZITXP_FLASH.ld" --specs=nosys.specs -Wl,-Map="motorDriving.map" -Wl,--gc-sections -static --specs=nano.specs -mfpu=fpv4-sp-d16 -mfloat-abi=hard -mthumb -Wl,--start-group -lc -lm -lstdc++ -lsupc++ -Wl,--end-group
Finished building target: motorDriving.elf
 
arm-none-eabi-size   motorDriving.elf 
arm-none-eabi-objdump -h -S  motorDriving.elf  > "motorDriving.list"
   text	   data	    bss	    dec	    hex	filename
  28224	   3920	   2480	  34624	   8740	motorDriving.elf
Finished building: default.size.stdout
 
Finished building: motorDriving.list
 
21:55:01 **** Incremental Build of configuration Debug for project motorDriving ****
make -j16 all 
arm-none-eabi-size   motorDriving.elf 
   text	   data	    bss	    dec	    hex	filename
  28224	   3920	   2480	  34624	   8740	motorDriving.elf
Finished building: default.size.stdout
 
21:57:02 **** Incremental Build of configuration Debug for project motorDriving ****
make -j16 all 
arm-none-eabi-size   motorDriving.elf 
   text	   data	    bss	    dec	    hex	filename
  28224	   3920	   2480	  34624	   8740	motorDriving.elf
Finished building: default.size.stdout
 
21:59:24 **** Incremental Build of configuration Debug for project motorDriving ****
make -j16 all 
arm-none-eabi-size   motorDriving.elf 
   text	   data	    bss	    dec	    hex	filename
  28224	   3920	   2480	  34624	   8740	motorDriving.elf
Finished building: default.size.stdout
 
23:19:38 **** Incremental Build of configuration Debug for project motorDriving ****
make -j16 all 
arm-none-eabi-size   motorDriving.elf 
   text	   data	    bss	    dec	    hex	filename
  28224	   3920	   2480	  34624	   8740	motorDriving.elf
Finished building: default.size.stdout
 
23:22:07 **** Incremental Build of configuration Debug for project motorDriving ****
make -j16 all 
arm-none-eabi-size   motorDriving.elf 
   text	   data	    bss	    dec	    hex	filename
  28224	   3920	   2480	  34624	   8740	motorDriving.elf
Finished building: default.size.stdout
 
23:25:53 **** Incremental Build of configuration Debug for project motorDriving ****
make -j16 all 
arm-none-eabi-size   motorDriving.elf 
   text	   data	    bss	    dec	    hex	filename
  28224	   3920	   2480	  34624	   8740	motorDriving.elf
Finished building: default.size.stdout
 
23:26:23 **** Incremental Build of configuration Debug for project motorDriving ****
make -j16 all 
arm-none-eabi-size   motorDriving.elf 
   text	   data	    bss	    dec	    hex	filename
  28224	   3920	   2480	  34624	   8740	motorDriving.elf
Finished building: default.size.stdout
 
23:27:09 **** Incremental Build of configuration Debug for project motorDriving ****
make -j16 all 
arm-none-eabi-size   motorDriving.elf 
   text	   data	    bss	    dec	    hex	filename
  28224	   3920	   2480	  34624	   8740	motorDriving.elf
Finished building: default.size.stdout
 
