04:02:09 **** Incremental Build of configuration Debug for project motorDriving ****
make -j16 all 
arm-none-eabi-gcc "../Core/Src/motorController.c" -mcpu=cortex-m4 -std=gnu11 -g3 -DDEBUG -DUSE_HAL_DRIVER -DSTM32L4R5xx -c -I../Core/Inc -I../Drivers/STM32L4xx_HAL_Driver/Inc -I../Drivers/STM32L4xx_HAL_Driver/Inc/Legacy -I../Drivers/CMSIS/Device/ST/STM32L4xx/Include -I../Drivers/CMSIS/Include -O0 -ffunction-sections -fdata-sections -Wall -fstack-usage -MMD -MP -MF"Core/Src/motorController.d" -MT"Core/Src/motorController.o" --specs=nano.specs -mfpu=fpv4-sp-d16 -mfloat-abi=hard -mthumb -o "Core/Src/motorController.o"
../Core/Src/motorController.c: In function 'convertToCoord':
../Core/Src/motorController.c:52:16: warning: implicit declaration of function 'atoi' [-Wimplicit-function-declaration]
   52 |  coord.y = (2*(atoi(&square[1])-1) + 1)*(smallLength/16.0);
      |                ^~~~
../Core/Src/motorController.c:55:3: warning: implicit declaration of function 'exit' [-Wimplicit-function-declaration]
   55 |   exit(1);
      |   ^~~~
../Core/Src/motorController.c:55:3: warning: incompatible implicit declaration of built-in function 'exit'
../Core/Src/motorController.c:3:1: note: include '<stdlib.h>' or provide a declaration of 'exit'
    2 | #include <stdio.h>
  +++ |+#include <stdlib.h>
    3 | 
../Core/Src/motorController.c: In function 'executeInstruction':
../Core/Src/motorController.c:113:2: warning: implicit declaration of function 'strncpy' [-Wimplicit-function-declaration]
  113 |  strncpy(square1, instructions, 2);
      |  ^~~~~~~
../Core/Src/motorController.c:113:2: warning: incompatible implicit declaration of built-in function 'strncpy'
../Core/Src/motorController.c:3:1: note: include '<string.h>' or provide a declaration of 'strncpy'
    2 | #include <stdio.h>
  +++ |+#include <string.h>
    3 | 
../Core/Src/motorController.c:118:5: warning: the address of 'square1' will always evaluate as 'true' [-Waddress]
  118 |  if(square1)
      |     ^~~~~~~
../Core/Src/motorController.c:119:1: error: expected expression before '}' token
  119 | }
      | ^
make: *** [Core/Src/subdir.mk:43: Core/Src/motorController.o] Error 1
"make -j16 all" terminated with exit code 2. Build might be incomplete.
17:00:04 **** Incremental Build of configuration Debug for project motorDriving ****
make -j16 all 
arm-none-eabi-gcc "../Core/Src/board.c" -mcpu=cortex-m4 -std=gnu11 -g3 -DDEBUG -DUSE_HAL_DRIVER -DSTM32L4R5xx -c -I../Core/Inc -I../Drivers/STM32L4xx_HAL_Driver/Inc -I../Drivers/STM32L4xx_HAL_Driver/Inc/Legacy -I../Drivers/CMSIS/Device/ST/STM32L4xx/Include -I../Drivers/CMSIS/Include -O0 -ffunction-sections -fdata-sections -Wall -fstack-usage -MMD -MP -MF"Core/Src/board.d" -MT"Core/Src/board.o" --specs=nano.specs -mfpu=fpv4-sp-d16 -mfloat-abi=hard -mthumb -o "Core/Src/board.o"
arm-none-eabi-gcc "../Core/Src/main.c" -mcpu=cortex-m4 -std=gnu11 -g3 -DDEBUG -DUSE_HAL_DRIVER -DSTM32L4R5xx -c -I../Core/Inc -I../Drivers/STM32L4xx_HAL_Driver/Inc -I../Drivers/STM32L4xx_HAL_Driver/Inc/Legacy -I../Drivers/CMSIS/Device/ST/STM32L4xx/Include -I../Drivers/CMSIS/Include -O0 -ffunction-sections -fdata-sections -Wall -fstack-usage -MMD -MP -MF"Core/Src/main.d" -MT"Core/Src/main.o" --specs=nano.specs -mfpu=fpv4-sp-d16 -mfloat-abi=hard -mthumb -o "Core/Src/main.o"
arm-none-eabi-gcc "../Core/Src/motorController.c" -mcpu=cortex-m4 -std=gnu11 -g3 -DDEBUG -DUSE_HAL_DRIVER -DSTM32L4R5xx -c -I../Core/Inc -I../Drivers/STM32L4xx_HAL_Driver/Inc -I../Drivers/STM32L4xx_HAL_Driver/Inc/Legacy -I../Drivers/CMSIS/Device/ST/STM32L4xx/Include -I../Drivers/CMSIS/Include -O0 -ffunction-sections -fdata-sections -Wall -fstack-usage -MMD -MP -MF"Core/Src/motorController.d" -MT"Core/Src/motorController.o" --specs=nano.specs -mfpu=fpv4-sp-d16 -mfloat-abi=hard -mthumb -o "Core/Src/motorController.o"
arm-none-eabi-gcc "../Core/Src/stm32l4xx_hal_msp.c" -mcpu=cortex-m4 -std=gnu11 -g3 -DDEBUG -DUSE_HAL_DRIVER -DSTM32L4R5xx -c -I../Core/Inc -I../Drivers/STM32L4xx_HAL_Driver/Inc -I../Drivers/STM32L4xx_HAL_Driver/Inc/Legacy -I../Drivers/CMSIS/Device/ST/STM32L4xx/Include -I../Drivers/CMSIS/Include -O0 -ffunction-sections -fdata-sections -Wall -fstack-usage -MMD -MP -MF"Core/Src/stm32l4xx_hal_msp.d" -MT"Core/Src/stm32l4xx_hal_msp.o" --specs=nano.specs -mfpu=fpv4-sp-d16 -mfloat-abi=hard -mthumb -o "Core/Src/stm32l4xx_hal_msp.o"
arm-none-eabi-gcc "../Core/Src/stm32l4xx_it.c" -mcpu=cortex-m4 -std=gnu11 -g3 -DDEBUG -DUSE_HAL_DRIVER -DSTM32L4R5xx -c -I../Core/Inc -I../Drivers/STM32L4xx_HAL_Driver/Inc -I../Drivers/STM32L4xx_HAL_Driver/Inc/Legacy -I../Drivers/CMSIS/Device/ST/STM32L4xx/Include -I../Drivers/CMSIS/Include -O0 -ffunction-sections -fdata-sections -Wall -fstack-usage -MMD -MP -MF"Core/Src/stm32l4xx_it.d" -MT"Core/Src/stm32l4xx_it.o" --specs=nano.specs -mfpu=fpv4-sp-d16 -mfloat-abi=hard -mthumb -o "Core/Src/stm32l4xx_it.o"
arm-none-eabi-gcc "../Core/Src/syscalls.c" -mcpu=cortex-m4 -std=gnu11 -g3 -DDEBUG -DUSE_HAL_DRIVER -DSTM32L4R5xx -c -I../Core/Inc -I../Drivers/STM32L4xx_HAL_Driver/Inc -I../Drivers/STM32L4xx_HAL_Driver/Inc/Legacy -I../Drivers/CMSIS/Device/ST/STM32L4xx/Include -I../Drivers/CMSIS/Include -O0 -ffunction-sections -fdata-sections -Wall -fstack-usage -MMD -MP -MF"Core/Src/syscalls.d" -MT"Core/Src/syscalls.o" --specs=nano.specs -mfpu=fpv4-sp-d16 -mfloat-abi=hard -mthumb -o "Core/Src/syscalls.o"
arm-none-eabi-gcc "../Core/Src/sysmem.c" -mcpu=cortex-m4 -std=gnu11 -g3 -DDEBUG -DUSE_HAL_DRIVER -DSTM32L4R5xx -c -I../Core/Inc -I../Drivers/STM32L4xx_HAL_Driver/Inc -I../Drivers/STM32L4xx_HAL_Driver/Inc/Legacy -I../Drivers/CMSIS/Device/ST/STM32L4xx/Include -I../Drivers/CMSIS/Include -O0 -ffunction-sections -fdata-sections -Wall -fstack-usage -MMD -MP -MF"Core/Src/sysmem.d" -MT"Core/Src/sysmem.o" --specs=nano.specs -mfpu=fpv4-sp-d16 -mfloat-abi=hard -mthumb -o "Core/Src/sysmem.o"
arm-none-eabi-gcc "../Core/Src/system_stm32l4xx.c" -mcpu=cortex-m4 -std=gnu11 -g3 -DDEBUG -DUSE_HAL_DRIVER -DSTM32L4R5xx -c -I../Core/Inc -I../Drivers/STM32L4xx_HAL_Driver/Inc -I../Drivers/STM32L4xx_HAL_Driver/Inc/Legacy -I../Drivers/CMSIS/Device/ST/STM32L4xx/Include -I../Drivers/CMSIS/Include -O0 -ffunction-sections -fdata-sections -Wall -fstack-usage -MMD -MP -MF"Core/Src/system_stm32l4xx.d" -MT"Core/Src/system_stm32l4xx.o" --specs=nano.specs -mfpu=fpv4-sp-d16 -mfloat-abi=hard -mthumb -o "Core/Src/system_stm32l4xx.o"
In file included from ../Core/Src/board.c:1:
../Core/Src/board.h:50:6: error: conflicting types for 'updateBoard'
   50 | void updateBoard(struct move change);
      |      ^~~~~~~~~~~
../Core/Src/board.h:47:6: note: previous declaration of 'updateBoard' was here
   47 | void updateBoard(char** newBoard);
      |      ^~~~~~~~~~~
../Core/Src/board.c: In function 'readNewBoard':
../Core/Src/board.c:5:17: warning: implicit declaration of function 'calloc' [-Wimplicit-function-declaration]
    5 |  char* values = calloc(8*8, sizeof(char));
      |                 ^~~~~~
../Core/Src/board.c:5:17: warning: incompatible implicit declaration of built-in function 'calloc'
../Core/Src/board.c:2:1: note: include '<stdlib.h>' or provide a declaration of 'calloc'
    1 | #include "board.h"
  +++ |+#include <stdlib.h>
    2 | 
../Core/Src/board.c:6:16: warning: implicit declaration of function 'malloc' [-Wimplicit-function-declaration]
    6 |  char** rows = malloc(8*sizeof(char*));
      |                ^~~~~~
../Core/Src/board.c:6:16: warning: incompatible implicit declaration of built-in function 'malloc'
../Core/Src/board.c:6:16: note: include '<stdlib.h>' or provide a declaration of 'malloc'
../Core/Src/board.c:5:8: warning: unused variable 'values' [-Wunused-variable]
    5 |  char* values = calloc(8*8, sizeof(char));
      |        ^~~~~~
make: *** [Core/Src/subdir.mk:40: Core/Src/board.o] Error 1
make: *** Waiting for unfinished jobs....
../Core/Src/main.c: In function 'main':
../Core/Src/main.c:113:21: warning: variable 'coord' set but not used [-Wunused-but-set-variable]
  113 |   struct coordinate coord = convertToCoord("A4");
      |                     ^~~~~
../Core/Src/motorController.c: In function 'convertToCoord':
../Core/Src/motorController.c:52:16: warning: implicit declaration of function 'atoi' [-Wimplicit-function-declaration]
   52 |  coord.y = (2*(atoi(&square[1])-1) + 1)*(smallLength/16.0);
      |                ^~~~
../Core/Src/motorController.c:55:3: warning: implicit declaration of function 'exit' [-Wimplicit-function-declaration]
   55 |   exit(1);
      |   ^~~~
../Core/Src/motorController.c:55:3: warning: incompatible implicit declaration of built-in function 'exit'
../Core/Src/motorController.c:3:1: note: include '<stdlib.h>' or provide a declaration of 'exit'
    2 | #include <stdio.h>
  +++ |+#include <stdlib.h>
    3 | 
"make -j16 all" terminated with exit code 2. Build might be incomplete.
17:05:07 **** Incremental Build of configuration Debug for project motorDriving ****
make -j16 all 
arm-none-eabi-gcc "../Core/Src/board.c" -mcpu=cortex-m4 -std=gnu11 -g3 -DDEBUG -DUSE_HAL_DRIVER -DSTM32L4R5xx -c -I../Core/Inc -I../Drivers/STM32L4xx_HAL_Driver/Inc -I../Drivers/STM32L4xx_HAL_Driver/Inc/Legacy -I../Drivers/CMSIS/Device/ST/STM32L4xx/Include -I../Drivers/CMSIS/Include -O0 -ffunction-sections -fdata-sections -Wall -fstack-usage -MMD -MP -MF"Core/Src/board.d" -MT"Core/Src/board.o" --specs=nano.specs -mfpu=fpv4-sp-d16 -mfloat-abi=hard -mthumb -o "Core/Src/board.o"
../Core/Src/board.c: In function 'readNewBoard':
../Core/Src/board.c:5:17: warning: implicit declaration of function 'calloc' [-Wimplicit-function-declaration]
    5 |  char* values = calloc(8*8, sizeof(char));
      |                 ^~~~~~
../Core/Src/board.c:5:17: warning: incompatible implicit declaration of built-in function 'calloc'
../Core/Src/board.c:2:1: note: include '<stdlib.h>' or provide a declaration of 'calloc'
    1 | #include "board.h"
  +++ |+#include <stdlib.h>
    2 | 
../Core/Src/board.c:6:16: warning: implicit declaration of function 'malloc' [-Wimplicit-function-declaration]
    6 |  char** rows = malloc(8*sizeof(char*));
      |                ^~~~~~
../Core/Src/board.c:6:16: warning: incompatible implicit declaration of built-in function 'malloc'
../Core/Src/board.c:6:16: note: include '<stdlib.h>' or provide a declaration of 'malloc'
../Core/Src/board.c:5:8: warning: unused variable 'values' [-Wunused-variable]
    5 |  char* values = calloc(8*8, sizeof(char));
      |        ^~~~~~
arm-none-eabi-g++ -o "motorDriving.elf" @"objects.list"   -mcpu=cortex-m4 -T"C:\Users\Jeremy\Documents\W23\373\finalProject\AutomatedChess\motorDriving\STM32L4R5ZITXP_FLASH.ld" --specs=nosys.specs -Wl,-Map="motorDriving.map" -Wl,--gc-sections -static --specs=nano.specs -mfpu=fpv4-sp-d16 -mfloat-abi=hard -mthumb -u _printf_float -Wl,--start-group -lc -lm -lstdc++ -lsupc++ -Wl,--end-group
Finished building target: motorDriving.elf
 
arm-none-eabi-size   motorDriving.elf 
arm-none-eabi-objdump -h -S  motorDriving.elf  > "motorDriving.list"
   text	   data	    bss	    dec	    hex	filename
  30556	    484	   1732	  32772	   8004	motorDriving.elf
Finished building: default.size.stdout
 
Finished building: motorDriving.list
 
20:12:19 **** Build of configuration Debug for project mux_test ****
make -j16 all 
arm-none-eabi-gcc "../Drivers/STM32L4xx_HAL_Driver/Src/stm32l4xx_hal.c" -mcpu=cortex-m4 -std=gnu11 -g3 -DDEBUG -DUSE_HAL_DRIVER -DSTM32L4R5xx -c -I../Core/Inc -I../Drivers/STM32L4xx_HAL_Driver/Inc -I../Drivers/STM32L4xx_HAL_Driver/Inc/Legacy -I../Drivers/CMSIS/Device/ST/STM32L4xx/Include -I../Drivers/CMSIS/Include -O0 -ffunction-sections -fdata-sections -Wall -fstack-usage -MMD -MP -MF"Drivers/STM32L4xx_HAL_Driver/Src/stm32l4xx_hal.d" -MT"Drivers/STM32L4xx_HAL_Driver/Src/stm32l4xx_hal.o" --specs=nano.specs -mfpu=fpv4-sp-d16 -mfloat-abi=hard -mthumb -o "Drivers/STM32L4xx_HAL_Driver/Src/stm32l4xx_hal.o"
arm-none-eabi-gcc "../Drivers/STM32L4xx_HAL_Driver/Src/stm32l4xx_hal_adc.c" -mcpu=cortex-m4 -std=gnu11 -g3 -DDEBUG -DUSE_HAL_DRIVER -DSTM32L4R5xx -c -I../Core/Inc -I../Drivers/STM32L4xx_HAL_Driver/Inc -I../Drivers/STM32L4xx_HAL_Driver/Inc/Legacy -I../Drivers/CMSIS/Device/ST/STM32L4xx/Include -I../Drivers/CMSIS/Include -O0 -ffunction-sections -fdata-sections -Wall -fstack-usage -MMD -MP -MF"Drivers/STM32L4xx_HAL_Driver/Src/stm32l4xx_hal_adc.d" -MT"Drivers/STM32L4xx_HAL_Driver/Src/stm32l4xx_hal_adc.o" --specs=nano.specs -mfpu=fpv4-sp-d16 -mfloat-abi=hard -mthumb -o "Drivers/STM32L4xx_HAL_Driver/Src/stm32l4xx_hal_adc.o"
arm-none-eabi-gcc "../Drivers/STM32L4xx_HAL_Driver/Src/stm32l4xx_hal_adc_ex.c" -mcpu=cortex-m4 -std=gnu11 -g3 -DDEBUG -DUSE_HAL_DRIVER -DSTM32L4R5xx -c -I../Core/Inc -I../Drivers/STM32L4xx_HAL_Driver/Inc -I../Drivers/STM32L4xx_HAL_Driver/Inc/Legacy -I../Drivers/CMSIS/Device/ST/STM32L4xx/Include -I../Drivers/CMSIS/Include -O0 -ffunction-sections -fdata-sections -Wall -fstack-usage -MMD -MP -MF"Drivers/STM32L4xx_HAL_Driver/Src/stm32l4xx_hal_adc_ex.d" -MT"Drivers/STM32L4xx_HAL_Driver/Src/stm32l4xx_hal_adc_ex.o" --specs=nano.specs -mfpu=fpv4-sp-d16 -mfloat-abi=hard -mthumb -o "Drivers/STM32L4xx_HAL_Driver/Src/stm32l4xx_hal_adc_ex.o"
arm-none-eabi-gcc "../Drivers/STM32L4xx_HAL_Driver/Src/stm32l4xx_hal_can.c" -mcpu=cortex-m4 -std=gnu11 -g3 -DDEBUG -DUSE_HAL_DRIVER -DSTM32L4R5xx -c -I../Core/Inc -I../Drivers/STM32L4xx_HAL_Driver/Inc -I../Drivers/STM32L4xx_HAL_Driver/Inc/Legacy -I../Drivers/CMSIS/Device/ST/STM32L4xx/Include -I../Drivers/CMSIS/Include -O0 -ffunction-sections -fdata-sections -Wall -fstack-usage -MMD -MP -MF"Drivers/STM32L4xx_HAL_Driver/Src/stm32l4xx_hal_can.d" -MT"Drivers/STM32L4xx_HAL_Driver/Src/stm32l4xx_hal_can.o" --specs=nano.specs -mfpu=fpv4-sp-d16 -mfloat-abi=hard -mthumb -o "Drivers/STM32L4xx_HAL_Driver/Src/stm32l4xx_hal_can.o"
arm-none-eabi-gcc "../Drivers/STM32L4xx_HAL_Driver/Src/stm32l4xx_hal_comp.c" -mcpu=cortex-m4 -std=gnu11 -g3 -DDEBUG -DUSE_HAL_DRIVER -DSTM32L4R5xx -c -I../Core/Inc -I../Drivers/STM32L4xx_HAL_Driver/Inc -I../Drivers/STM32L4xx_HAL_Driver/Inc/Legacy -I../Drivers/CMSIS/Device/ST/STM32L4xx/Include -I../Drivers/CMSIS/Include -O0 -ffunction-sections -fdata-sections -Wall -fstack-usage -MMD -MP -MF"Drivers/STM32L4xx_HAL_Driver/Src/stm32l4xx_hal_comp.d" -MT"Drivers/STM32L4xx_HAL_Driver/Src/stm32l4xx_hal_comp.o" --specs=nano.specs -mfpu=fpv4-sp-d16 -mfloat-abi=hard -mthumb -o "Drivers/STM32L4xx_HAL_Driver/Src/stm32l4xx_hal_comp.o"
arm-none-eabi-gcc "../Drivers/STM32L4xx_HAL_Driver/Src/stm32l4xx_hal_cortex.c" -mcpu=cortex-m4 -std=gnu11 -g3 -DDEBUG -DUSE_HAL_DRIVER -DSTM32L4R5xx -c -I../Core/Inc -I../Drivers/STM32L4xx_HAL_Driver/Inc -I../Drivers/STM32L4xx_HAL_Driver/Inc/Legacy -I../Drivers/CMSIS/Device/ST/STM32L4xx/Include -I../Drivers/CMSIS/Include -O0 -ffunction-sections -fdata-sections -Wall -fstack-usage -MMD -MP -MF"Drivers/STM32L4xx_HAL_Driver/Src/stm32l4xx_hal_cortex.d" -MT"Drivers/STM32L4xx_HAL_Driver/Src/stm32l4xx_hal_cortex.o" --specs=nano.specs -mfpu=fpv4-sp-d16 -mfloat-abi=hard -mthumb -o "Drivers/STM32L4xx_HAL_Driver/Src/stm32l4xx_hal_cortex.o"
arm-none-eabi-gcc "../Drivers/STM32L4xx_HAL_Driver/Src/stm32l4xx_hal_dma.c" -mcpu=cortex-m4 -std=gnu11 -g3 -DDEBUG -DUSE_HAL_DRIVER -DSTM32L4R5xx -c -I../Core/Inc -I../Drivers/STM32L4xx_HAL_Driver/Inc -I../Drivers/STM32L4xx_HAL_Driver/Inc/Legacy -I../Drivers/CMSIS/Device/ST/STM32L4xx/Include -I../Drivers/CMSIS/Include -O0 -ffunction-sections -fdata-sections -Wall -fstack-usage -MMD -MP -MF"Drivers/STM32L4xx_HAL_Driver/Src/stm32l4xx_hal_dma.d" -MT"Drivers/STM32L4xx_HAL_Driver/Src/stm32l4xx_hal_dma.o" --specs=nano.specs -mfpu=fpv4-sp-d16 -mfloat-abi=hard -mthumb -o "Drivers/STM32L4xx_HAL_Driver/Src/stm32l4xx_hal_dma.o"
arm-none-eabi-gcc "../Drivers/STM32L4xx_HAL_Driver/Src/stm32l4xx_hal_dma_ex.c" -mcpu=cortex-m4 -std=gnu11 -g3 -DDEBUG -DUSE_HAL_DRIVER -DSTM32L4R5xx -c -I../Core/Inc -I../Drivers/STM32L4xx_HAL_Driver/Inc -I../Drivers/STM32L4xx_HAL_Driver/Inc/Legacy -I../Drivers/CMSIS/Device/ST/STM32L4xx/Include -I../Drivers/CMSIS/Include -O0 -ffunction-sections -fdata-sections -Wall -fstack-usage -MMD -MP -MF"Drivers/STM32L4xx_HAL_Driver/Src/stm32l4xx_hal_dma_ex.d" -MT"Drivers/STM32L4xx_HAL_Driver/Src/stm32l4xx_hal_dma_ex.o" --specs=nano.specs -mfpu=fpv4-sp-d16 -mfloat-abi=hard -mthumb -o "Drivers/STM32L4xx_HAL_Driver/Src/stm32l4xx_hal_dma_ex.o"
arm-none-eabi-gcc "../Drivers/STM32L4xx_HAL_Driver/Src/stm32l4xx_hal_exti.c" -mcpu=cortex-m4 -std=gnu11 -g3 -DDEBUG -DUSE_HAL_DRIVER -DSTM32L4R5xx -c -I../Core/Inc -I../Drivers/STM32L4xx_HAL_Driver/Inc -I../Drivers/STM32L4xx_HAL_Driver/Inc/Legacy -I../Drivers/CMSIS/Device/ST/STM32L4xx/Include -I../Drivers/CMSIS/Include -O0 -ffunction-sections -fdata-sections -Wall -fstack-usage -MMD -MP -MF"Drivers/STM32L4xx_HAL_Driver/Src/stm32l4xx_hal_exti.d" -MT"Drivers/STM32L4xx_HAL_Driver/Src/stm32l4xx_hal_exti.o" --specs=nano.specs -mfpu=fpv4-sp-d16 -mfloat-abi=hard -mthumb -o "Drivers/STM32L4xx_HAL_Driver/Src/stm32l4xx_hal_exti.o"
arm-none-eabi-gcc "../Drivers/STM32L4xx_HAL_Driver/Src/stm32l4xx_hal_flash.c" -mcpu=cortex-m4 -std=gnu11 -g3 -DDEBUG -DUSE_HAL_DRIVER -DSTM32L4R5xx -c -I../Core/Inc -I../Drivers/STM32L4xx_HAL_Driver/Inc -I../Drivers/STM32L4xx_HAL_Driver/Inc/Legacy -I../Drivers/CMSIS/Device/ST/STM32L4xx/Include -I../Drivers/CMSIS/Include -O0 -ffunction-sections -fdata-sections -Wall -fstack-usage -MMD -MP -MF"Drivers/STM32L4xx_HAL_Driver/Src/stm32l4xx_hal_flash.d" -MT"Drivers/STM32L4xx_HAL_Driver/Src/stm32l4xx_hal_flash.o" --specs=nano.specs -mfpu=fpv4-sp-d16 -mfloat-abi=hard -mthumb -o "Drivers/STM32L4xx_HAL_Driver/Src/stm32l4xx_hal_flash.o"
arm-none-eabi-gcc "../Drivers/STM32L4xx_HAL_Driver/Src/stm32l4xx_hal_flash_ex.c" -mcpu=cortex-m4 -std=gnu11 -g3 -DDEBUG -DUSE_HAL_DRIVER -DSTM32L4R5xx -c -I../Core/Inc -I../Drivers/STM32L4xx_HAL_Driver/Inc -I../Drivers/STM32L4xx_HAL_Driver/Inc/Legacy -I../Drivers/CMSIS/Device/ST/STM32L4xx/Include -I../Drivers/CMSIS/Include -O0 -ffunction-sections -fdata-sections -Wall -fstack-usage -MMD -MP -MF"Drivers/STM32L4xx_HAL_Driver/Src/stm32l4xx_hal_flash_ex.d" -MT"Drivers/STM32L4xx_HAL_Driver/Src/stm32l4xx_hal_flash_ex.o" --specs=nano.specs -mfpu=fpv4-sp-d16 -mfloat-abi=hard -mthumb -o "Drivers/STM32L4xx_HAL_Driver/Src/stm32l4xx_hal_flash_ex.o"
arm-none-eabi-gcc "../Drivers/STM32L4xx_HAL_Driver/Src/stm32l4xx_hal_flash_ramfunc.c" -mcpu=cortex-m4 -std=gnu11 -g3 -DDEBUG -DUSE_HAL_DRIVER -DSTM32L4R5xx -c -I../Core/Inc -I../Drivers/STM32L4xx_HAL_Driver/Inc -I../Drivers/STM32L4xx_HAL_Driver/Inc/Legacy -I../Drivers/CMSIS/Device/ST/STM32L4xx/Include -I../Drivers/CMSIS/Include -O0 -ffunction-sections -fdata-sections -Wall -fstack-usage -MMD -MP -MF"Drivers/STM32L4xx_HAL_Driver/Src/stm32l4xx_hal_flash_ramfunc.d" -MT"Drivers/STM32L4xx_HAL_Driver/Src/stm32l4xx_hal_flash_ramfunc.o" --specs=nano.specs -mfpu=fpv4-sp-d16 -mfloat-abi=hard -mthumb -o "Drivers/STM32L4xx_HAL_Driver/Src/stm32l4xx_hal_flash_ramfunc.o"
arm-none-eabi-gcc "../Drivers/STM32L4xx_HAL_Driver/Src/stm32l4xx_hal_gpio.c" -mcpu=cortex-m4 -std=gnu11 -g3 -DDEBUG -DUSE_HAL_DRIVER -DSTM32L4R5xx -c -I../Core/Inc -I../Drivers/STM32L4xx_HAL_Driver/Inc -I../Drivers/STM32L4xx_HAL_Driver/Inc/Legacy -I../Drivers/CMSIS/Device/ST/STM32L4xx/Include -I../Drivers/CMSIS/Include -O0 -ffunction-sections -fdata-sections -Wall -fstack-usage -MMD -MP -MF"Drivers/STM32L4xx_HAL_Driver/Src/stm32l4xx_hal_gpio.d" -MT"Drivers/STM32L4xx_HAL_Driver/Src/stm32l4xx_hal_gpio.o" --specs=nano.specs -mfpu=fpv4-sp-d16 -mfloat-abi=hard -mthumb -o "Drivers/STM32L4xx_HAL_Driver/Src/stm32l4xx_hal_gpio.o"
arm-none-eabi-gcc "../Drivers/STM32L4xx_HAL_Driver/Src/stm32l4xx_hal_i2c.c" -mcpu=cortex-m4 -std=gnu11 -g3 -DDEBUG -DUSE_HAL_DRIVER -DSTM32L4R5xx -c -I../Core/Inc -I../Drivers/STM32L4xx_HAL_Driver/Inc -I../Drivers/STM32L4xx_HAL_Driver/Inc/Legacy -I../Drivers/CMSIS/Device/ST/STM32L4xx/Include -I../Drivers/CMSIS/Include -O0 -ffunction-sections -fdata-sections -Wall -fstack-usage -MMD -MP -MF"Drivers/STM32L4xx_HAL_Driver/Src/stm32l4xx_hal_i2c.d" -MT"Drivers/STM32L4xx_HAL_Driver/Src/stm32l4xx_hal_i2c.o" --specs=nano.specs -mfpu=fpv4-sp-d16 -mfloat-abi=hard -mthumb -o "Drivers/STM32L4xx_HAL_Driver/Src/stm32l4xx_hal_i2c.o"
arm-none-eabi-gcc "../Drivers/STM32L4xx_HAL_Driver/Src/stm32l4xx_hal_i2c_ex.c" -mcpu=cortex-m4 -std=gnu11 -g3 -DDEBUG -DUSE_HAL_DRIVER -DSTM32L4R5xx -c -I../Core/Inc -I../Drivers/STM32L4xx_HAL_Driver/Inc -I../Drivers/STM32L4xx_HAL_Driver/Inc/Legacy -I../Drivers/CMSIS/Device/ST/STM32L4xx/Include -I../Drivers/CMSIS/Include -O0 -ffunction-sections -fdata-sections -Wall -fstack-usage -MMD -MP -MF"Drivers/STM32L4xx_HAL_Driver/Src/stm32l4xx_hal_i2c_ex.d" -MT"Drivers/STM32L4xx_HAL_Driver/Src/stm32l4xx_hal_i2c_ex.o" --specs=nano.specs -mfpu=fpv4-sp-d16 -mfloat-abi=hard -mthumb -o "Drivers/STM32L4xx_HAL_Driver/Src/stm32l4xx_hal_i2c_ex.o"
arm-none-eabi-gcc "../Drivers/STM32L4xx_HAL_Driver/Src/stm32l4xx_hal_pwr.c" -mcpu=cortex-m4 -std=gnu11 -g3 -DDEBUG -DUSE_HAL_DRIVER -DSTM32L4R5xx -c -I../Core/Inc -I../Drivers/STM32L4xx_HAL_Driver/Inc -I../Drivers/STM32L4xx_HAL_Driver/Inc/Legacy -I../Drivers/CMSIS/Device/ST/STM32L4xx/Include -I../Drivers/CMSIS/Include -O0 -ffunction-sections -fdata-sections -Wall -fstack-usage -MMD -MP -MF"Drivers/STM32L4xx_HAL_Driver/Src/stm32l4xx_hal_pwr.d" -MT"Drivers/STM32L4xx_HAL_Driver/Src/stm32l4xx_hal_pwr.o" --specs=nano.specs -mfpu=fpv4-sp-d16 -mfloat-abi=hard -mthumb -o "Drivers/STM32L4xx_HAL_Driver/Src/stm32l4xx_hal_pwr.o"
arm-none-eabi-gcc "../Drivers/STM32L4xx_HAL_Driver/Src/stm32l4xx_hal_pwr_ex.c" -mcpu=cortex-m4 -std=gnu11 -g3 -DDEBUG -DUSE_HAL_DRIVER -DSTM32L4R5xx -c -I../Core/Inc -I../Drivers/STM32L4xx_HAL_Driver/Inc -I../Drivers/STM32L4xx_HAL_Driver/Inc/Legacy -I../Drivers/CMSIS/Device/ST/STM32L4xx/Include -I../Drivers/CMSIS/Include -O0 -ffunction-sections -fdata-sections -Wall -fstack-usage -MMD -MP -MF"Drivers/STM32L4xx_HAL_Driver/Src/stm32l4xx_hal_pwr_ex.d" -MT"Drivers/STM32L4xx_HAL_Driver/Src/stm32l4xx_hal_pwr_ex.o" --specs=nano.specs -mfpu=fpv4-sp-d16 -mfloat-abi=hard -mthumb -o "Drivers/STM32L4xx_HAL_Driver/Src/stm32l4xx_hal_pwr_ex.o"
arm-none-eabi-gcc "../Drivers/STM32L4xx_HAL_Driver/Src/stm32l4xx_hal_rcc.c" -mcpu=cortex-m4 -std=gnu11 -g3 -DDEBUG -DUSE_HAL_DRIVER -DSTM32L4R5xx -c -I../Core/Inc -I../Drivers/STM32L4xx_HAL_Driver/Inc -I../Drivers/STM32L4xx_HAL_Driver/Inc/Legacy -I../Drivers/CMSIS/Device/ST/STM32L4xx/Include -I../Drivers/CMSIS/Include -O0 -ffunction-sections -fdata-sections -Wall -fstack-usage -MMD -MP -MF"Drivers/STM32L4xx_HAL_Driver/Src/stm32l4xx_hal_rcc.d" -MT"Drivers/STM32L4xx_HAL_Driver/Src/stm32l4xx_hal_rcc.o" --specs=nano.specs -mfpu=fpv4-sp-d16 -mfloat-abi=hard -mthumb -o "Drivers/STM32L4xx_HAL_Driver/Src/stm32l4xx_hal_rcc.o"
arm-none-eabi-gcc "../Drivers/STM32L4xx_HAL_Driver/Src/stm32l4xx_hal_rcc_ex.c" -mcpu=cortex-m4 -std=gnu11 -g3 -DDEBUG -DUSE_HAL_DRIVER -DSTM32L4R5xx -c -I../Core/Inc -I../Drivers/STM32L4xx_HAL_Driver/Inc -I../Drivers/STM32L4xx_HAL_Driver/Inc/Legacy -I../Drivers/CMSIS/Device/ST/STM32L4xx/Include -I../Drivers/CMSIS/Include -O0 -ffunction-sections -fdata-sections -Wall -fstack-usage -MMD -MP -MF"Drivers/STM32L4xx_HAL_Driver/Src/stm32l4xx_hal_rcc_ex.d" -MT"Drivers/STM32L4xx_HAL_Driver/Src/stm32l4xx_hal_rcc_ex.o" --specs=nano.specs -mfpu=fpv4-sp-d16 -mfloat-abi=hard -mthumb -o "Drivers/STM32L4xx_HAL_Driver/Src/stm32l4xx_hal_rcc_ex.o"
arm-none-eabi-gcc "../Drivers/STM32L4xx_HAL_Driver/Src/stm32l4xx_hal_sai.c" -mcpu=cortex-m4 -std=gnu11 -g3 -DDEBUG -DUSE_HAL_DRIVER -DSTM32L4R5xx -c -I../Core/Inc -I../Drivers/STM32L4xx_HAL_Driver/Inc -I../Drivers/STM32L4xx_HAL_Driver/Inc/Legacy -I../Drivers/CMSIS/Device/ST/STM32L4xx/Include -I../Drivers/CMSIS/Include -O0 -ffunction-sections -fdata-sections -Wall -fstack-usage -MMD -MP -MF"Drivers/STM32L4xx_HAL_Driver/Src/stm32l4xx_hal_sai.d" -MT"Drivers/STM32L4xx_HAL_Driver/Src/stm32l4xx_hal_sai.o" --specs=nano.specs -mfpu=fpv4-sp-d16 -mfloat-abi=hard -mthumb -o "Drivers/STM32L4xx_HAL_Driver/Src/stm32l4xx_hal_sai.o"
arm-none-eabi-gcc "../Drivers/STM32L4xx_HAL_Driver/Src/stm32l4xx_hal_sai_ex.c" -mcpu=cortex-m4 -std=gnu11 -g3 -DDEBUG -DUSE_HAL_DRIVER -DSTM32L4R5xx -c -I../Core/Inc -I../Drivers/STM32L4xx_HAL_Driver/Inc -I../Drivers/STM32L4xx_HAL_Driver/Inc/Legacy -I../Drivers/CMSIS/Device/ST/STM32L4xx/Include -I../Drivers/CMSIS/Include -O0 -ffunction-sections -fdata-sections -Wall -fstack-usage -MMD -MP -MF"Drivers/STM32L4xx_HAL_Driver/Src/stm32l4xx_hal_sai_ex.d" -MT"Drivers/STM32L4xx_HAL_Driver/Src/stm32l4xx_hal_sai_ex.o" --specs=nano.specs -mfpu=fpv4-sp-d16 -mfloat-abi=hard -mthumb -o "Drivers/STM32L4xx_HAL_Driver/Src/stm32l4xx_hal_sai_ex.o"
arm-none-eabi-gcc "../Drivers/STM32L4xx_HAL_Driver/Src/stm32l4xx_hal_sd.c" -mcpu=cortex-m4 -std=gnu11 -g3 -DDEBUG -DUSE_HAL_DRIVER -DSTM32L4R5xx -c -I../Core/Inc -I../Drivers/STM32L4xx_HAL_Driver/Inc -I../Drivers/STM32L4xx_HAL_Driver/Inc/Legacy -I../Drivers/CMSIS/Device/ST/STM32L4xx/Include -I../Drivers/CMSIS/Include -O0 -ffunction-sections -fdata-sections -Wall -fstack-usage -MMD -MP -MF"Drivers/STM32L4xx_HAL_Driver/Src/stm32l4xx_hal_sd.d" -MT"Drivers/STM32L4xx_HAL_Driver/Src/stm32l4xx_hal_sd.o" --specs=nano.specs -mfpu=fpv4-sp-d16 -mfloat-abi=hard -mthumb -o "Drivers/STM32L4xx_HAL_Driver/Src/stm32l4xx_hal_sd.o"
arm-none-eabi-gcc "../Drivers/STM32L4xx_HAL_Driver/Src/stm32l4xx_hal_sd_ex.c" -mcpu=cortex-m4 -std=gnu11 -g3 -DDEBUG -DUSE_HAL_DRIVER -DSTM32L4R5xx -c -I../Core/Inc -I../Drivers/STM32L4xx_HAL_Driver/Inc -I../Drivers/STM32L4xx_HAL_Driver/Inc/Legacy -I../Drivers/CMSIS/Device/ST/STM32L4xx/Include -I../Drivers/CMSIS/Include -O0 -ffunction-sections -fdata-sections -Wall -fstack-usage -MMD -MP -MF"Drivers/STM32L4xx_HAL_Driver/Src/stm32l4xx_hal_sd_ex.d" -MT"Drivers/STM32L4xx_HAL_Driver/Src/stm32l4xx_hal_sd_ex.o" --specs=nano.specs -mfpu=fpv4-sp-d16 -mfloat-abi=hard -mthumb -o "Drivers/STM32L4xx_HAL_Driver/Src/stm32l4xx_hal_sd_ex.o"
arm-none-eabi-gcc "../Drivers/STM32L4xx_HAL_Driver/Src/stm32l4xx_hal_smbus.c" -mcpu=cortex-m4 -std=gnu11 -g3 -DDEBUG -DUSE_HAL_DRIVER -DSTM32L4R5xx -c -I../Core/Inc -I../Drivers/STM32L4xx_HAL_Driver/Inc -I../Drivers/STM32L4xx_HAL_Driver/Inc/Legacy -I../Drivers/CMSIS/Device/ST/STM32L4xx/Include -I../Drivers/CMSIS/Include -O0 -ffunction-sections -fdata-sections -Wall -fstack-usage -MMD -MP -MF"Drivers/STM32L4xx_HAL_Driver/Src/stm32l4xx_hal_smbus.d" -MT"Drivers/STM32L4xx_HAL_Driver/Src/stm32l4xx_hal_smbus.o" --specs=nano.specs -mfpu=fpv4-sp-d16 -mfloat-abi=hard -mthumb -o "Drivers/STM32L4xx_HAL_Driver/Src/stm32l4xx_hal_smbus.o"
arm-none-eabi-gcc "../Drivers/STM32L4xx_HAL_Driver/Src/stm32l4xx_hal_smbus_ex.c" -mcpu=cortex-m4 -std=gnu11 -g3 -DDEBUG -DUSE_HAL_DRIVER -DSTM32L4R5xx -c -I../Core/Inc -I../Drivers/STM32L4xx_HAL_Driver/Inc -I../Drivers/STM32L4xx_HAL_Driver/Inc/Legacy -I../Drivers/CMSIS/Device/ST/STM32L4xx/Include -I../Drivers/CMSIS/Include -O0 -ffunction-sections -fdata-sections -Wall -fstack-usage -MMD -MP -MF"Drivers/STM32L4xx_HAL_Driver/Src/stm32l4xx_hal_smbus_ex.d" -MT"Drivers/STM32L4xx_HAL_Driver/Src/stm32l4xx_hal_smbus_ex.o" --specs=nano.specs -mfpu=fpv4-sp-d16 -mfloat-abi=hard -mthumb -o "Drivers/STM32L4xx_HAL_Driver/Src/stm32l4xx_hal_smbus_ex.o"
arm-none-eabi-gcc "../Drivers/STM32L4xx_HAL_Driver/Src/stm32l4xx_hal_spi.c" -mcpu=cortex-m4 -std=gnu11 -g3 -DDEBUG -DUSE_HAL_DRIVER -DSTM32L4R5xx -c -I../Core/Inc -I../Drivers/STM32L4xx_HAL_Driver/Inc -I../Drivers/STM32L4xx_HAL_Driver/Inc/Legacy -I../Drivers/CMSIS/Device/ST/STM32L4xx/Include -I../Drivers/CMSIS/Include -O0 -ffunction-sections -fdata-sections -Wall -fstack-usage -MMD -MP -MF"Drivers/STM32L4xx_HAL_Driver/Src/stm32l4xx_hal_spi.d" -MT"Drivers/STM32L4xx_HAL_Driver/Src/stm32l4xx_hal_spi.o" --specs=nano.specs -mfpu=fpv4-sp-d16 -mfloat-abi=hard -mthumb -o "Drivers/STM32L4xx_HAL_Driver/Src/stm32l4xx_hal_spi.o"
arm-none-eabi-gcc "../Drivers/STM32L4xx_HAL_Driver/Src/stm32l4xx_hal_spi_ex.c" -mcpu=cortex-m4 -std=gnu11 -g3 -DDEBUG -DUSE_HAL_DRIVER -DSTM32L4R5xx -c -I../Core/Inc -I../Drivers/STM32L4xx_HAL_Driver/Inc -I../Drivers/STM32L4xx_HAL_Driver/Inc/Legacy -I../Drivers/CMSIS/Device/ST/STM32L4xx/Include -I../Drivers/CMSIS/Include -O0 -ffunction-sections -fdata-sections -Wall -fstack-usage -MMD -MP -MF"Drivers/STM32L4xx_HAL_Driver/Src/stm32l4xx_hal_spi_ex.d" -MT"Drivers/STM32L4xx_HAL_Driver/Src/stm32l4xx_hal_spi_ex.o" --specs=nano.specs -mfpu=fpv4-sp-d16 -mfloat-abi=hard -mthumb -o "Drivers/STM32L4xx_HAL_Driver/Src/stm32l4xx_hal_spi_ex.o"
arm-none-eabi-gcc "../Drivers/STM32L4xx_HAL_Driver/Src/stm32l4xx_hal_tim.c" -mcpu=cortex-m4 -std=gnu11 -g3 -DDEBUG -DUSE_HAL_DRIVER -DSTM32L4R5xx -c -I../Core/Inc -I../Drivers/STM32L4xx_HAL_Driver/Inc -I../Drivers/STM32L4xx_HAL_Driver/Inc/Legacy -I../Drivers/CMSIS/Device/ST/STM32L4xx/Include -I../Drivers/CMSIS/Include -O0 -ffunction-sections -fdata-sections -Wall -fstack-usage -MMD -MP -MF"Drivers/STM32L4xx_HAL_Driver/Src/stm32l4xx_hal_tim.d" -MT"Drivers/STM32L4xx_HAL_Driver/Src/stm32l4xx_hal_tim.o" --specs=nano.specs -mfpu=fpv4-sp-d16 -mfloat-abi=hard -mthumb -o "Drivers/STM32L4xx_HAL_Driver/Src/stm32l4xx_hal_tim.o"
arm-none-eabi-gcc "../Drivers/STM32L4xx_HAL_Driver/Src/stm32l4xx_hal_tim_ex.c" -mcpu=cortex-m4 -std=gnu11 -g3 -DDEBUG -DUSE_HAL_DRIVER -DSTM32L4R5xx -c -I../Core/Inc -I../Drivers/STM32L4xx_HAL_Driver/Inc -I../Drivers/STM32L4xx_HAL_Driver/Inc/Legacy -I../Drivers/CMSIS/Device/ST/STM32L4xx/Include -I../Drivers/CMSIS/Include -O0 -ffunction-sections -fdata-sections -Wall -fstack-usage -MMD -MP -MF"Drivers/STM32L4xx_HAL_Driver/Src/stm32l4xx_hal_tim_ex.d" -MT"Drivers/STM32L4xx_HAL_Driver/Src/stm32l4xx_hal_tim_ex.o" --specs=nano.specs -mfpu=fpv4-sp-d16 -mfloat-abi=hard -mthumb -o "Drivers/STM32L4xx_HAL_Driver/Src/stm32l4xx_hal_tim_ex.o"
arm-none-eabi-gcc "../Drivers/STM32L4xx_HAL_Driver/Src/stm32l4xx_hal_uart.c" -mcpu=cortex-m4 -std=gnu11 -g3 -DDEBUG -DUSE_HAL_DRIVER -DSTM32L4R5xx -c -I../Core/Inc -I../Drivers/STM32L4xx_HAL_Driver/Inc -I../Drivers/STM32L4xx_HAL_Driver/Inc/Legacy -I../Drivers/CMSIS/Device/ST/STM32L4xx/Include -I../Drivers/CMSIS/Include -O0 -ffunction-sections -fdata-sections -Wall -fstack-usage -MMD -MP -MF"Drivers/STM32L4xx_HAL_Driver/Src/stm32l4xx_hal_uart.d" -MT"Drivers/STM32L4xx_HAL_Driver/Src/stm32l4xx_hal_uart.o" --specs=nano.specs -mfpu=fpv4-sp-d16 -mfloat-abi=hard -mthumb -o "Drivers/STM32L4xx_HAL_Driver/Src/stm32l4xx_hal_uart.o"
arm-none-eabi-gcc "../Drivers/STM32L4xx_HAL_Driver/Src/stm32l4xx_hal_uart_ex.c" -mcpu=cortex-m4 -std=gnu11 -g3 -DDEBUG -DUSE_HAL_DRIVER -DSTM32L4R5xx -c -I../Core/Inc -I../Drivers/STM32L4xx_HAL_Driver/Inc -I../Drivers/STM32L4xx_HAL_Driver/Inc/Legacy -I../Drivers/CMSIS/Device/ST/STM32L4xx/Include -I../Drivers/CMSIS/Include -O0 -ffunction-sections -fdata-sections -Wall -fstack-usage -MMD -MP -MF"Drivers/STM32L4xx_HAL_Driver/Src/stm32l4xx_hal_uart_ex.d" -MT"Drivers/STM32L4xx_HAL_Driver/Src/stm32l4xx_hal_uart_ex.o" --specs=nano.specs -mfpu=fpv4-sp-d16 -mfloat-abi=hard -mthumb -o "Drivers/STM32L4xx_HAL_Driver/Src/stm32l4xx_hal_uart_ex.o"
arm-none-eabi-gcc "../Drivers/STM32L4xx_HAL_Driver/Src/stm32l4xx_ll_sdmmc.c" -mcpu=cortex-m4 -std=gnu11 -g3 -DDEBUG -DUSE_HAL_DRIVER -DSTM32L4R5xx -c -I../Core/Inc -I../Drivers/STM32L4xx_HAL_Driver/Inc -I../Drivers/STM32L4xx_HAL_Driver/Inc/Legacy -I../Drivers/CMSIS/Device/ST/STM32L4xx/Include -I../Drivers/CMSIS/Include -O0 -ffunction-sections -fdata-sections -Wall -fstack-usage -MMD -MP -MF"Drivers/STM32L4xx_HAL_Driver/Src/stm32l4xx_ll_sdmmc.d" -MT"Drivers/STM32L4xx_HAL_Driver/Src/stm32l4xx_ll_sdmmc.o" --specs=nano.specs -mfpu=fpv4-sp-d16 -mfloat-abi=hard -mthumb -o "Drivers/STM32L4xx_HAL_Driver/Src/stm32l4xx_ll_sdmmc.o"
arm-none-eabi-gcc -mcpu=cortex-m4 -g3 -DDEBUG -c -x assembler-with-cpp -MMD -MP -MF"Core/Startup/startup_stm32l4r5zitxp.d" -MT"Core/Startup/startup_stm32l4r5zitxp.o" --specs=nano.specs -mfpu=fpv4-sp-d16 -mfloat-abi=hard -mthumb -o "Core/Startup/startup_stm32l4r5zitxp.o" "../Core/Startup/startup_stm32l4r5zitxp.s"
arm-none-eabi-gcc "../Core/Src/main.c" -mcpu=cortex-m4 -std=gnu11 -g3 -DDEBUG -DUSE_HAL_DRIVER -DSTM32L4R5xx -c -I../Core/Inc -I../Drivers/STM32L4xx_HAL_Driver/Inc -I../Drivers/STM32L4xx_HAL_Driver/Inc/Legacy -I../Drivers/CMSIS/Device/ST/STM32L4xx/Include -I../Drivers/CMSIS/Include -O0 -ffunction-sections -fdata-sections -Wall -fstack-usage -MMD -MP -MF"Core/Src/main.d" -MT"Core/Src/main.o" --specs=nano.specs -mfpu=fpv4-sp-d16 -mfloat-abi=hard -mthumb -o "Core/Src/main.o"
arm-none-eabi-gcc "../Core/Src/stm32l4xx_hal_msp.c" -mcpu=cortex-m4 -std=gnu11 -g3 -DDEBUG -DUSE_HAL_DRIVER -DSTM32L4R5xx -c -I../Core/Inc -I../Drivers/STM32L4xx_HAL_Driver/Inc -I../Drivers/STM32L4xx_HAL_Driver/Inc/Legacy -I../Drivers/CMSIS/Device/ST/STM32L4xx/Include -I../Drivers/CMSIS/Include -O0 -ffunction-sections -fdata-sections -Wall -fstack-usage -MMD -MP -MF"Core/Src/stm32l4xx_hal_msp.d" -MT"Core/Src/stm32l4xx_hal_msp.o" --specs=nano.specs -mfpu=fpv4-sp-d16 -mfloat-abi=hard -mthumb -o "Core/Src/stm32l4xx_hal_msp.o"
arm-none-eabi-gcc "../Core/Src/stm32l4xx_it.c" -mcpu=cortex-m4 -std=gnu11 -g3 -DDEBUG -DUSE_HAL_DRIVER -DSTM32L4R5xx -c -I../Core/Inc -I../Drivers/STM32L4xx_HAL_Driver/Inc -I../Drivers/STM32L4xx_HAL_Driver/Inc/Legacy -I../Drivers/CMSIS/Device/ST/STM32L4xx/Include -I../Drivers/CMSIS/Include -O0 -ffunction-sections -fdata-sections -Wall -fstack-usage -MMD -MP -MF"Core/Src/stm32l4xx_it.d" -MT"Core/Src/stm32l4xx_it.o" --specs=nano.specs -mfpu=fpv4-sp-d16 -mfloat-abi=hard -mthumb -o "Core/Src/stm32l4xx_it.o"
arm-none-eabi-gcc "../Core/Src/syscalls.c" -mcpu=cortex-m4 -std=gnu11 -g3 -DDEBUG -DUSE_HAL_DRIVER -DSTM32L4R5xx -c -I../Core/Inc -I../Drivers/STM32L4xx_HAL_Driver/Inc -I../Drivers/STM32L4xx_HAL_Driver/Inc/Legacy -I../Drivers/CMSIS/Device/ST/STM32L4xx/Include -I../Drivers/CMSIS/Include -O0 -ffunction-sections -fdata-sections -Wall -fstack-usage -MMD -MP -MF"Core/Src/syscalls.d" -MT"Core/Src/syscalls.o" --specs=nano.specs -mfpu=fpv4-sp-d16 -mfloat-abi=hard -mthumb -o "Core/Src/syscalls.o"
arm-none-eabi-gcc "../Core/Src/sysmem.c" -mcpu=cortex-m4 -std=gnu11 -g3 -DDEBUG -DUSE_HAL_DRIVER -DSTM32L4R5xx -c -I../Core/Inc -I../Drivers/STM32L4xx_HAL_Driver/Inc -I../Drivers/STM32L4xx_HAL_Driver/Inc/Legacy -I../Drivers/CMSIS/Device/ST/STM32L4xx/Include -I../Drivers/CMSIS/Include -O0 -ffunction-sections -fdata-sections -Wall -fstack-usage -MMD -MP -MF"Core/Src/sysmem.d" -MT"Core/Src/sysmem.o" --specs=nano.specs -mfpu=fpv4-sp-d16 -mfloat-abi=hard -mthumb -o "Core/Src/sysmem.o"
arm-none-eabi-gcc "../Core/Src/system_stm32l4xx.c" -mcpu=cortex-m4 -std=gnu11 -g3 -DDEBUG -DUSE_HAL_DRIVER -DSTM32L4R5xx -c -I../Core/Inc -I../Drivers/STM32L4xx_HAL_Driver/Inc -I../Drivers/STM32L4xx_HAL_Driver/Inc/Legacy -I../Drivers/CMSIS/Device/ST/STM32L4xx/Include -I../Drivers/CMSIS/Include -O0 -ffunction-sections -fdata-sections -Wall -fstack-usage -MMD -MP -MF"Core/Src/system_stm32l4xx.d" -MT"Core/Src/system_stm32l4xx.o" --specs=nano.specs -mfpu=fpv4-sp-d16 -mfloat-abi=hard -mthumb -o "Core/Src/system_stm32l4xx.o"
../Core/Src/main.c: In function 'main':
../Core/Src/main.c:161:12: warning: variable 'ADC_VAL' set but not used [-Wunused-but-set-variable]
  161 |   uint32_t ADC_VAL = 0;
      |            ^~~~~~~
At top level:
../Core/Src/main.c:803:13: warning: 'MX_SDMMC1_SD_Init' defined but not used [-Wunused-function]
  803 | static void MX_SDMMC1_SD_Init(void)
      |             ^~~~~~~~~~~~~~~~~
arm-none-eabi-gcc -o "mux_test.elf" @"objects.list"   -mcpu=cortex-m4 -T"C:\Users\Jeremy\Documents\W23\373\finalProject\AutomatedChess\mux_test\STM32L4R5ZITXP_FLASH.ld" --specs=nosys.specs -Wl,-Map="mux_test.map" -Wl,--gc-sections -static --specs=nano.specs -mfpu=fpv4-sp-d16 -mfloat-abi=hard -mthumb -Wl,--start-group -lc -lm -Wl,--end-group
Finished building target: mux_test.elf
 
arm-none-eabi-size   mux_test.elf 
arm-none-eabi-objdump -h -S  mux_test.elf  > "mux_test.list"
   text	   data	    bss	    dec	    hex	filename
  36392	     20	   3428	  39840	   9ba0	mux_test.elf
Finished building: default.size.stdout
 
Finished building: mux_test.list
 
20:12:49 **** Incremental Build of configuration Debug for project mux_test ****
make -j16 all 
arm-none-eabi-size   mux_test.elf 
   text	   data	    bss	    dec	    hex	filename
  36392	     20	   3428	  39840	   9ba0	mux_test.elf
Finished building: default.size.stdout
 
20:13:01 **** Incremental Build of configuration Debug for project mux_test ****
make -j16 all 
arm-none-eabi-size   mux_test.elf 
   text	   data	    bss	    dec	    hex	filename
  36392	     20	   3428	  39840	   9ba0	mux_test.elf
Finished building: default.size.stdout
 
20:16:40 **** Incremental Build of configuration Debug for project mux_test ****
make -j16 all 
arm-none-eabi-size   mux_test.elf 
   text	   data	    bss	    dec	    hex	filename
  36392	     20	   3428	  39840	   9ba0	mux_test.elf
Finished building: default.size.stdout
 
20:16:58 **** Incremental Build of configuration Debug for project mux_test ****
make -j16 all 
arm-none-eabi-size   mux_test.elf 
   text	   data	    bss	    dec	    hex	filename
  36392	     20	   3428	  39840	   9ba0	mux_test.elf
Finished building: default.size.stdout
 
20:21:20 **** Incremental Build of configuration Debug for project mux_test ****
make -j16 all 
arm-none-eabi-size   mux_test.elf 
   text	   data	    bss	    dec	    hex	filename
  36392	     20	   3428	  39840	   9ba0	mux_test.elf
Finished building: default.size.stdout
 
20:27:55 **** Incremental Build of configuration Debug for project mux_test ****
make -j16 all 
arm-none-eabi-size   mux_test.elf 
   text	   data	    bss	    dec	    hex	filename
  36392	     20	   3428	  39840	   9ba0	mux_test.elf
Finished building: default.size.stdout
 
20:33:12 **** Incremental Build of configuration Debug for project mux_test ****
make -j16 all 
arm-none-eabi-size   mux_test.elf 
   text	   data	    bss	    dec	    hex	filename
  36392	     20	   3428	  39840	   9ba0	mux_test.elf
Finished building: default.size.stdout
 
21:46:41 **** Build of configuration Debug for project motorDriving ****
make -j16 all 
arm-none-eabi-gcc "../Core/Src/main.c" -mcpu=cortex-m4 -std=gnu11 -g3 -DDEBUG -DUSE_HAL_DRIVER -DSTM32L4R5xx -c -I../Core/Inc -I../Drivers/STM32L4xx_HAL_Driver/Inc -I../Drivers/STM32L4xx_HAL_Driver/Inc/Legacy -I../Drivers/CMSIS/Device/ST/STM32L4xx/Include -I../Drivers/CMSIS/Include -O0 -ffunction-sections -fdata-sections -Wall -fstack-usage -MMD -MP -MF"Core/Src/main.d" -MT"Core/Src/main.o" --specs=nano.specs -mfpu=fpv4-sp-d16 -mfloat-abi=hard -mthumb -o "Core/Src/main.o"
../Core/Src/main.c: In function 'main':
../Core/Src/main.c:115:3: warning: implicit declaration of function 'moveToCoord'; did you mean 'convertToCoord'? [-Wimplicit-function-declaration]
  115 |   moveToCoord("E4");
      |   ^~~~~~~~~~~
      |   convertToCoord
arm-none-eabi-g++ -o "motorDriving.elf" @"objects.list"   -mcpu=cortex-m4 -T"C:\Users\Jeremy\Documents\W23\373\finalProject\AutomatedChess\motorDriving\STM32L4R5ZITXP_FLASH.ld" --specs=nosys.specs -Wl,-Map="motorDriving.map" -Wl,--gc-sections -static --specs=nano.specs -mfpu=fpv4-sp-d16 -mfloat-abi=hard -mthumb -u _printf_float -Wl,--start-group -lc -lm -lstdc++ -lsupc++ -Wl,--end-group
Finished building target: motorDriving.elf
 
arm-none-eabi-size   motorDriving.elf 
arm-none-eabi-objdump -h -S  motorDriving.elf  > "motorDriving.list"
   text	   data	    bss	    dec	    hex	filename
  30876	    484	   1740	  33100	   814c	motorDriving.elf
Finished building: default.size.stdout
 
Finished building: motorDriving.list
 
21:47:30 **** Incremental Build of configuration Debug for project motorDriving ****
make -j16 all 
arm-none-eabi-size   motorDriving.elf 
   text	   data	    bss	    dec	    hex	filename
  30876	    484	   1740	  33100	   814c	motorDriving.elf
Finished building: default.size.stdout
 
21:50:29 **** Incremental Build of configuration Debug for project motorDriving ****
make -j16 all 
arm-none-eabi-size   motorDriving.elf 
   text	   data	    bss	    dec	    hex	filename
  30876	    484	   1740	  33100	   814c	motorDriving.elf
Finished building: default.size.stdout
 
21:50:54 **** Incremental Build of configuration Debug for project motorDriving ****
make -j16 all 
arm-none-eabi-size   motorDriving.elf 
   text	   data	    bss	    dec	    hex	filename
  30876	    484	   1740	  33100	   814c	motorDriving.elf
Finished building: default.size.stdout
 
22:00:55 **** Incremental Build of configuration Debug for project motorDriving ****
make -j16 all 
arm-none-eabi-size   motorDriving.elf 
   text	   data	    bss	    dec	    hex	filename
  30876	    484	   1740	  33100	   814c	motorDriving.elf
Finished building: default.size.stdout
 
22:09:48 **** Incremental Build of configuration Debug for project motorDriving ****
make -j16 all 
arm-none-eabi-size   motorDriving.elf 
   text	   data	    bss	    dec	    hex	filename
  30876	    484	   1740	  33100	   814c	motorDriving.elf
Finished building: default.size.stdout
 
22:10:25 **** Incremental Build of configuration Debug for project motorDriving ****
make -j16 all 
arm-none-eabi-gcc "../Core/Src/main.c" -mcpu=cortex-m4 -std=gnu11 -g3 -DDEBUG -DUSE_HAL_DRIVER -DSTM32L4R5xx -c -I../Core/Inc -I../Drivers/STM32L4xx_HAL_Driver/Inc -I../Drivers/STM32L4xx_HAL_Driver/Inc/Legacy -I../Drivers/CMSIS/Device/ST/STM32L4xx/Include -I../Drivers/CMSIS/Include -O0 -ffunction-sections -fdata-sections -Wall -fstack-usage -MMD -MP -MF"Core/Src/main.d" -MT"Core/Src/main.o" --specs=nano.specs -mfpu=fpv4-sp-d16 -mfloat-abi=hard -mthumb -o "Core/Src/main.o"
../Core/Src/main.c: In function 'main':
../Core/Src/main.c:116:3: warning: implicit declaration of function 'moveToCoord'; did you mean 'convertToCoord'? [-Wimplicit-function-declaration]
  116 |   moveToCoord("E4");
      |   ^~~~~~~~~~~
      |   convertToCoord
arm-none-eabi-g++ -o "motorDriving.elf" @"objects.list"   -mcpu=cortex-m4 -T"C:\Users\Jeremy\Documents\W23\373\finalProject\AutomatedChess\motorDriving\STM32L4R5ZITXP_FLASH.ld" --specs=nosys.specs -Wl,-Map="motorDriving.map" -Wl,--gc-sections -static --specs=nano.specs -mfpu=fpv4-sp-d16 -mfloat-abi=hard -mthumb -u _printf_float -Wl,--start-group -lc -lm -lstdc++ -lsupc++ -Wl,--end-group
Finished building target: motorDriving.elf
 
arm-none-eabi-size   motorDriving.elf 
arm-none-eabi-objdump -h -S  motorDriving.elf  > "motorDriving.list"
   text	   data	    bss	    dec	    hex	filename
  30956	    484	   1740	  33180	   819c	motorDriving.elf
Finished building: default.size.stdout
 
Finished building: motorDriving.list
 
22:11:05 **** Incremental Build of configuration Debug for project motorDriving ****
make -j16 all 
arm-none-eabi-size   motorDriving.elf 
   text	   data	    bss	    dec	    hex	filename
  30956	    484	   1740	  33180	   819c	motorDriving.elf
Finished building: default.size.stdout
 
22:16:09 **** Incremental Build of configuration Debug for project motorDriving ****
make -j16 all 
arm-none-eabi-size   motorDriving.elf 
   text	   data	    bss	    dec	    hex	filename
  30956	    484	   1740	  33180	   819c	motorDriving.elf
Finished building: default.size.stdout
 
22:18:46 **** Incremental Build of configuration Debug for project motorDriving ****
make -j16 all 
arm-none-eabi-size   motorDriving.elf 
   text	   data	    bss	    dec	    hex	filename
  30956	    484	   1740	  33180	   819c	motorDriving.elf
Finished building: default.size.stdout
 
22:21:06 **** Incremental Build of configuration Debug for project motorDriving ****
make -j16 all 
arm-none-eabi-size   motorDriving.elf 
   text	   data	    bss	    dec	    hex	filename
  30956	    484	   1740	  33180	   819c	motorDriving.elf
Finished building: default.size.stdout
 
22:26:48 **** Incremental Build of configuration Debug for project motorDriving ****
make -j16 all 
arm-none-eabi-size   motorDriving.elf 
   text	   data	    bss	    dec	    hex	filename
  30956	    484	   1740	  33180	   819c	motorDriving.elf
Finished building: default.size.stdout
 
22:28:35 **** Incremental Build of configuration Debug for project motorDriving ****
make -j16 all 
arm-none-eabi-size   motorDriving.elf 
   text	   data	    bss	    dec	    hex	filename
  30956	    484	   1740	  33180	   819c	motorDriving.elf
Finished building: default.size.stdout
 
22:29:27 **** Incremental Build of configuration Debug for project motorDriving ****
make -j16 all 
arm-none-eabi-size   motorDriving.elf 
   text	   data	    bss	    dec	    hex	filename
  30956	    484	   1740	  33180	   819c	motorDriving.elf
Finished building: default.size.stdout
 
22:30:15 **** Incremental Build of configuration Debug for project motorDriving ****
make -j16 all 
arm-none-eabi-size   motorDriving.elf 
   text	   data	    bss	    dec	    hex	filename
  30956	    484	   1740	  33180	   819c	motorDriving.elf
Finished building: default.size.stdout
 
22:31:15 **** Incremental Build of configuration Debug for project motorDriving ****
make -j16 all 
arm-none-eabi-size   motorDriving.elf 
   text	   data	    bss	    dec	    hex	filename
  30956	    484	   1740	  33180	   819c	motorDriving.elf
Finished building: default.size.stdout
 
22:32:21 **** Incremental Build of configuration Debug for project motorDriving ****
make -j16 all 
arm-none-eabi-size   motorDriving.elf 
   text	   data	    bss	    dec	    hex	filename
  30956	    484	   1740	  33180	   819c	motorDriving.elf
Finished building: default.size.stdout
 
22:33:16 **** Incremental Build of configuration Debug for project motorDriving ****
make -j16 all 
arm-none-eabi-size   motorDriving.elf 
   text	   data	    bss	    dec	    hex	filename
  30956	    484	   1740	  33180	   819c	motorDriving.elf
Finished building: default.size.stdout
 
22:33:38 **** Incremental Build of configuration Debug for project motorDriving ****
make -j16 all 
arm-none-eabi-size   motorDriving.elf 
   text	   data	    bss	    dec	    hex	filename
  30956	    484	   1740	  33180	   819c	motorDriving.elf
Finished building: default.size.stdout
 
22:34:58 **** Incremental Build of configuration Debug for project motorDriving ****
make -j16 all 
arm-none-eabi-size   motorDriving.elf 
   text	   data	    bss	    dec	    hex	filename
  30956	    484	   1740	  33180	   819c	motorDriving.elf
Finished building: default.size.stdout
 
22:35:49 **** Incremental Build of configuration Debug for project motorDriving ****
make -j16 all 
arm-none-eabi-size   motorDriving.elf 
   text	   data	    bss	    dec	    hex	filename
  30956	    484	   1740	  33180	   819c	motorDriving.elf
Finished building: default.size.stdout
 
22:36:29 **** Incremental Build of configuration Debug for project motorDriving ****
make -j16 all 
arm-none-eabi-size   motorDriving.elf 
   text	   data	    bss	    dec	    hex	filename
  30956	    484	   1740	  33180	   819c	motorDriving.elf
Finished building: default.size.stdout
 
22:38:00 **** Incremental Build of configuration Debug for project motorDriving ****
make -j16 all 
arm-none-eabi-size   motorDriving.elf 
   text	   data	    bss	    dec	    hex	filename
  30956	    484	   1740	  33180	   819c	motorDriving.elf
Finished building: default.size.stdout
 
22:40:11 **** Incremental Build of configuration Debug for project motorDriving ****
make -j16 all 
arm-none-eabi-size   motorDriving.elf 
   text	   data	    bss	    dec	    hex	filename
  30956	    484	   1740	  33180	   819c	motorDriving.elf
Finished building: default.size.stdout
 
22:44:20 **** Incremental Build of configuration Debug for project motorDriving ****
make -j16 all 
arm-none-eabi-size   motorDriving.elf 
   text	   data	    bss	    dec	    hex	filename
  30956	    484	   1740	  33180	   819c	motorDriving.elf
Finished building: default.size.stdout
 
22:44:59 **** Incremental Build of configuration Debug for project motorDriving ****
make -j16 all 
arm-none-eabi-size   motorDriving.elf 
   text	   data	    bss	    dec	    hex	filename
  30956	    484	   1740	  33180	   819c	motorDriving.elf
Finished building: default.size.stdout
 
22:46:44 **** Incremental Build of configuration Debug for project motorDriving ****
make -j16 all 
arm-none-eabi-size   motorDriving.elf 
   text	   data	    bss	    dec	    hex	filename
  30956	    484	   1740	  33180	   819c	motorDriving.elf
Finished building: default.size.stdout
 
22:48:23 **** Incremental Build of configuration Debug for project motorDriving ****
make -j16 all 
arm-none-eabi-size   motorDriving.elf 
   text	   data	    bss	    dec	    hex	filename
  30956	    484	   1740	  33180	   819c	motorDriving.elf
Finished building: default.size.stdout
 
22:49:14 **** Incremental Build of configuration Debug for project motorDriving ****
make -j16 all 
arm-none-eabi-size   motorDriving.elf 
   text	   data	    bss	    dec	    hex	filename
  30956	    484	   1740	  33180	   819c	motorDriving.elf
Finished building: default.size.stdout
 
22:50:47 **** Incremental Build of configuration Debug for project motorDriving ****
make -j16 all 
arm-none-eabi-size   motorDriving.elf 
   text	   data	    bss	    dec	    hex	filename
  30956	    484	   1740	  33180	   819c	motorDriving.elf
Finished building: default.size.stdout
 
22:54:55 **** Incremental Build of configuration Debug for project motorDriving ****
make -j16 all 
arm-none-eabi-size   motorDriving.elf 
   text	   data	    bss	    dec	    hex	filename
  30956	    484	   1740	  33180	   819c	motorDriving.elf
Finished building: default.size.stdout
 
22:58:38 **** Incremental Build of configuration Debug for project motorDriving ****
make -j16 all 
arm-none-eabi-size   motorDriving.elf 
   text	   data	    bss	    dec	    hex	filename
  30956	    484	   1740	  33180	   819c	motorDriving.elf
Finished building: default.size.stdout
 
23:01:24 **** Incremental Build of configuration Debug for project motorDriving ****
make -j16 all 
arm-none-eabi-gcc "../Core/Src/motorController.c" -mcpu=cortex-m4 -std=gnu11 -g3 -DDEBUG -DUSE_HAL_DRIVER -DSTM32L4R5xx -c -I../Core/Inc -I../Drivers/STM32L4xx_HAL_Driver/Inc -I../Drivers/STM32L4xx_HAL_Driver/Inc/Legacy -I../Drivers/CMSIS/Device/ST/STM32L4xx/Include -I../Drivers/CMSIS/Include -O0 -ffunction-sections -fdata-sections -Wall -fstack-usage -MMD -MP -MF"Core/Src/motorController.d" -MT"Core/Src/motorController.o" --specs=nano.specs -mfpu=fpv4-sp-d16 -mfloat-abi=hard -mthumb -o "Core/Src/motorController.o"
../Core/Src/motorController.c: In function 'convertToCoord':
../Core/Src/motorController.c:52:16: warning: implicit declaration of function 'atoi' [-Wimplicit-function-declaration]
   52 |  coord.y = (2*(atoi(&square[1])-1) + 1)*(smallLength/16.0);
      |                ^~~~
../Core/Src/motorController.c:55:3: warning: implicit declaration of function 'exit' [-Wimplicit-function-declaration]
   55 |   exit(1);
      |   ^~~~
../Core/Src/motorController.c:55:3: warning: incompatible implicit declaration of built-in function 'exit'
../Core/Src/motorController.c:3:1: note: include '<stdlib.h>' or provide a declaration of 'exit'
    2 | #include <stdio.h>
  +++ |+#include <stdlib.h>
    3 | 
arm-none-eabi-g++ -o "motorDriving.elf" @"objects.list"   -mcpu=cortex-m4 -T"C:\Users\Jeremy\Documents\W23\373\finalProject\AutomatedChess\motorDriving\STM32L4R5ZITXP_FLASH.ld" --specs=nosys.specs -Wl,-Map="motorDriving.map" -Wl,--gc-sections -static --specs=nano.specs -mfpu=fpv4-sp-d16 -mfloat-abi=hard -mthumb -u _printf_float -Wl,--start-group -lc -lm -lstdc++ -lsupc++ -Wl,--end-group
Finished building target: motorDriving.elf
 
arm-none-eabi-size   motorDriving.elf 
arm-none-eabi-objdump -h -S  motorDriving.elf  > "motorDriving.list"
   text	   data	    bss	    dec	    hex	filename
  30956	    484	   1740	  33180	   819c	motorDriving.elf
Finished building: default.size.stdout
 
Finished building: motorDriving.list
 
23:01:56 **** Incremental Build of configuration Debug for project motorDriving ****
make -j16 all 
arm-none-eabi-size   motorDriving.elf 
   text	   data	    bss	    dec	    hex	filename
  30956	    484	   1740	  33180	   819c	motorDriving.elf
Finished building: default.size.stdout
 
23:04:14 **** Incremental Build of configuration Debug for project motorDriving ****
make -j16 all 
arm-none-eabi-gcc "../Core/Src/main.c" -mcpu=cortex-m4 -std=gnu11 -g3 -DDEBUG -DUSE_HAL_DRIVER -DSTM32L4R5xx -c -I../Core/Inc -I../Drivers/STM32L4xx_HAL_Driver/Inc -I../Drivers/STM32L4xx_HAL_Driver/Inc/Legacy -I../Drivers/CMSIS/Device/ST/STM32L4xx/Include -I../Drivers/CMSIS/Include -O0 -ffunction-sections -fdata-sections -Wall -fstack-usage -MMD -MP -MF"Core/Src/main.d" -MT"Core/Src/main.o" --specs=nano.specs -mfpu=fpv4-sp-d16 -mfloat-abi=hard -mthumb -o "Core/Src/main.o"
../Core/Src/main.c: In function 'main':
../Core/Src/main.c:116:3: warning: implicit declaration of function 'moveToCoord'; did you mean 'convertToCoord'? [-Wimplicit-function-declaration]
  116 |   moveToCoord("H5");
      |   ^~~~~~~~~~~
      |   convertToCoord
arm-none-eabi-g++ -o "motorDriving.elf" @"objects.list"   -mcpu=cortex-m4 -T"C:\Users\Jeremy\Documents\W23\373\finalProject\AutomatedChess\motorDriving\STM32L4R5ZITXP_FLASH.ld" --specs=nosys.specs -Wl,-Map="motorDriving.map" -Wl,--gc-sections -static --specs=nano.specs -mfpu=fpv4-sp-d16 -mfloat-abi=hard -mthumb -u _printf_float -Wl,--start-group -lc -lm -lstdc++ -lsupc++ -Wl,--end-group
Finished building target: motorDriving.elf
 
arm-none-eabi-size   motorDriving.elf 
arm-none-eabi-objdump -h -S  motorDriving.elf  > "motorDriving.list"
   text	   data	    bss	    dec	    hex	filename
  30932	    484	   1740	  33156	   8184	motorDriving.elf
Finished building: default.size.stdout
 
Finished building: motorDriving.list
 
23:05:16 **** Incremental Build of configuration Debug for project motorDriving ****
make -j16 all 
arm-none-eabi-gcc "../Core/Src/main.c" -mcpu=cortex-m4 -std=gnu11 -g3 -DDEBUG -DUSE_HAL_DRIVER -DSTM32L4R5xx -c -I../Core/Inc -I../Drivers/STM32L4xx_HAL_Driver/Inc -I../Drivers/STM32L4xx_HAL_Driver/Inc/Legacy -I../Drivers/CMSIS/Device/ST/STM32L4xx/Include -I../Drivers/CMSIS/Include -O0 -ffunction-sections -fdata-sections -Wall -fstack-usage -MMD -MP -MF"Core/Src/main.d" -MT"Core/Src/main.o" --specs=nano.specs -mfpu=fpv4-sp-d16 -mfloat-abi=hard -mthumb -o "Core/Src/main.o"
../Core/Src/main.c: In function 'main':
../Core/Src/main.c:116:3: warning: implicit declaration of function 'moveToCoord'; did you mean 'convertToCoord'? [-Wimplicit-function-declaration]
  116 |   moveToCoord("H5");
      |   ^~~~~~~~~~~
      |   convertToCoord
arm-none-eabi-g++ -o "motorDriving.elf" @"objects.list"   -mcpu=cortex-m4 -T"C:\Users\Jeremy\Documents\W23\373\finalProject\AutomatedChess\motorDriving\STM32L4R5ZITXP_FLASH.ld" --specs=nosys.specs -Wl,-Map="motorDriving.map" -Wl,--gc-sections -static --specs=nano.specs -mfpu=fpv4-sp-d16 -mfloat-abi=hard -mthumb -u _printf_float -Wl,--start-group -lc -lm -lstdc++ -lsupc++ -Wl,--end-group
Finished building target: motorDriving.elf
 
arm-none-eabi-size   motorDriving.elf 
arm-none-eabi-objdump -h -S  motorDriving.elf  > "motorDriving.list"
   text	   data	    bss	    dec	    hex	filename
  30956	    484	   1740	  33180	   819c	motorDriving.elf
Finished building: default.size.stdout
 
Finished building: motorDriving.list
 
23:05:54 **** Incremental Build of configuration Debug for project motorDriving ****
make -j16 all 
arm-none-eabi-gcc "../Core/Src/main.c" -mcpu=cortex-m4 -std=gnu11 -g3 -DDEBUG -DUSE_HAL_DRIVER -DSTM32L4R5xx -c -I../Core/Inc -I../Drivers/STM32L4xx_HAL_Driver/Inc -I../Drivers/STM32L4xx_HAL_Driver/Inc/Legacy -I../Drivers/CMSIS/Device/ST/STM32L4xx/Include -I../Drivers/CMSIS/Include -O0 -ffunction-sections -fdata-sections -Wall -fstack-usage -MMD -MP -MF"Core/Src/main.d" -MT"Core/Src/main.o" --specs=nano.specs -mfpu=fpv4-sp-d16 -mfloat-abi=hard -mthumb -o "Core/Src/main.o"
../Core/Src/main.c: In function 'main':
../Core/Src/main.c:116:3: warning: implicit declaration of function 'moveToCoord'; did you mean 'convertToCoord'? [-Wimplicit-function-declaration]
  116 |   moveToCoord("H5");
      |   ^~~~~~~~~~~
      |   convertToCoord
arm-none-eabi-g++ -o "motorDriving.elf" @"objects.list"   -mcpu=cortex-m4 -T"C:\Users\Jeremy\Documents\W23\373\finalProject\AutomatedChess\motorDriving\STM32L4R5ZITXP_FLASH.ld" --specs=nosys.specs -Wl,-Map="motorDriving.map" -Wl,--gc-sections -static --specs=nano.specs -mfpu=fpv4-sp-d16 -mfloat-abi=hard -mthumb -u _printf_float -Wl,--start-group -lc -lm -lstdc++ -lsupc++ -Wl,--end-group
Finished building target: motorDriving.elf
 
arm-none-eabi-size   motorDriving.elf 
arm-none-eabi-objdump -h -S  motorDriving.elf  > "motorDriving.list"
   text	   data	    bss	    dec	    hex	filename
  30932	    484	   1740	  33156	   8184	motorDriving.elf
Finished building: default.size.stdout
 
Finished building: motorDriving.list
 
