18:07:34 **** Incremental Build of configuration Debug for project motorDriving ****
make -j16 all 
arm-none-eabi-gcc "../Core/Src/display.c" -mcpu=cortex-m4 -std=gnu11 -g3 -DDEBUG -DUSE_HAL_DRIVER -DSTM32L4R5xx -c -I../Core/Inc -I../Drivers/STM32L4xx_HAL_Driver/Inc -I../Drivers/STM32L4xx_HAL_Driver/Inc/Legacy -I../Drivers/CMSIS/Device/ST/STM32L4xx/Include -I../Drivers/CMSIS/Include -O0 -ffunction-sections -fdata-sections -Wall -fstack-usage -MMD -MP -MF"Core/Src/display.d" -MT"Core/Src/display.o" --specs=nano.specs -mfpu=fpv4-sp-d16 -mfloat-abi=hard -mthumb -o "Core/Src/display.o"
../Core/Src/display.c: In function 'makeMenu':
../Core/Src/display.c:19:37: warning: pointer targets in passing argument 2 of 'HAL_UART_Transmit' differ in signedness [-Wpointer-sign]
   19 |  HAL_UART_Transmit (&huart3, options[i], sizeof(options[i])*i, 150);
      |                              ~~~~~~~^~~
      |                                     |
      |                                     char *
In file included from ../Core/Inc/stm32l4xx_hal_conf.h:450,
                 from ../Drivers/STM32L4xx_HAL_Driver/Inc/stm32l4xx_hal.h:29,
                 from ../Core/Inc/main.h:30,
                 from ../Core/Src/display.c:1:
../Drivers/STM32L4xx_HAL_Driver/Inc/stm32l4xx_hal_uart.h:1674:79: note: expected 'const uint8_t *' {aka 'const unsigned char *'} but argument is of type 'char *'
 1674 | HAL_StatusTypeDef HAL_UART_Transmit(UART_HandleTypeDef *huart, const uint8_t *pData, uint16_t Size, uint32_t Timeout);
      |                                                                ~~~~~~~~~~~~~~~^~~~~
../Core/Src/display.c:20:24: warning: excess elements in scalar initializer
   20 |  uint8_t xy = {box[3], box[4]};
      |                        ^~~
../Core/Src/display.c:20:24: note: (near initialization for 'xy')
../Core/Src/display.c:7:10: warning: unused variable 'box2' [-Wunused-variable]
    7 |  uint8_t box2[] = {0x7C ,0x0F, 0x14 , 0x75 - 14, 0x8C , 0x7F - 14, 0x01};
      |          ^~~~
arm-none-eabi-g++ -o "motorDriving.elf" @"objects.list"   -mcpu=cortex-m4 -T"C:\Users\Jeremy\Documents\W23\373\finalProject\AutomatedChess\motorDriving\STM32L4R5ZITXP_FLASH.ld" --specs=nosys.specs -Wl,-Map="motorDriving.map" -Wl,--gc-sections -static --specs=nano.specs -mfpu=fpv4-sp-d16 -mfloat-abi=hard -mthumb -u _printf_float -Wl,--start-group -lc -lm -lstdc++ -lsupc++ -Wl,--end-group
Finished building target: motorDriving.elf
 
arm-none-eabi-size   motorDriving.elf 
arm-none-eabi-objdump -h -S  motorDriving.elf  > "motorDriving.list"
   text	   data	    bss	    dec	    hex	filename
  30256	    484	   1732	  32472	   7ed8	motorDriving.elf
Finished building: default.size.stdout
 
Finished building: motorDriving.list
 
18:08:08 **** Incremental Build of configuration Debug for project motorDriving ****
make -j16 all 
arm-none-eabi-size   motorDriving.elf 
   text	   data	    bss	    dec	    hex	filename
  30256	    484	   1732	  32472	   7ed8	motorDriving.elf
Finished building: default.size.stdout
 
18:38:05 **** Incremental Build of configuration Debug for project motorDriving ****
make -j16 all 
arm-none-eabi-gcc "../Core/Src/display.c" -mcpu=cortex-m4 -std=gnu11 -g3 -DDEBUG -DUSE_HAL_DRIVER -DSTM32L4R5xx -c -I../Core/Inc -I../Drivers/STM32L4xx_HAL_Driver/Inc -I../Drivers/STM32L4xx_HAL_Driver/Inc/Legacy -I../Drivers/CMSIS/Device/ST/STM32L4xx/Include -I../Drivers/CMSIS/Include -O0 -ffunction-sections -fdata-sections -Wall -fstack-usage -MMD -MP -MF"Core/Src/display.d" -MT"Core/Src/display.o" --specs=nano.specs -mfpu=fpv4-sp-d16 -mfloat-abi=hard -mthumb -o "Core/Src/display.o"
../Core/Src/display.c: In function 'makeMenu':
../Core/Src/display.c:19:37: warning: pointer targets in passing argument 2 of 'HAL_UART_Transmit' differ in signedness [-Wpointer-sign]
   19 |  HAL_UART_Transmit (&huart3, options[i], sizeof(options[i])*i, 150);
      |                              ~~~~~~~^~~
      |                                     |
      |                                     char *
In file included from ../Core/Inc/stm32l4xx_hal_conf.h:450,
                 from ../Drivers/STM32L4xx_HAL_Driver/Inc/stm32l4xx_hal.h:29,
                 from ../Core/Inc/main.h:30,
                 from ../Core/Src/display.c:1:
../Drivers/STM32L4xx_HAL_Driver/Inc/stm32l4xx_hal_uart.h:1674:79: note: expected 'const uint8_t *' {aka 'const unsigned char *'} but argument is of type 'char *'
 1674 | HAL_StatusTypeDef HAL_UART_Transmit(UART_HandleTypeDef *huart, const uint8_t *pData, uint16_t Size, uint32_t Timeout);
      |                                                                ~~~~~~~~~~~~~~~^~~~~
../Core/Src/display.c:21:30: warning: passing argument 2 of 'HAL_UART_Transmit' from incompatible pointer type [-Wincompatible-pointer-types]
   21 |  HAL_UART_Transmit (&huart3, &xy, 16, 150);
      |                              ^~~
      |                              |
      |                              uint8_t (*)[4] {aka unsigned char (*)[4]}
In file included from ../Core/Inc/stm32l4xx_hal_conf.h:450,
                 from ../Drivers/STM32L4xx_HAL_Driver/Inc/stm32l4xx_hal.h:29,
                 from ../Core/Inc/main.h:30,
                 from ../Core/Src/display.c:1:
../Drivers/STM32L4xx_HAL_Driver/Inc/stm32l4xx_hal_uart.h:1674:79: note: expected 'const uint8_t *' {aka 'const unsigned char *'} but argument is of type 'uint8_t (*)[4]' {aka 'unsigned char (*)[4]'}
 1674 | HAL_StatusTypeDef HAL_UART_Transmit(UART_HandleTypeDef *huart, const uint8_t *pData, uint16_t Size, uint32_t Timeout);
      |                                                                ~~~~~~~~~~~~~~~^~~~~
../Core/Src/display.c:7:10: warning: unused variable 'box2' [-Wunused-variable]
    7 |  uint8_t box2[] = {0x7C ,0x0F, 0x14 , 0x75 - 14, 0x8C , 0x7F - 14, 0x01};
      |          ^~~~
arm-none-eabi-g++ -o "motorDriving.elf" @"objects.list"   -mcpu=cortex-m4 -T"C:\Users\Jeremy\Documents\W23\373\finalProject\AutomatedChess\motorDriving\STM32L4R5ZITXP_FLASH.ld" --specs=nosys.specs -Wl,-Map="motorDriving.map" -Wl,--gc-sections -static --specs=nano.specs -mfpu=fpv4-sp-d16 -mfloat-abi=hard -mthumb -u _printf_float -Wl,--start-group -lc -lm -lstdc++ -lsupc++ -Wl,--end-group
Finished building target: motorDriving.elf
 
arm-none-eabi-size   motorDriving.elf 
arm-none-eabi-objdump -h -S  motorDriving.elf  > "motorDriving.list"
   text	   data	    bss	    dec	    hex	filename
  30264	    484	   1732	  32480	   7ee0	motorDriving.elf
Finished building: default.size.stdout
 
Finished building: motorDriving.list
 
18:39:01 **** Incremental Build of configuration Debug for project motorDriving ****
make -j16 all 
arm-none-eabi-gcc "../Core/Src/display.c" -mcpu=cortex-m4 -std=gnu11 -g3 -DDEBUG -DUSE_HAL_DRIVER -DSTM32L4R5xx -c -I../Core/Inc -I../Drivers/STM32L4xx_HAL_Driver/Inc -I../Drivers/STM32L4xx_HAL_Driver/Inc/Legacy -I../Drivers/CMSIS/Device/ST/STM32L4xx/Include -I../Drivers/CMSIS/Include -O0 -ffunction-sections -fdata-sections -Wall -fstack-usage -MMD -MP -MF"Core/Src/display.d" -MT"Core/Src/display.o" --specs=nano.specs -mfpu=fpv4-sp-d16 -mfloat-abi=hard -mthumb -o "Core/Src/display.o"
../Core/Src/display.c: In function 'makeMenu':
../Core/Src/display.c:19:30: warning: pointer targets in passing argument 2 of 'HAL_UART_Transmit' differ in signedness [-Wpointer-sign]
   19 |  HAL_UART_Transmit (&huart3, "Jazib", 10, 150);
      |                              ^~~~~~~
      |                              |
      |                              char *
In file included from ../Core/Inc/stm32l4xx_hal_conf.h:450,
                 from ../Drivers/STM32L4xx_HAL_Driver/Inc/stm32l4xx_hal.h:29,
                 from ../Core/Inc/main.h:30,
                 from ../Core/Src/display.c:1:
../Drivers/STM32L4xx_HAL_Driver/Inc/stm32l4xx_hal_uart.h:1674:79: note: expected 'const uint8_t *' {aka 'const unsigned char *'} but argument is of type 'char *'
 1674 | HAL_StatusTypeDef HAL_UART_Transmit(UART_HandleTypeDef *huart, const uint8_t *pData, uint16_t Size, uint32_t Timeout);
      |                                                                ~~~~~~~~~~~~~~~^~~~~
../Core/Src/display.c:21:30: warning: passing argument 2 of 'HAL_UART_Transmit' from incompatible pointer type [-Wincompatible-pointer-types]
   21 |  HAL_UART_Transmit (&huart3, &xy, 16, 150);
      |                              ^~~
      |                              |
      |                              uint8_t (*)[4] {aka unsigned char (*)[4]}
In file included from ../Core/Inc/stm32l4xx_hal_conf.h:450,
                 from ../Drivers/STM32L4xx_HAL_Driver/Inc/stm32l4xx_hal.h:29,
                 from ../Core/Inc/main.h:30,
                 from ../Core/Src/display.c:1:
../Drivers/STM32L4xx_HAL_Driver/Inc/stm32l4xx_hal_uart.h:1674:79: note: expected 'const uint8_t *' {aka 'const unsigned char *'} but argument is of type 'uint8_t (*)[4]' {aka 'unsigned char (*)[4]'}
 1674 | HAL_StatusTypeDef HAL_UART_Transmit(UART_HandleTypeDef *huart, const uint8_t *pData, uint16_t Size, uint32_t Timeout);
      |                                                                ~~~~~~~~~~~~~~~^~~~~
../Core/Src/display.c:7:10: warning: unused variable 'box2' [-Wunused-variable]
    7 |  uint8_t box2[] = {0x7C ,0x0F, 0x14 , 0x75 - 14, 0x8C , 0x7F - 14, 0x01};
      |          ^~~~
arm-none-eabi-g++ -o "motorDriving.elf" @"objects.list"   -mcpu=cortex-m4 -T"C:\Users\Jeremy\Documents\W23\373\finalProject\AutomatedChess\motorDriving\STM32L4R5ZITXP_FLASH.ld" --specs=nosys.specs -Wl,-Map="motorDriving.map" -Wl,--gc-sections -static --specs=nano.specs -mfpu=fpv4-sp-d16 -mfloat-abi=hard -mthumb -u _printf_float -Wl,--start-group -lc -lm -lstdc++ -lsupc++ -Wl,--end-group
Finished building target: motorDriving.elf
 
arm-none-eabi-size   motorDriving.elf 
arm-none-eabi-objdump -h -S  motorDriving.elf  > "motorDriving.list"
   text	   data	    bss	    dec	    hex	filename
  30264	    484	   1732	  32480	   7ee0	motorDriving.elf
Finished building: default.size.stdout
 
Finished building: motorDriving.list
 
18:39:39 **** Incremental Build of configuration Debug for project motorDriving ****
make -j16 all 
arm-none-eabi-size   motorDriving.elf 
   text	   data	    bss	    dec	    hex	filename
  30264	    484	   1732	  32480	   7ee0	motorDriving.elf
Finished building: default.size.stdout
 
18:39:53 **** Incremental Build of configuration Debug for project motorDriving ****
make -j16 all 
arm-none-eabi-size   motorDriving.elf 
   text	   data	    bss	    dec	    hex	filename
  30264	    484	   1732	  32480	   7ee0	motorDriving.elf
Finished building: default.size.stdout
 
18:41:30 **** Incremental Build of configuration Debug for project motorDriving ****
make -j16 all 
arm-none-eabi-gcc "../Core/Src/display.c" -mcpu=cortex-m4 -std=gnu11 -g3 -DDEBUG -DUSE_HAL_DRIVER -DSTM32L4R5xx -c -I../Core/Inc -I../Drivers/STM32L4xx_HAL_Driver/Inc -I../Drivers/STM32L4xx_HAL_Driver/Inc/Legacy -I../Drivers/CMSIS/Device/ST/STM32L4xx/Include -I../Drivers/CMSIS/Include -O0 -ffunction-sections -fdata-sections -Wall -fstack-usage -MMD -MP -MF"Core/Src/display.d" -MT"Core/Src/display.o" --specs=nano.specs -mfpu=fpv4-sp-d16 -mfloat-abi=hard -mthumb -o "Core/Src/display.o"
../Core/Src/display.c: In function 'makeMenu':
../Core/Src/display.c:19:30: warning: pointer targets in passing argument 2 of 'HAL_UART_Transmit' differ in signedness [-Wpointer-sign]
   19 |  HAL_UART_Transmit (&huart3, "Jazib", 10, 150);
      |                              ^~~~~~~
      |                              |
      |                              char *
In file included from ../Core/Inc/stm32l4xx_hal_conf.h:450,
                 from ../Drivers/STM32L4xx_HAL_Driver/Inc/stm32l4xx_hal.h:29,
                 from ../Core/Inc/main.h:30,
                 from ../Core/Src/display.c:1:
../Drivers/STM32L4xx_HAL_Driver/Inc/stm32l4xx_hal_uart.h:1674:79: note: expected 'const uint8_t *' {aka 'const unsigned char *'} but argument is of type 'char *'
 1674 | HAL_StatusTypeDef HAL_UART_Transmit(UART_HandleTypeDef *huart, const uint8_t *pData, uint16_t Size, uint32_t Timeout);
      |                                                                ~~~~~~~~~~~~~~~^~~~~
../Core/Src/display.c:20:17: warning: initialization of 'uint8_t *' {aka 'unsigned char *'} from 'int' makes pointer from integer without a cast [-Wint-conversion]
   20 |  uint8_t* xy = {0x7C, 0x18, box[3], 0x7C, 0x19, box[4]};
      |                 ^~~~
../Core/Src/display.c:20:17: note: (near initialization for 'xy')
../Core/Src/display.c:20:23: warning: excess elements in scalar initializer
   20 |  uint8_t* xy = {0x7C, 0x18, box[3], 0x7C, 0x19, box[4]};
      |                       ^~~~
../Core/Src/display.c:20:23: note: (near initialization for 'xy')
../Core/Src/display.c:20:29: warning: excess elements in scalar initializer
   20 |  uint8_t* xy = {0x7C, 0x18, box[3], 0x7C, 0x19, box[4]};
      |                             ^~~
../Core/Src/display.c:20:29: note: (near initialization for 'xy')
../Core/Src/display.c:20:37: warning: excess elements in scalar initializer
   20 |  uint8_t* xy = {0x7C, 0x18, box[3], 0x7C, 0x19, box[4]};
      |                                     ^~~~
../Core/Src/display.c:20:37: note: (near initialization for 'xy')
../Core/Src/display.c:20:43: warning: excess elements in scalar initializer
   20 |  uint8_t* xy = {0x7C, 0x18, box[3], 0x7C, 0x19, box[4]};
      |                                           ^~~~
../Core/Src/display.c:20:43: note: (near initialization for 'xy')
../Core/Src/display.c:20:49: warning: excess elements in scalar initializer
   20 |  uint8_t* xy = {0x7C, 0x18, box[3], 0x7C, 0x19, box[4]};
      |                                                 ^~~
../Core/Src/display.c:20:49: note: (near initialization for 'xy')
../Core/Src/display.c:7:10: warning: unused variable 'box2' [-Wunused-variable]
    7 |  uint8_t box2[] = {0x7C ,0x0F, 0x14 , 0x75 - 14, 0x8C , 0x7F - 14, 0x01};
      |          ^~~~
arm-none-eabi-g++ -o "motorDriving.elf" @"objects.list"   -mcpu=cortex-m4 -T"C:\Users\Jeremy\Documents\W23\373\finalProject\AutomatedChess\motorDriving\STM32L4R5ZITXP_FLASH.ld" --specs=nosys.specs -Wl,-Map="motorDriving.map" -Wl,--gc-sections -static --specs=nano.specs -mfpu=fpv4-sp-d16 -mfloat-abi=hard -mthumb -u _printf_float -Wl,--start-group -lc -lm -lstdc++ -lsupc++ -Wl,--end-group
Finished building target: motorDriving.elf
 
arm-none-eabi-size   motorDriving.elf 
arm-none-eabi-objdump -h -S  motorDriving.elf  > "motorDriving.list"
   text	   data	    bss	    dec	    hex	filename
  30248	    484	   1732	  32464	   7ed0	motorDriving.elf
Finished building: default.size.stdout
 
Finished building: motorDriving.list
 
18:42:26 **** Incremental Build of configuration Debug for project motorDriving ****
make -j16 all 
arm-none-eabi-size   motorDriving.elf 
   text	   data	    bss	    dec	    hex	filename
  30248	    484	   1732	  32464	   7ed0	motorDriving.elf
Finished building: default.size.stdout
 
18:42:39 **** Incremental Build of configuration Debug for project motorDriving ****
make -j16 all 
arm-none-eabi-size   motorDriving.elf 
   text	   data	    bss	    dec	    hex	filename
  30248	    484	   1732	  32464	   7ed0	motorDriving.elf
Finished building: default.size.stdout
 
18:45:29 **** Incremental Build of configuration Debug for project motorDriving ****
make -j16 all 
arm-none-eabi-gcc "../Core/Src/display.c" -mcpu=cortex-m4 -std=gnu11 -g3 -DDEBUG -DUSE_HAL_DRIVER -DSTM32L4R5xx -c -I../Core/Inc -I../Drivers/STM32L4xx_HAL_Driver/Inc -I../Drivers/STM32L4xx_HAL_Driver/Inc/Legacy -I../Drivers/CMSIS/Device/ST/STM32L4xx/Include -I../Drivers/CMSIS/Include -O0 -ffunction-sections -fdata-sections -Wall -fstack-usage -MMD -MP -MF"Core/Src/display.d" -MT"Core/Src/display.o" --specs=nano.specs -mfpu=fpv4-sp-d16 -mfloat-abi=hard -mthumb -o "Core/Src/display.o"
../Core/Src/display.c: In function 'makeMenu':
../Core/Src/display.c:19:19: error: invalid suffix "a" on integer constant
   19 |  uint8_t* test = {4a, 61, 7a, 69, 62};
      |                   ^~
../Core/Src/display.c:19:23: warning: excess elements in scalar initializer
   19 |  uint8_t* test = {4a, 61, 7a, 69, 62};
      |                       ^~
../Core/Src/display.c:19:23: note: (near initialization for 'test')
../Core/Src/display.c:19:27: error: invalid suffix "a" on integer constant
   19 |  uint8_t* test = {4a, 61, 7a, 69, 62};
      |                           ^~
../Core/Src/display.c:19:27: warning: excess elements in scalar initializer
../Core/Src/display.c:19:27: note: (near initialization for 'test')
../Core/Src/display.c:19:31: warning: excess elements in scalar initializer
   19 |  uint8_t* test = {4a, 61, 7a, 69, 62};
      |                               ^~
../Core/Src/display.c:19:31: note: (near initialization for 'test')
../Core/Src/display.c:19:35: warning: excess elements in scalar initializer
   19 |  uint8_t* test = {4a, 61, 7a, 69, 62};
      |                                   ^~
../Core/Src/display.c:19:35: note: (near initialization for 'test')
../Core/Src/display.c:21:17: warning: initialization of 'uint8_t *' {aka 'unsigned char *'} from 'int' makes pointer from integer without a cast [-Wint-conversion]
   21 |  uint8_t* xy = {0x7C, 0x18, box[3], 0x7C, 0x19, box[4]};
      |                 ^~~~
../Core/Src/display.c:21:17: note: (near initialization for 'xy')
../Core/Src/display.c:21:23: warning: excess elements in scalar initializer
   21 |  uint8_t* xy = {0x7C, 0x18, box[3], 0x7C, 0x19, box[4]};
      |                       ^~~~
../Core/Src/display.c:21:23: note: (near initialization for 'xy')
../Core/Src/display.c:21:29: warning: excess elements in scalar initializer
   21 |  uint8_t* xy = {0x7C, 0x18, box[3], 0x7C, 0x19, box[4]};
      |                             ^~~
../Core/Src/display.c:21:29: note: (near initialization for 'xy')
../Core/Src/display.c:21:37: warning: excess elements in scalar initializer
   21 |  uint8_t* xy = {0x7C, 0x18, box[3], 0x7C, 0x19, box[4]};
      |                                     ^~~~
../Core/Src/display.c:21:37: note: (near initialization for 'xy')
../Core/Src/display.c:21:43: warning: excess elements in scalar initializer
   21 |  uint8_t* xy = {0x7C, 0x18, box[3], 0x7C, 0x19, box[4]};
      |                                           ^~~~
../Core/Src/display.c:21:43: note: (near initialization for 'xy')
../Core/Src/display.c:21:49: warning: excess elements in scalar initializer
   21 |  uint8_t* xy = {0x7C, 0x18, box[3], 0x7C, 0x19, box[4]};
      |                                                 ^~~
../Core/Src/display.c:21:49: note: (near initialization for 'xy')
../Core/Src/display.c:7:10: warning: unused variable 'box2' [-Wunused-variable]
    7 |  uint8_t box2[] = {0x7C ,0x0F, 0x14 , 0x75 - 14, 0x8C , 0x7F - 14, 0x01};
      |          ^~~~
make: *** [Core/Src/subdir.mk:46: Core/Src/display.o] Error 1
"make -j16 all" terminated with exit code 2. Build might be incomplete.
18:45:43 **** Incremental Build of configuration Debug for project motorDriving ****
make -j16 all 
arm-none-eabi-gcc "../Core/Src/display.c" -mcpu=cortex-m4 -std=gnu11 -g3 -DDEBUG -DUSE_HAL_DRIVER -DSTM32L4R5xx -c -I../Core/Inc -I../Drivers/STM32L4xx_HAL_Driver/Inc -I../Drivers/STM32L4xx_HAL_Driver/Inc/Legacy -I../Drivers/CMSIS/Device/ST/STM32L4xx/Include -I../Drivers/CMSIS/Include -O0 -ffunction-sections -fdata-sections -Wall -fstack-usage -MMD -MP -MF"Core/Src/display.d" -MT"Core/Src/display.o" --specs=nano.specs -mfpu=fpv4-sp-d16 -mfloat-abi=hard -mthumb -o "Core/Src/display.o"
../Core/Src/display.c: In function 'makeMenu':
../Core/Src/display.c:19:19: warning: initialization of 'uint8_t *' {aka 'unsigned char *'} from 'int' makes pointer from integer without a cast [-Wint-conversion]
   19 |  uint8_t* test = {0x4a, 0x61, 0x7a, 0x69, 0x62};
      |                   ^~~~
../Core/Src/display.c:19:19: note: (near initialization for 'test')
../Core/Src/display.c:19:25: warning: excess elements in scalar initializer
   19 |  uint8_t* test = {0x4a, 0x61, 0x7a, 0x69, 0x62};
      |                         ^~~~
../Core/Src/display.c:19:25: note: (near initialization for 'test')
../Core/Src/display.c:19:31: warning: excess elements in scalar initializer
   19 |  uint8_t* test = {0x4a, 0x61, 0x7a, 0x69, 0x62};
      |                               ^~~~
../Core/Src/display.c:19:31: note: (near initialization for 'test')
../Core/Src/display.c:19:37: warning: excess elements in scalar initializer
   19 |  uint8_t* test = {0x4a, 0x61, 0x7a, 0x69, 0x62};
      |                                     ^~~~
../Core/Src/display.c:19:37: note: (near initialization for 'test')
../Core/Src/display.c:19:43: warning: excess elements in scalar initializer
   19 |  uint8_t* test = {0x4a, 0x61, 0x7a, 0x69, 0x62};
      |                                           ^~~~
../Core/Src/display.c:19:43: note: (near initialization for 'test')
../Core/Src/display.c:21:17: warning: initialization of 'uint8_t *' {aka 'unsigned char *'} from 'int' makes pointer from integer without a cast [-Wint-conversion]
   21 |  uint8_t* xy = {0x7C, 0x18, box[3], 0x7C, 0x19, box[4]};
      |                 ^~~~
../Core/Src/display.c:21:17: note: (near initialization for 'xy')
../Core/Src/display.c:21:23: warning: excess elements in scalar initializer
   21 |  uint8_t* xy = {0x7C, 0x18, box[3], 0x7C, 0x19, box[4]};
      |                       ^~~~
../Core/Src/display.c:21:23: note: (near initialization for 'xy')
../Core/Src/display.c:21:29: warning: excess elements in scalar initializer
   21 |  uint8_t* xy = {0x7C, 0x18, box[3], 0x7C, 0x19, box[4]};
      |                             ^~~
../Core/Src/display.c:21:29: note: (near initialization for 'xy')
../Core/Src/display.c:21:37: warning: excess elements in scalar initializer
   21 |  uint8_t* xy = {0x7C, 0x18, box[3], 0x7C, 0x19, box[4]};
      |                                     ^~~~
../Core/Src/display.c:21:37: note: (near initialization for 'xy')
../Core/Src/display.c:21:43: warning: excess elements in scalar initializer
   21 |  uint8_t* xy = {0x7C, 0x18, box[3], 0x7C, 0x19, box[4]};
      |                                           ^~~~
../Core/Src/display.c:21:43: note: (near initialization for 'xy')
../Core/Src/display.c:21:49: warning: excess elements in scalar initializer
   21 |  uint8_t* xy = {0x7C, 0x18, box[3], 0x7C, 0x19, box[4]};
      |                                                 ^~~
../Core/Src/display.c:21:49: note: (near initialization for 'xy')
../Core/Src/display.c:7:10: warning: unused variable 'box2' [-Wunused-variable]
    7 |  uint8_t box2[] = {0x7C ,0x0F, 0x14 , 0x75 - 14, 0x8C , 0x7F - 14, 0x01};
      |          ^~~~
arm-none-eabi-g++ -o "motorDriving.elf" @"objects.list"   -mcpu=cortex-m4 -T"C:\Users\Jeremy\Documents\W23\373\finalProject\AutomatedChess\motorDriving\STM32L4R5ZITXP_FLASH.ld" --specs=nosys.specs -Wl,-Map="motorDriving.map" -Wl,--gc-sections -static --specs=nano.specs -mfpu=fpv4-sp-d16 -mfloat-abi=hard -mthumb -u _printf_float -Wl,--start-group -lc -lm -lstdc++ -lsupc++ -Wl,--end-group
Finished building target: motorDriving.elf
 
arm-none-eabi-size   motorDriving.elf 
arm-none-eabi-objdump -h -S  motorDriving.elf  > "motorDriving.list"
   text	   data	    bss	    dec	    hex	filename
  30240	    484	   1732	  32456	   7ec8	motorDriving.elf
Finished building: default.size.stdout
 
Finished building: motorDriving.list
 
18:45:57 **** Incremental Build of configuration Debug for project motorDriving ****
make -j16 all 
arm-none-eabi-size   motorDriving.elf 
   text	   data	    bss	    dec	    hex	filename
  30240	    484	   1732	  32456	   7ec8	motorDriving.elf
Finished building: default.size.stdout
 
18:56:25 **** Incremental Build of configuration Debug for project motorDriving ****
make -j16 all 
arm-none-eabi-gcc "../Core/Src/display.c" -mcpu=cortex-m4 -std=gnu11 -g3 -DDEBUG -DUSE_HAL_DRIVER -DSTM32L4R5xx -c -I../Core/Inc -I../Drivers/STM32L4xx_HAL_Driver/Inc -I../Drivers/STM32L4xx_HAL_Driver/Inc/Legacy -I../Drivers/CMSIS/Device/ST/STM32L4xx/Include -I../Drivers/CMSIS/Include -O0 -ffunction-sections -fdata-sections -Wall -fstack-usage -MMD -MP -MF"Core/Src/display.d" -MT"Core/Src/display.o" --specs=nano.specs -mfpu=fpv4-sp-d16 -mfloat-abi=hard -mthumb -o "Core/Src/display.o"
../Core/Src/display.c: In function 'makeMenu':
../Core/Src/display.c:19:16: warning: initialization of 'char *' from 'int' makes pointer from integer without a cast [-Wint-conversion]
   19 |  char* test = {0x4a, 0x61, 0x7a, 0x69, 0x62};
      |                ^~~~
../Core/Src/display.c:19:16: note: (near initialization for 'test')
../Core/Src/display.c:19:22: warning: excess elements in scalar initializer
   19 |  char* test = {0x4a, 0x61, 0x7a, 0x69, 0x62};
      |                      ^~~~
../Core/Src/display.c:19:22: note: (near initialization for 'test')
../Core/Src/display.c:19:28: warning: excess elements in scalar initializer
   19 |  char* test = {0x4a, 0x61, 0x7a, 0x69, 0x62};
      |                            ^~~~
../Core/Src/display.c:19:28: note: (near initialization for 'test')
../Core/Src/display.c:19:34: warning: excess elements in scalar initializer
   19 |  char* test = {0x4a, 0x61, 0x7a, 0x69, 0x62};
      |                                  ^~~~
../Core/Src/display.c:19:34: note: (near initialization for 'test')
../Core/Src/display.c:19:40: warning: excess elements in scalar initializer
   19 |  char* test = {0x4a, 0x61, 0x7a, 0x69, 0x62};
      |                                        ^~~~
../Core/Src/display.c:19:40: note: (near initialization for 'test')
../Core/Src/display.c:20:30: warning: pointer targets in passing argument 2 of 'HAL_UART_Transmit' differ in signedness [-Wpointer-sign]
   20 |  HAL_UART_Transmit (&huart3, test, 10, 150);
      |                              ^~~~
      |                              |
      |                              char *
In file included from ../Core/Inc/stm32l4xx_hal_conf.h:450,
                 from ../Drivers/STM32L4xx_HAL_Driver/Inc/stm32l4xx_hal.h:29,
                 from ../Core/Inc/main.h:30,
                 from ../Core/Src/display.c:1:
../Drivers/STM32L4xx_HAL_Driver/Inc/stm32l4xx_hal_uart.h:1674:79: note: expected 'const uint8_t *' {aka 'const unsigned char *'} but argument is of type 'char *'
 1674 | HAL_StatusTypeDef HAL_UART_Transmit(UART_HandleTypeDef *huart, const uint8_t *pData, uint16_t Size, uint32_t Timeout);
      |                                                                ~~~~~~~~~~~~~~~^~~~~
../Core/Src/display.c:21:17: warning: initialization of 'uint8_t *' {aka 'unsigned char *'} from 'int' makes pointer from integer without a cast [-Wint-conversion]
   21 |  uint8_t* xy = {0x7C, 0x18, box[3], 0x7C, 0x19, box[4]};
      |                 ^~~~
../Core/Src/display.c:21:17: note: (near initialization for 'xy')
../Core/Src/display.c:21:23: warning: excess elements in scalar initializer
   21 |  uint8_t* xy = {0x7C, 0x18, box[3], 0x7C, 0x19, box[4]};
      |                       ^~~~
../Core/Src/display.c:21:23: note: (near initialization for 'xy')
../Core/Src/display.c:21:29: warning: excess elements in scalar initializer
   21 |  uint8_t* xy = {0x7C, 0x18, box[3], 0x7C, 0x19, box[4]};
      |                             ^~~
../Core/Src/display.c:21:29: note: (near initialization for 'xy')
../Core/Src/display.c:21:37: warning: excess elements in scalar initializer
   21 |  uint8_t* xy = {0x7C, 0x18, box[3], 0x7C, 0x19, box[4]};
      |                                     ^~~~
../Core/Src/display.c:21:37: note: (near initialization for 'xy')
../Core/Src/display.c:21:43: warning: excess elements in scalar initializer
   21 |  uint8_t* xy = {0x7C, 0x18, box[3], 0x7C, 0x19, box[4]};
      |                                           ^~~~
../Core/Src/display.c:21:43: note: (near initialization for 'xy')
../Core/Src/display.c:21:49: warning: excess elements in scalar initializer
   21 |  uint8_t* xy = {0x7C, 0x18, box[3], 0x7C, 0x19, box[4]};
      |                                                 ^~~
../Core/Src/display.c:21:49: note: (near initialization for 'xy')
../Core/Src/display.c:7:10: warning: unused variable 'box2' [-Wunused-variable]
    7 |  uint8_t box2[] = {0x7C ,0x0F, 0x14 , 0x75 - 14, 0x8C , 0x7F - 14, 0x01};
      |          ^~~~
arm-none-eabi-g++ -o "motorDriving.elf" @"objects.list"   -mcpu=cortex-m4 -T"C:\Users\Jeremy\Documents\W23\373\finalProject\AutomatedChess\motorDriving\STM32L4R5ZITXP_FLASH.ld" --specs=nosys.specs -Wl,-Map="motorDriving.map" -Wl,--gc-sections -static --specs=nano.specs -mfpu=fpv4-sp-d16 -mfloat-abi=hard -mthumb -u _printf_float -Wl,--start-group -lc -lm -lstdc++ -lsupc++ -Wl,--end-group
Finished building target: motorDriving.elf
 
arm-none-eabi-size   motorDriving.elf 
arm-none-eabi-objdump -h -S  motorDriving.elf  > "motorDriving.list"
   text	   data	    bss	    dec	    hex	filename
  30240	    484	   1732	  32456	   7ec8	motorDriving.elf
Finished building: default.size.stdout
 
Finished building: motorDriving.list
 
18:56:40 **** Incremental Build of configuration Debug for project motorDriving ****
make -j16 all 
arm-none-eabi-size   motorDriving.elf 
   text	   data	    bss	    dec	    hex	filename
  30240	    484	   1732	  32456	   7ec8	motorDriving.elf
Finished building: default.size.stdout
 
19:10:02 **** Incremental Build of configuration Debug for project motorDriving ****
make -j16 all 
arm-none-eabi-gcc "../Core/Src/display.c" -mcpu=cortex-m4 -std=gnu11 -g3 -DDEBUG -DUSE_HAL_DRIVER -DSTM32L4R5xx -c -I../Core/Inc -I../Drivers/STM32L4xx_HAL_Driver/Inc -I../Drivers/STM32L4xx_HAL_Driver/Inc/Legacy -I../Drivers/CMSIS/Device/ST/STM32L4xx/Include -I../Drivers/CMSIS/Include -O0 -ffunction-sections -fdata-sections -Wall -fstack-usage -MMD -MP -MF"Core/Src/display.d" -MT"Core/Src/display.o" --specs=nano.specs -mfpu=fpv4-sp-d16 -mfloat-abi=hard -mthumb -o "Core/Src/display.o"
../Core/Src/display.c: In function 'makeMenu':
../Core/Src/display.c:19:16: warning: initialization of 'char *' from 'int' makes pointer from integer without a cast [-Wint-conversion]
   19 |  char* test = {0x4a, 0x61, 0x7a, 0x69, 0x62, 0x00};
      |                ^~~~
../Core/Src/display.c:19:16: note: (near initialization for 'test')
../Core/Src/display.c:19:22: warning: excess elements in scalar initializer
   19 |  char* test = {0x4a, 0x61, 0x7a, 0x69, 0x62, 0x00};
      |                      ^~~~
../Core/Src/display.c:19:22: note: (near initialization for 'test')
../Core/Src/display.c:19:28: warning: excess elements in scalar initializer
   19 |  char* test = {0x4a, 0x61, 0x7a, 0x69, 0x62, 0x00};
      |                            ^~~~
../Core/Src/display.c:19:28: note: (near initialization for 'test')
../Core/Src/display.c:19:34: warning: excess elements in scalar initializer
   19 |  char* test = {0x4a, 0x61, 0x7a, 0x69, 0x62, 0x00};
      |                                  ^~~~
../Core/Src/display.c:19:34: note: (near initialization for 'test')
../Core/Src/display.c:19:40: warning: excess elements in scalar initializer
   19 |  char* test = {0x4a, 0x61, 0x7a, 0x69, 0x62, 0x00};
      |                                        ^~~~
../Core/Src/display.c:19:40: note: (near initialization for 'test')
../Core/Src/display.c:19:46: warning: excess elements in scalar initializer
   19 |  char* test = {0x4a, 0x61, 0x7a, 0x69, 0x62, 0x00};
      |                                              ^~~~
../Core/Src/display.c:19:46: note: (near initialization for 'test')
../Core/Src/display.c:20:30: warning: pointer targets in passing argument 2 of 'HAL_UART_Transmit' differ in signedness [-Wpointer-sign]
   20 |  HAL_UART_Transmit (&huart3, test, 10, 150);
      |                              ^~~~
      |                              |
      |                              char *
In file included from ../Core/Inc/stm32l4xx_hal_conf.h:450,
                 from ../Drivers/STM32L4xx_HAL_Driver/Inc/stm32l4xx_hal.h:29,
                 from ../Core/Inc/main.h:30,
                 from ../Core/Src/display.c:1:
../Drivers/STM32L4xx_HAL_Driver/Inc/stm32l4xx_hal_uart.h:1674:79: note: expected 'const uint8_t *' {aka 'const unsigned char *'} but argument is of type 'char *'
 1674 | HAL_StatusTypeDef HAL_UART_Transmit(UART_HandleTypeDef *huart, const uint8_t *pData, uint16_t Size, uint32_t Timeout);
      |                                                                ~~~~~~~~~~~~~~~^~~~~
../Core/Src/display.c:21:17: warning: initialization of 'uint8_t *' {aka 'unsigned char *'} from 'int' makes pointer from integer without a cast [-Wint-conversion]
   21 |  uint8_t* xy = {0x7C, 0x18, box[3], 0x7C, 0x19, box[4]};
      |                 ^~~~
../Core/Src/display.c:21:17: note: (near initialization for 'xy')
../Core/Src/display.c:21:23: warning: excess elements in scalar initializer
   21 |  uint8_t* xy = {0x7C, 0x18, box[3], 0x7C, 0x19, box[4]};
      |                       ^~~~
../Core/Src/display.c:21:23: note: (near initialization for 'xy')
../Core/Src/display.c:21:29: warning: excess elements in scalar initializer
   21 |  uint8_t* xy = {0x7C, 0x18, box[3], 0x7C, 0x19, box[4]};
      |                             ^~~
../Core/Src/display.c:21:29: note: (near initialization for 'xy')
../Core/Src/display.c:21:37: warning: excess elements in scalar initializer
   21 |  uint8_t* xy = {0x7C, 0x18, box[3], 0x7C, 0x19, box[4]};
      |                                     ^~~~
../Core/Src/display.c:21:37: note: (near initialization for 'xy')
../Core/Src/display.c:21:43: warning: excess elements in scalar initializer
   21 |  uint8_t* xy = {0x7C, 0x18, box[3], 0x7C, 0x19, box[4]};
      |                                           ^~~~
../Core/Src/display.c:21:43: note: (near initialization for 'xy')
../Core/Src/display.c:21:49: warning: excess elements in scalar initializer
   21 |  uint8_t* xy = {0x7C, 0x18, box[3], 0x7C, 0x19, box[4]};
      |                                                 ^~~
../Core/Src/display.c:21:49: note: (near initialization for 'xy')
../Core/Src/display.c:7:10: warning: unused variable 'box2' [-Wunused-variable]
    7 |  uint8_t box2[] = {0x7C ,0x0F, 0x14 , 0x75 - 14, 0x8C , 0x7F - 14, 0x01};
      |          ^~~~
arm-none-eabi-g++ -o "motorDriving.elf" @"objects.list"   -mcpu=cortex-m4 -T"C:\Users\Jeremy\Documents\W23\373\finalProject\AutomatedChess\motorDriving\STM32L4R5ZITXP_FLASH.ld" --specs=nosys.specs -Wl,-Map="motorDriving.map" -Wl,--gc-sections -static --specs=nano.specs -mfpu=fpv4-sp-d16 -mfloat-abi=hard -mthumb -u _printf_float -Wl,--start-group -lc -lm -lstdc++ -lsupc++ -Wl,--end-group
Finished building target: motorDriving.elf
 
arm-none-eabi-size   motorDriving.elf 
arm-none-eabi-objdump -h -S  motorDriving.elf  > "motorDriving.list"
   text	   data	    bss	    dec	    hex	filename
  30240	    484	   1732	  32456	   7ec8	motorDriving.elf
Finished building: default.size.stdout
 
Finished building: motorDriving.list
 
19:15:42 **** Incremental Build of configuration Debug for project motorDriving ****
make -j16 all 
arm-none-eabi-gcc "../Core/Src/display.c" -mcpu=cortex-m4 -std=gnu11 -g3 -DDEBUG -DUSE_HAL_DRIVER -DSTM32L4R5xx -c -I../Core/Inc -I../Drivers/STM32L4xx_HAL_Driver/Inc -I../Drivers/STM32L4xx_HAL_Driver/Inc/Legacy -I../Drivers/CMSIS/Device/ST/STM32L4xx/Include -I../Drivers/CMSIS/Include -O0 -ffunction-sections -fdata-sections -Wall -fstack-usage -MMD -MP -MF"Core/Src/display.d" -MT"Core/Src/display.o" --specs=nano.specs -mfpu=fpv4-sp-d16 -mfloat-abi=hard -mthumb -o "Core/Src/display.o"
../Core/Src/display.c: In function 'makeMenu':
../Core/Src/display.c:19:16: warning: initialization of 'char *' from 'int' makes pointer from integer without a cast [-Wint-conversion]
   19 |  char* test = {0x4a, 0x61, 0x7a, 0x69, 0x62, 0x00};
      |                ^~~~
../Core/Src/display.c:19:16: note: (near initialization for 'test')
../Core/Src/display.c:19:22: warning: excess elements in scalar initializer
   19 |  char* test = {0x4a, 0x61, 0x7a, 0x69, 0x62, 0x00};
      |                      ^~~~
../Core/Src/display.c:19:22: note: (near initialization for 'test')
../Core/Src/display.c:19:28: warning: excess elements in scalar initializer
   19 |  char* test = {0x4a, 0x61, 0x7a, 0x69, 0x62, 0x00};
      |                            ^~~~
../Core/Src/display.c:19:28: note: (near initialization for 'test')
../Core/Src/display.c:19:34: warning: excess elements in scalar initializer
   19 |  char* test = {0x4a, 0x61, 0x7a, 0x69, 0x62, 0x00};
      |                                  ^~~~
../Core/Src/display.c:19:34: note: (near initialization for 'test')
../Core/Src/display.c:19:40: warning: excess elements in scalar initializer
   19 |  char* test = {0x4a, 0x61, 0x7a, 0x69, 0x62, 0x00};
      |                                        ^~~~
../Core/Src/display.c:19:40: note: (near initialization for 'test')
../Core/Src/display.c:19:46: warning: excess elements in scalar initializer
   19 |  char* test = {0x4a, 0x61, 0x7a, 0x69, 0x62, 0x00};
      |                                              ^~~~
../Core/Src/display.c:19:46: note: (near initialization for 'test')
../Core/Src/display.c:20:30: warning: pointer targets in passing argument 2 of 'HAL_UART_Transmit' differ in signedness [-Wpointer-sign]
   20 |  HAL_UART_Transmit (&huart3, "Jazib", 10, 150);
      |                              ^~~~~~~
      |                              |
      |                              char *
In file included from ../Core/Inc/stm32l4xx_hal_conf.h:450,
                 from ../Drivers/STM32L4xx_HAL_Driver/Inc/stm32l4xx_hal.h:29,
                 from ../Core/Inc/main.h:30,
                 from ../Core/Src/display.c:1:
../Drivers/STM32L4xx_HAL_Driver/Inc/stm32l4xx_hal_uart.h:1674:79: note: expected 'const uint8_t *' {aka 'const unsigned char *'} but argument is of type 'char *'
 1674 | HAL_StatusTypeDef HAL_UART_Transmit(UART_HandleTypeDef *huart, const uint8_t *pData, uint16_t Size, uint32_t Timeout);
      |                                                                ~~~~~~~~~~~~~~~^~~~~
../Core/Src/display.c:21:17: warning: initialization of 'uint8_t *' {aka 'unsigned char *'} from 'int' makes pointer from integer without a cast [-Wint-conversion]
   21 |  uint8_t* xy = {0x7C, 0x18, box[3], 0x7C, 0x19, box[4]};
      |                 ^~~~
../Core/Src/display.c:21:17: note: (near initialization for 'xy')
../Core/Src/display.c:21:23: warning: excess elements in scalar initializer
   21 |  uint8_t* xy = {0x7C, 0x18, box[3], 0x7C, 0x19, box[4]};
      |                       ^~~~
../Core/Src/display.c:21:23: note: (near initialization for 'xy')
../Core/Src/display.c:21:29: warning: excess elements in scalar initializer
   21 |  uint8_t* xy = {0x7C, 0x18, box[3], 0x7C, 0x19, box[4]};
      |                             ^~~
../Core/Src/display.c:21:29: note: (near initialization for 'xy')
../Core/Src/display.c:21:37: warning: excess elements in scalar initializer
   21 |  uint8_t* xy = {0x7C, 0x18, box[3], 0x7C, 0x19, box[4]};
      |                                     ^~~~
../Core/Src/display.c:21:37: note: (near initialization for 'xy')
../Core/Src/display.c:21:43: warning: excess elements in scalar initializer
   21 |  uint8_t* xy = {0x7C, 0x18, box[3], 0x7C, 0x19, box[4]};
      |                                           ^~~~
../Core/Src/display.c:21:43: note: (near initialization for 'xy')
../Core/Src/display.c:21:49: warning: excess elements in scalar initializer
   21 |  uint8_t* xy = {0x7C, 0x18, box[3], 0x7C, 0x19, box[4]};
      |                                                 ^~~
../Core/Src/display.c:21:49: note: (near initialization for 'xy')
../Core/Src/display.c:21:11: warning: unused variable 'xy' [-Wunused-variable]
   21 |  uint8_t* xy = {0x7C, 0x18, box[3], 0x7C, 0x19, box[4]};
      |           ^~
../Core/Src/display.c:19:8: warning: unused variable 'test' [-Wunused-variable]
   19 |  char* test = {0x4a, 0x61, 0x7a, 0x69, 0x62, 0x00};
      |        ^~~~
../Core/Src/display.c:7:10: warning: unused variable 'box2' [-Wunused-variable]
    7 |  uint8_t box2[] = {0x7C ,0x0F, 0x14 , 0x75 - 14, 0x8C , 0x7F - 14, 0x01};
      |          ^~~~
arm-none-eabi-g++ -o "motorDriving.elf" @"objects.list"   -mcpu=cortex-m4 -T"C:\Users\Jeremy\Documents\W23\373\finalProject\AutomatedChess\motorDriving\STM32L4R5ZITXP_FLASH.ld" --specs=nosys.specs -Wl,-Map="motorDriving.map" -Wl,--gc-sections -static --specs=nano.specs -mfpu=fpv4-sp-d16 -mfloat-abi=hard -mthumb -u _printf_float -Wl,--start-group -lc -lm -lstdc++ -lsupc++ -Wl,--end-group
Finished building target: motorDriving.elf
 
arm-none-eabi-size   motorDriving.elf 
arm-none-eabi-objdump -h -S  motorDriving.elf  > "motorDriving.list"
   text	   data	    bss	    dec	    hex	filename
  30240	    484	   1732	  32456	   7ec8	motorDriving.elf
Finished building: default.size.stdout
 
Finished building: motorDriving.list
 
19:15:57 **** Incremental Build of configuration Debug for project motorDriving ****
make -j16 all 
arm-none-eabi-size   motorDriving.elf 
   text	   data	    bss	    dec	    hex	filename
  30240	    484	   1732	  32456	   7ec8	motorDriving.elf
Finished building: default.size.stdout
 
19:16:41 **** Incremental Build of configuration Debug for project motorDriving ****
make -j16 all 
arm-none-eabi-size   motorDriving.elf 
   text	   data	    bss	    dec	    hex	filename
  30240	    484	   1732	  32456	   7ec8	motorDriving.elf
Finished building: default.size.stdout
 
19:17:29 **** Incremental Build of configuration Debug for project motorDriving ****
make -j16 all 
arm-none-eabi-size   motorDriving.elf 
   text	   data	    bss	    dec	    hex	filename
  30240	    484	   1732	  32456	   7ec8	motorDriving.elf
Finished building: default.size.stdout
 
19:17:56 **** Incremental Build of configuration Debug for project motorDriving ****
make -j16 all 
arm-none-eabi-size   motorDriving.elf 
   text	   data	    bss	    dec	    hex	filename
  30240	    484	   1732	  32456	   7ec8	motorDriving.elf
Finished building: default.size.stdout
 
19:18:14 **** Incremental Build of configuration Debug for project motorDriving ****
make -j16 all 
arm-none-eabi-size   motorDriving.elf 
   text	   data	    bss	    dec	    hex	filename
  30240	    484	   1732	  32456	   7ec8	motorDriving.elf
Finished building: default.size.stdout
 
19:18:41 **** Incremental Build of configuration Debug for project motorDriving ****
make -j16 all 
arm-none-eabi-size   motorDriving.elf 
   text	   data	    bss	    dec	    hex	filename
  30240	    484	   1732	  32456	   7ec8	motorDriving.elf
Finished building: default.size.stdout
 
19:19:03 **** Incremental Build of configuration Debug for project motorDriving ****
make -j16 all 
arm-none-eabi-size   motorDriving.elf 
   text	   data	    bss	    dec	    hex	filename
  30240	    484	   1732	  32456	   7ec8	motorDriving.elf
Finished building: default.size.stdout
 
19:19:59 **** Incremental Build of configuration Debug for project motorDriving ****
make -j16 all 
arm-none-eabi-size   motorDriving.elf 
   text	   data	    bss	    dec	    hex	filename
  30240	    484	   1732	  32456	   7ec8	motorDriving.elf
Finished building: default.size.stdout
 
19:20:39 **** Incremental Build of configuration Debug for project motorDriving ****
make -j16 all 
arm-none-eabi-size   motorDriving.elf 
   text	   data	    bss	    dec	    hex	filename
  30240	    484	   1732	  32456	   7ec8	motorDriving.elf
Finished building: default.size.stdout
 
19:22:20 **** Incremental Build of configuration Debug for project motorDriving ****
make -j16 all 
arm-none-eabi-size   motorDriving.elf 
   text	   data	    bss	    dec	    hex	filename
  30240	    484	   1732	  32456	   7ec8	motorDriving.elf
Finished building: default.size.stdout
 
19:24:23 **** Incremental Build of configuration Debug for project motorDriving ****
make -j16 all 
arm-none-eabi-gcc "../Core/Src/display.c" -mcpu=cortex-m4 -std=gnu11 -g3 -DDEBUG -DUSE_HAL_DRIVER -DSTM32L4R5xx -c -I../Core/Inc -I../Drivers/STM32L4xx_HAL_Driver/Inc -I../Drivers/STM32L4xx_HAL_Driver/Inc/Legacy -I../Drivers/CMSIS/Device/ST/STM32L4xx/Include -I../Drivers/CMSIS/Include -O0 -ffunction-sections -fdata-sections -Wall -fstack-usage -MMD -MP -MF"Core/Src/display.d" -MT"Core/Src/display.o" --specs=nano.specs -mfpu=fpv4-sp-d16 -mfloat-abi=hard -mthumb -o "Core/Src/display.o"
../Core/Src/display.c: In function 'makeMenu':
../Core/Src/display.c:19:16: warning: initialization of 'char *' from 'int' makes pointer from integer without a cast [-Wint-conversion]
   19 |  char* test = {0x4a, 0x61, 0x7a, 0x69, 0x62, 0x00};
      |                ^~~~
../Core/Src/display.c:19:16: note: (near initialization for 'test')
../Core/Src/display.c:19:22: warning: excess elements in scalar initializer
   19 |  char* test = {0x4a, 0x61, 0x7a, 0x69, 0x62, 0x00};
      |                      ^~~~
../Core/Src/display.c:19:22: note: (near initialization for 'test')
../Core/Src/display.c:19:28: warning: excess elements in scalar initializer
   19 |  char* test = {0x4a, 0x61, 0x7a, 0x69, 0x62, 0x00};
      |                            ^~~~
../Core/Src/display.c:19:28: note: (near initialization for 'test')
../Core/Src/display.c:19:34: warning: excess elements in scalar initializer
   19 |  char* test = {0x4a, 0x61, 0x7a, 0x69, 0x62, 0x00};
      |                                  ^~~~
../Core/Src/display.c:19:34: note: (near initialization for 'test')
../Core/Src/display.c:19:40: warning: excess elements in scalar initializer
   19 |  char* test = {0x4a, 0x61, 0x7a, 0x69, 0x62, 0x00};
      |                                        ^~~~
../Core/Src/display.c:19:40: note: (near initialization for 'test')
../Core/Src/display.c:19:46: warning: excess elements in scalar initializer
   19 |  char* test = {0x4a, 0x61, 0x7a, 0x69, 0x62, 0x00};
      |                                              ^~~~
../Core/Src/display.c:19:46: note: (near initialization for 'test')
../Core/Src/display.c:20:30: warning: pointer targets in passing argument 2 of 'HAL_UART_Transmit' differ in signedness [-Wpointer-sign]
   20 |  HAL_UART_Transmit (&huart3, "|Jazib", 10, 150);
      |                              ^~~~~~~~
      |                              |
      |                              char *
In file included from ../Core/Inc/stm32l4xx_hal_conf.h:450,
                 from ../Drivers/STM32L4xx_HAL_Driver/Inc/stm32l4xx_hal.h:29,
                 from ../Core/Inc/main.h:30,
                 from ../Core/Src/display.c:1:
../Drivers/STM32L4xx_HAL_Driver/Inc/stm32l4xx_hal_uart.h:1674:79: note: expected 'const uint8_t *' {aka 'const unsigned char *'} but argument is of type 'char *'
 1674 | HAL_StatusTypeDef HAL_UART_Transmit(UART_HandleTypeDef *huart, const uint8_t *pData, uint16_t Size, uint32_t Timeout);
      |                                                                ~~~~~~~~~~~~~~~^~~~~
../Core/Src/display.c:21:17: warning: initialization of 'uint8_t *' {aka 'unsigned char *'} from 'int' makes pointer from integer without a cast [-Wint-conversion]
   21 |  uint8_t* xy = {0x7C, 0x18, box[3], 0x7C, 0x19, box[4]};
      |                 ^~~~
../Core/Src/display.c:21:17: note: (near initialization for 'xy')
../Core/Src/display.c:21:23: warning: excess elements in scalar initializer
   21 |  uint8_t* xy = {0x7C, 0x18, box[3], 0x7C, 0x19, box[4]};
      |                       ^~~~
../Core/Src/display.c:21:23: note: (near initialization for 'xy')
../Core/Src/display.c:21:29: warning: excess elements in scalar initializer
   21 |  uint8_t* xy = {0x7C, 0x18, box[3], 0x7C, 0x19, box[4]};
      |                             ^~~
../Core/Src/display.c:21:29: note: (near initialization for 'xy')
../Core/Src/display.c:21:37: warning: excess elements in scalar initializer
   21 |  uint8_t* xy = {0x7C, 0x18, box[3], 0x7C, 0x19, box[4]};
      |                                     ^~~~
../Core/Src/display.c:21:37: note: (near initialization for 'xy')
../Core/Src/display.c:21:43: warning: excess elements in scalar initializer
   21 |  uint8_t* xy = {0x7C, 0x18, box[3], 0x7C, 0x19, box[4]};
      |                                           ^~~~
../Core/Src/display.c:21:43: note: (near initialization for 'xy')
../Core/Src/display.c:21:49: warning: excess elements in scalar initializer
   21 |  uint8_t* xy = {0x7C, 0x18, box[3], 0x7C, 0x19, box[4]};
      |                                                 ^~~
../Core/Src/display.c:21:49: note: (near initialization for 'xy')
../Core/Src/display.c:21:11: warning: unused variable 'xy' [-Wunused-variable]
   21 |  uint8_t* xy = {0x7C, 0x18, box[3], 0x7C, 0x19, box[4]};
      |           ^~
../Core/Src/display.c:19:8: warning: unused variable 'test' [-Wunused-variable]
   19 |  char* test = {0x4a, 0x61, 0x7a, 0x69, 0x62, 0x00};
      |        ^~~~
../Core/Src/display.c:7:10: warning: unused variable 'box2' [-Wunused-variable]
    7 |  uint8_t box2[] = {0x7C ,0x0F, 0x14 , 0x75 - 14, 0x8C , 0x7F - 14, 0x01};
      |          ^~~~
arm-none-eabi-g++ -o "motorDriving.elf" @"objects.list"   -mcpu=cortex-m4 -T"C:\Users\Jeremy\Documents\W23\373\finalProject\AutomatedChess\motorDriving\STM32L4R5ZITXP_FLASH.ld" --specs=nosys.specs -Wl,-Map="motorDriving.map" -Wl,--gc-sections -static --specs=nano.specs -mfpu=fpv4-sp-d16 -mfloat-abi=hard -mthumb -u _printf_float -Wl,--start-group -lc -lm -lstdc++ -lsupc++ -Wl,--end-group
Finished building target: motorDriving.elf
 
arm-none-eabi-size   motorDriving.elf 
arm-none-eabi-objdump -h -S  motorDriving.elf  > "motorDriving.list"
   text	   data	    bss	    dec	    hex	filename
  30248	    484	   1732	  32464	   7ed0	motorDriving.elf
Finished building: default.size.stdout
 
Finished building: motorDriving.list
 
19:25:19 **** Incremental Build of configuration Debug for project motorDriving ****
make -j16 all 
arm-none-eabi-size   motorDriving.elf 
   text	   data	    bss	    dec	    hex	filename
  30248	    484	   1732	  32464	   7ed0	motorDriving.elf
Finished building: default.size.stdout
 
19:26:25 **** Incremental Build of configuration Debug for project motorDriving ****
make -j16 all 
arm-none-eabi-gcc "../Core/Src/display.c" -mcpu=cortex-m4 -std=gnu11 -g3 -DDEBUG -DUSE_HAL_DRIVER -DSTM32L4R5xx -c -I../Core/Inc -I../Drivers/STM32L4xx_HAL_Driver/Inc -I../Drivers/STM32L4xx_HAL_Driver/Inc/Legacy -I../Drivers/CMSIS/Device/ST/STM32L4xx/Include -I../Drivers/CMSIS/Include -O0 -ffunction-sections -fdata-sections -Wall -fstack-usage -MMD -MP -MF"Core/Src/display.d" -MT"Core/Src/display.o" --specs=nano.specs -mfpu=fpv4-sp-d16 -mfloat-abi=hard -mthumb -o "Core/Src/display.o"
../Core/Src/display.c: In function 'makeMenu':
../Core/Src/display.c:19:16: warning: initialization of 'char *' from 'int' makes pointer from integer without a cast [-Wint-conversion]
   19 |  char* test = {0x4a, 0x61, 0x7a, 0x69, 0x62, 0x00};
      |                ^~~~
../Core/Src/display.c:19:16: note: (near initialization for 'test')
../Core/Src/display.c:19:22: warning: excess elements in scalar initializer
   19 |  char* test = {0x4a, 0x61, 0x7a, 0x69, 0x62, 0x00};
      |                      ^~~~
../Core/Src/display.c:19:22: note: (near initialization for 'test')
../Core/Src/display.c:19:28: warning: excess elements in scalar initializer
   19 |  char* test = {0x4a, 0x61, 0x7a, 0x69, 0x62, 0x00};
      |                            ^~~~
../Core/Src/display.c:19:28: note: (near initialization for 'test')
../Core/Src/display.c:19:34: warning: excess elements in scalar initializer
   19 |  char* test = {0x4a, 0x61, 0x7a, 0x69, 0x62, 0x00};
      |                                  ^~~~
../Core/Src/display.c:19:34: note: (near initialization for 'test')
../Core/Src/display.c:19:40: warning: excess elements in scalar initializer
   19 |  char* test = {0x4a, 0x61, 0x7a, 0x69, 0x62, 0x00};
      |                                        ^~~~
../Core/Src/display.c:19:40: note: (near initialization for 'test')
../Core/Src/display.c:19:46: warning: excess elements in scalar initializer
   19 |  char* test = {0x4a, 0x61, 0x7a, 0x69, 0x62, 0x00};
      |                                              ^~~~
../Core/Src/display.c:19:46: note: (near initialization for 'test')
../Core/Src/display.c:20:30: warning: pointer targets in passing argument 2 of 'HAL_UART_Transmit' differ in signedness [-Wpointer-sign]
   20 |  HAL_UART_Transmit (&huart3, "Jazib", 10, 150);
      |                              ^~~~~~~
      |                              |
      |                              char *
In file included from ../Core/Inc/stm32l4xx_hal_conf.h:450,
                 from ../Drivers/STM32L4xx_HAL_Driver/Inc/stm32l4xx_hal.h:29,
                 from ../Core/Inc/main.h:30,
                 from ../Core/Src/display.c:1:
../Drivers/STM32L4xx_HAL_Driver/Inc/stm32l4xx_hal_uart.h:1674:79: note: expected 'const uint8_t *' {aka 'const unsigned char *'} but argument is of type 'char *'
 1674 | HAL_StatusTypeDef HAL_UART_Transmit(UART_HandleTypeDef *huart, const uint8_t *pData, uint16_t Size, uint32_t Timeout);
      |                                                                ~~~~~~~~~~~~~~~^~~~~
../Core/Src/display.c:21:17: warning: initialization of 'uint8_t *' {aka 'unsigned char *'} from 'int' makes pointer from integer without a cast [-Wint-conversion]
   21 |  uint8_t* xy = {0x7C, 0x18, box[3], 0x7C, 0x19, box[4]};
      |                 ^~~~
../Core/Src/display.c:21:17: note: (near initialization for 'xy')
../Core/Src/display.c:21:23: warning: excess elements in scalar initializer
   21 |  uint8_t* xy = {0x7C, 0x18, box[3], 0x7C, 0x19, box[4]};
      |                       ^~~~
../Core/Src/display.c:21:23: note: (near initialization for 'xy')
../Core/Src/display.c:21:29: warning: excess elements in scalar initializer
   21 |  uint8_t* xy = {0x7C, 0x18, box[3], 0x7C, 0x19, box[4]};
      |                             ^~~
../Core/Src/display.c:21:29: note: (near initialization for 'xy')
../Core/Src/display.c:21:37: warning: excess elements in scalar initializer
   21 |  uint8_t* xy = {0x7C, 0x18, box[3], 0x7C, 0x19, box[4]};
      |                                     ^~~~
../Core/Src/display.c:21:37: note: (near initialization for 'xy')
../Core/Src/display.c:21:43: warning: excess elements in scalar initializer
   21 |  uint8_t* xy = {0x7C, 0x18, box[3], 0x7C, 0x19, box[4]};
      |                                           ^~~~
../Core/Src/display.c:21:43: note: (near initialization for 'xy')
../Core/Src/display.c:21:49: warning: excess elements in scalar initializer
   21 |  uint8_t* xy = {0x7C, 0x18, box[3], 0x7C, 0x19, box[4]};
      |                                                 ^~~
../Core/Src/display.c:21:49: note: (near initialization for 'xy')
../Core/Src/display.c:21:11: warning: unused variable 'xy' [-Wunused-variable]
   21 |  uint8_t* xy = {0x7C, 0x18, box[3], 0x7C, 0x19, box[4]};
      |           ^~
../Core/Src/display.c:19:8: warning: unused variable 'test' [-Wunused-variable]
   19 |  char* test = {0x4a, 0x61, 0x7a, 0x69, 0x62, 0x00};
      |        ^~~~
../Core/Src/display.c:7:10: warning: unused variable 'box2' [-Wunused-variable]
    7 |  uint8_t box2[] = {0x7C ,0x0F, 0x14 , 0x75 - 14, 0x8C , 0x7F - 14, 0x01};
      |          ^~~~
arm-none-eabi-g++ -o "motorDriving.elf" @"objects.list"   -mcpu=cortex-m4 -T"C:\Users\Jeremy\Documents\W23\373\finalProject\AutomatedChess\motorDriving\STM32L4R5ZITXP_FLASH.ld" --specs=nosys.specs -Wl,-Map="motorDriving.map" -Wl,--gc-sections -static --specs=nano.specs -mfpu=fpv4-sp-d16 -mfloat-abi=hard -mthumb -u _printf_float -Wl,--start-group -lc -lm -lstdc++ -lsupc++ -Wl,--end-group
Finished building target: motorDriving.elf
 
arm-none-eabi-size   motorDriving.elf 
arm-none-eabi-objdump -h -S  motorDriving.elf  > "motorDriving.list"
   text	   data	    bss	    dec	    hex	filename
  30248	    484	   1732	  32464	   7ed0	motorDriving.elf
Finished building: default.size.stdout
 
Finished building: motorDriving.list
 
19:26:55 **** Incremental Build of configuration Debug for project motorDriving ****
make -j16 all 
arm-none-eabi-gcc "../Core/Src/display.c" -mcpu=cortex-m4 -std=gnu11 -g3 -DDEBUG -DUSE_HAL_DRIVER -DSTM32L4R5xx -c -I../Core/Inc -I../Drivers/STM32L4xx_HAL_Driver/Inc -I../Drivers/STM32L4xx_HAL_Driver/Inc/Legacy -I../Drivers/CMSIS/Device/ST/STM32L4xx/Include -I../Drivers/CMSIS/Include -O0 -ffunction-sections -fdata-sections -Wall -fstack-usage -MMD -MP -MF"Core/Src/display.d" -MT"Core/Src/display.o" --specs=nano.specs -mfpu=fpv4-sp-d16 -mfloat-abi=hard -mthumb -o "Core/Src/display.o"
../Core/Src/display.c: In function 'makeMenu':
../Core/Src/display.c:19:16: warning: initialization of 'char *' from 'int' makes pointer from integer without a cast [-Wint-conversion]
   19 |  char* test = {0x4a, 0x61, 0x7a, 0x69, 0x62, 0x00};
      |                ^~~~
../Core/Src/display.c:19:16: note: (near initialization for 'test')
../Core/Src/display.c:19:22: warning: excess elements in scalar initializer
   19 |  char* test = {0x4a, 0x61, 0x7a, 0x69, 0x62, 0x00};
      |                      ^~~~
../Core/Src/display.c:19:22: note: (near initialization for 'test')
../Core/Src/display.c:19:28: warning: excess elements in scalar initializer
   19 |  char* test = {0x4a, 0x61, 0x7a, 0x69, 0x62, 0x00};
      |                            ^~~~
../Core/Src/display.c:19:28: note: (near initialization for 'test')
../Core/Src/display.c:19:34: warning: excess elements in scalar initializer
   19 |  char* test = {0x4a, 0x61, 0x7a, 0x69, 0x62, 0x00};
      |                                  ^~~~
../Core/Src/display.c:19:34: note: (near initialization for 'test')
../Core/Src/display.c:19:40: warning: excess elements in scalar initializer
   19 |  char* test = {0x4a, 0x61, 0x7a, 0x69, 0x62, 0x00};
      |                                        ^~~~
../Core/Src/display.c:19:40: note: (near initialization for 'test')
../Core/Src/display.c:19:46: warning: excess elements in scalar initializer
   19 |  char* test = {0x4a, 0x61, 0x7a, 0x69, 0x62, 0x00};
      |                                              ^~~~
../Core/Src/display.c:19:46: note: (near initialization for 'test')
../Core/Src/display.c:21:17: warning: initialization of 'uint8_t *' {aka 'unsigned char *'} from 'int' makes pointer from integer without a cast [-Wint-conversion]
   21 |  uint8_t* xy = {0x7C, 0x18, box[3], 0x7C, 0x19, box[4]};
      |                 ^~~~
../Core/Src/display.c:21:17: note: (near initialization for 'xy')
../Core/Src/display.c:21:23: warning: excess elements in scalar initializer
   21 |  uint8_t* xy = {0x7C, 0x18, box[3], 0x7C, 0x19, box[4]};
      |                       ^~~~
../Core/Src/display.c:21:23: note: (near initialization for 'xy')
../Core/Src/display.c:21:29: warning: excess elements in scalar initializer
   21 |  uint8_t* xy = {0x7C, 0x18, box[3], 0x7C, 0x19, box[4]};
      |                             ^~~
../Core/Src/display.c:21:29: note: (near initialization for 'xy')
../Core/Src/display.c:21:37: warning: excess elements in scalar initializer
   21 |  uint8_t* xy = {0x7C, 0x18, box[3], 0x7C, 0x19, box[4]};
      |                                     ^~~~
../Core/Src/display.c:21:37: note: (near initialization for 'xy')
../Core/Src/display.c:21:43: warning: excess elements in scalar initializer
   21 |  uint8_t* xy = {0x7C, 0x18, box[3], 0x7C, 0x19, box[4]};
      |                                           ^~~~
../Core/Src/display.c:21:43: note: (near initialization for 'xy')
../Core/Src/display.c:21:49: warning: excess elements in scalar initializer
   21 |  uint8_t* xy = {0x7C, 0x18, box[3], 0x7C, 0x19, box[4]};
      |                                                 ^~~
../Core/Src/display.c:21:49: note: (near initialization for 'xy')
../Core/Src/display.c:21:11: warning: unused variable 'xy' [-Wunused-variable]
   21 |  uint8_t* xy = {0x7C, 0x18, box[3], 0x7C, 0x19, box[4]};
      |           ^~
../Core/Src/display.c:19:8: warning: unused variable 'test' [-Wunused-variable]
   19 |  char* test = {0x4a, 0x61, 0x7a, 0x69, 0x62, 0x00};
      |        ^~~~
../Core/Src/display.c:7:10: warning: unused variable 'box2' [-Wunused-variable]
    7 |  uint8_t box2[] = {0x7C ,0x0F, 0x14 , 0x75 - 14, 0x8C , 0x7F - 14, 0x01};
      |          ^~~~
arm-none-eabi-g++ -o "motorDriving.elf" @"objects.list"   -mcpu=cortex-m4 -T"C:\Users\Jeremy\Documents\W23\373\finalProject\AutomatedChess\motorDriving\STM32L4R5ZITXP_FLASH.ld" --specs=nosys.specs -Wl,-Map="motorDriving.map" -Wl,--gc-sections -static --specs=nano.specs -mfpu=fpv4-sp-d16 -mfloat-abi=hard -mthumb -u _printf_float -Wl,--start-group -lc -lm -lstdc++ -lsupc++ -Wl,--end-group
Finished building target: motorDriving.elf
 
arm-none-eabi-size   motorDriving.elf 
arm-none-eabi-objdump -h -S  motorDriving.elf  > "motorDriving.list"
   text	   data	    bss	    dec	    hex	filename
  30232	    484	   1732	  32448	   7ec0	motorDriving.elf
Finished building: default.size.stdout
 
Finished building: motorDriving.list
 
19:28:30 **** Incremental Build of configuration Debug for project motorDriving ****
make -j16 all 
arm-none-eabi-size   motorDriving.elf 
   text	   data	    bss	    dec	    hex	filename
  30232	    484	   1732	  32448	   7ec0	motorDriving.elf
Finished building: default.size.stdout
 
19:29:37 **** Incremental Build of configuration Debug for project motorDriving ****
make -j16 all 
arm-none-eabi-size   motorDriving.elf 
   text	   data	    bss	    dec	    hex	filename
  30232	    484	   1732	  32448	   7ec0	motorDriving.elf
Finished building: default.size.stdout
 
19:29:53 **** Incremental Build of configuration Debug for project motorDriving ****
make -j16 all 
arm-none-eabi-size   motorDriving.elf 
   text	   data	    bss	    dec	    hex	filename
  30232	    484	   1732	  32448	   7ec0	motorDriving.elf
Finished building: default.size.stdout
 
19:30:24 **** Incremental Build of configuration Debug for project motorDriving ****
make -j16 all 
arm-none-eabi-gcc "../Core/Src/display.c" -mcpu=cortex-m4 -std=gnu11 -g3 -DDEBUG -DUSE_HAL_DRIVER -DSTM32L4R5xx -c -I../Core/Inc -I../Drivers/STM32L4xx_HAL_Driver/Inc -I../Drivers/STM32L4xx_HAL_Driver/Inc/Legacy -I../Drivers/CMSIS/Device/ST/STM32L4xx/Include -I../Drivers/CMSIS/Include -O0 -ffunction-sections -fdata-sections -Wall -fstack-usage -MMD -MP -MF"Core/Src/display.d" -MT"Core/Src/display.o" --specs=nano.specs -mfpu=fpv4-sp-d16 -mfloat-abi=hard -mthumb -o "Core/Src/display.o"
../Core/Src/display.c: In function 'makeMenu':
../Core/Src/display.c:19:16: warning: initialization of 'char *' from 'int' makes pointer from integer without a cast [-Wint-conversion]
   19 |  char* test = {0x4a, 0x61, 0x7a, 0x69, 0x62, 0x00};
      |                ^~~~
../Core/Src/display.c:19:16: note: (near initialization for 'test')
../Core/Src/display.c:19:22: warning: excess elements in scalar initializer
   19 |  char* test = {0x4a, 0x61, 0x7a, 0x69, 0x62, 0x00};
      |                      ^~~~
../Core/Src/display.c:19:22: note: (near initialization for 'test')
../Core/Src/display.c:19:28: warning: excess elements in scalar initializer
   19 |  char* test = {0x4a, 0x61, 0x7a, 0x69, 0x62, 0x00};
      |                            ^~~~
../Core/Src/display.c:19:28: note: (near initialization for 'test')
../Core/Src/display.c:19:34: warning: excess elements in scalar initializer
   19 |  char* test = {0x4a, 0x61, 0x7a, 0x69, 0x62, 0x00};
      |                                  ^~~~
../Core/Src/display.c:19:34: note: (near initialization for 'test')
../Core/Src/display.c:19:40: warning: excess elements in scalar initializer
   19 |  char* test = {0x4a, 0x61, 0x7a, 0x69, 0x62, 0x00};
      |                                        ^~~~
../Core/Src/display.c:19:40: note: (near initialization for 'test')
../Core/Src/display.c:19:46: warning: excess elements in scalar initializer
   19 |  char* test = {0x4a, 0x61, 0x7a, 0x69, 0x62, 0x00};
      |                                              ^~~~
../Core/Src/display.c:19:46: note: (near initialization for 'test')
../Core/Src/display.c:21:17: warning: initialization of 'uint8_t *' {aka 'unsigned char *'} from 'int' makes pointer from integer without a cast [-Wint-conversion]
   21 |  uint8_t* xy = {0x7C, 0x18, box[3], 0x7C, 0x19, box[4]};
      |                 ^~~~
../Core/Src/display.c:21:17: note: (near initialization for 'xy')
../Core/Src/display.c:21:23: warning: excess elements in scalar initializer
   21 |  uint8_t* xy = {0x7C, 0x18, box[3], 0x7C, 0x19, box[4]};
      |                       ^~~~
../Core/Src/display.c:21:23: note: (near initialization for 'xy')
../Core/Src/display.c:21:29: warning: excess elements in scalar initializer
   21 |  uint8_t* xy = {0x7C, 0x18, box[3], 0x7C, 0x19, box[4]};
      |                             ^~~
../Core/Src/display.c:21:29: note: (near initialization for 'xy')
../Core/Src/display.c:21:37: warning: excess elements in scalar initializer
   21 |  uint8_t* xy = {0x7C, 0x18, box[3], 0x7C, 0x19, box[4]};
      |                                     ^~~~
../Core/Src/display.c:21:37: note: (near initialization for 'xy')
../Core/Src/display.c:21:43: warning: excess elements in scalar initializer
   21 |  uint8_t* xy = {0x7C, 0x18, box[3], 0x7C, 0x19, box[4]};
      |                                           ^~~~
../Core/Src/display.c:21:43: note: (near initialization for 'xy')
../Core/Src/display.c:21:49: warning: excess elements in scalar initializer
   21 |  uint8_t* xy = {0x7C, 0x18, box[3], 0x7C, 0x19, box[4]};
      |                                                 ^~~
../Core/Src/display.c:21:49: note: (near initialization for 'xy')
../Core/Src/display.c:21:11: warning: unused variable 'xy' [-Wunused-variable]
   21 |  uint8_t* xy = {0x7C, 0x18, box[3], 0x7C, 0x19, box[4]};
      |           ^~
../Core/Src/display.c:19:8: warning: unused variable 'test' [-Wunused-variable]
   19 |  char* test = {0x4a, 0x61, 0x7a, 0x69, 0x62, 0x00};
      |        ^~~~
../Core/Src/display.c:7:10: warning: unused variable 'box2' [-Wunused-variable]
    7 |  uint8_t box2[] = {0x7C ,0x0F, 0x14 , 0x75 - 14, 0x8C , 0x7F - 14, 0x00};
      |          ^~~~
arm-none-eabi-g++ -o "motorDriving.elf" @"objects.list"   -mcpu=cortex-m4 -T"C:\Users\Jeremy\Documents\W23\373\finalProject\AutomatedChess\motorDriving\STM32L4R5ZITXP_FLASH.ld" --specs=nosys.specs -Wl,-Map="motorDriving.map" -Wl,--gc-sections -static --specs=nano.specs -mfpu=fpv4-sp-d16 -mfloat-abi=hard -mthumb -u _printf_float -Wl,--start-group -lc -lm -lstdc++ -lsupc++ -Wl,--end-group
Finished building target: motorDriving.elf
 
arm-none-eabi-size   motorDriving.elf 
arm-none-eabi-objdump -h -S  motorDriving.elf  > "motorDriving.list"
   text	   data	    bss	    dec	    hex	filename
  30232	    484	   1732	  32448	   7ec0	motorDriving.elf
Finished building: default.size.stdout
 
Finished building: motorDriving.list
 
19:30:41 **** Incremental Build of configuration Debug for project motorDriving ****
make -j16 all 
arm-none-eabi-gcc "../Core/Src/display.c" -mcpu=cortex-m4 -std=gnu11 -g3 -DDEBUG -DUSE_HAL_DRIVER -DSTM32L4R5xx -c -I../Core/Inc -I../Drivers/STM32L4xx_HAL_Driver/Inc -I../Drivers/STM32L4xx_HAL_Driver/Inc/Legacy -I../Drivers/CMSIS/Device/ST/STM32L4xx/Include -I../Drivers/CMSIS/Include -O0 -ffunction-sections -fdata-sections -Wall -fstack-usage -MMD -MP -MF"Core/Src/display.d" -MT"Core/Src/display.o" --specs=nano.specs -mfpu=fpv4-sp-d16 -mfloat-abi=hard -mthumb -o "Core/Src/display.o"
../Core/Src/display.c: In function 'makeMenu':
../Core/Src/display.c:19:16: warning: initialization of 'char *' from 'int' makes pointer from integer without a cast [-Wint-conversion]
   19 |  char* test = {0x4a, 0x61, 0x7a, 0x69, 0x62, 0x00};
      |                ^~~~
../Core/Src/display.c:19:16: note: (near initialization for 'test')
../Core/Src/display.c:19:22: warning: excess elements in scalar initializer
   19 |  char* test = {0x4a, 0x61, 0x7a, 0x69, 0x62, 0x00};
      |                      ^~~~
../Core/Src/display.c:19:22: note: (near initialization for 'test')
../Core/Src/display.c:19:28: warning: excess elements in scalar initializer
   19 |  char* test = {0x4a, 0x61, 0x7a, 0x69, 0x62, 0x00};
      |                            ^~~~
../Core/Src/display.c:19:28: note: (near initialization for 'test')
../Core/Src/display.c:19:34: warning: excess elements in scalar initializer
   19 |  char* test = {0x4a, 0x61, 0x7a, 0x69, 0x62, 0x00};
      |                                  ^~~~
../Core/Src/display.c:19:34: note: (near initialization for 'test')
../Core/Src/display.c:19:40: warning: excess elements in scalar initializer
   19 |  char* test = {0x4a, 0x61, 0x7a, 0x69, 0x62, 0x00};
      |                                        ^~~~
../Core/Src/display.c:19:40: note: (near initialization for 'test')
../Core/Src/display.c:19:46: warning: excess elements in scalar initializer
   19 |  char* test = {0x4a, 0x61, 0x7a, 0x69, 0x62, 0x00};
      |                                              ^~~~
../Core/Src/display.c:19:46: note: (near initialization for 'test')
../Core/Src/display.c:21:17: warning: initialization of 'uint8_t *' {aka 'unsigned char *'} from 'int' makes pointer from integer without a cast [-Wint-conversion]
   21 |  uint8_t* xy = {0x7C, 0x18, box[3], 0x7C, 0x19, box[4]};
      |                 ^~~~
../Core/Src/display.c:21:17: note: (near initialization for 'xy')
../Core/Src/display.c:21:23: warning: excess elements in scalar initializer
   21 |  uint8_t* xy = {0x7C, 0x18, box[3], 0x7C, 0x19, box[4]};
      |                       ^~~~
../Core/Src/display.c:21:23: note: (near initialization for 'xy')
../Core/Src/display.c:21:29: warning: excess elements in scalar initializer
   21 |  uint8_t* xy = {0x7C, 0x18, box[3], 0x7C, 0x19, box[4]};
      |                             ^~~
../Core/Src/display.c:21:29: note: (near initialization for 'xy')
../Core/Src/display.c:21:37: warning: excess elements in scalar initializer
   21 |  uint8_t* xy = {0x7C, 0x18, box[3], 0x7C, 0x19, box[4]};
      |                                     ^~~~
../Core/Src/display.c:21:37: note: (near initialization for 'xy')
../Core/Src/display.c:21:43: warning: excess elements in scalar initializer
   21 |  uint8_t* xy = {0x7C, 0x18, box[3], 0x7C, 0x19, box[4]};
      |                                           ^~~~
../Core/Src/display.c:21:43: note: (near initialization for 'xy')
../Core/Src/display.c:21:49: warning: excess elements in scalar initializer
   21 |  uint8_t* xy = {0x7C, 0x18, box[3], 0x7C, 0x19, box[4]};
      |                                                 ^~~
../Core/Src/display.c:21:49: note: (near initialization for 'xy')
../Core/Src/display.c:21:11: warning: unused variable 'xy' [-Wunused-variable]
   21 |  uint8_t* xy = {0x7C, 0x18, box[3], 0x7C, 0x19, box[4]};
      |           ^~
../Core/Src/display.c:19:8: warning: unused variable 'test' [-Wunused-variable]
   19 |  char* test = {0x4a, 0x61, 0x7a, 0x69, 0x62, 0x00};
      |        ^~~~
../Core/Src/display.c:7:10: warning: unused variable 'box2' [-Wunused-variable]
    7 |  uint8_t box2[] = {0x7C ,0x0F, 0x14 , 0x75 - 14, 0x8C , 0x7F - 14, 0x00};
      |          ^~~~
arm-none-eabi-g++ -o "motorDriving.elf" @"objects.list"   -mcpu=cortex-m4 -T"C:\Users\Jeremy\Documents\W23\373\finalProject\AutomatedChess\motorDriving\STM32L4R5ZITXP_FLASH.ld" --specs=nosys.specs -Wl,-Map="motorDriving.map" -Wl,--gc-sections -static --specs=nano.specs -mfpu=fpv4-sp-d16 -mfloat-abi=hard -mthumb -u _printf_float -Wl,--start-group -lc -lm -lstdc++ -lsupc++ -Wl,--end-group
Finished building target: motorDriving.elf
 
arm-none-eabi-size   motorDriving.elf 
arm-none-eabi-objdump -h -S  motorDriving.elf  > "motorDriving.list"
   text	   data	    bss	    dec	    hex	filename
  30232	    484	   1732	  32448	   7ec0	motorDriving.elf
Finished building: default.size.stdout
 
Finished building: motorDriving.list
 
19:36:54 **** Incremental Build of configuration Debug for project motorDriving ****
make -j16 all 
arm-none-eabi-gcc "../Core/Src/display.c" -mcpu=cortex-m4 -std=gnu11 -g3 -DDEBUG -DUSE_HAL_DRIVER -DSTM32L4R5xx -c -I../Core/Inc -I../Drivers/STM32L4xx_HAL_Driver/Inc -I../Drivers/STM32L4xx_HAL_Driver/Inc/Legacy -I../Drivers/CMSIS/Device/ST/STM32L4xx/Include -I../Drivers/CMSIS/Include -O0 -ffunction-sections -fdata-sections -Wall -fstack-usage -MMD -MP -MF"Core/Src/display.d" -MT"Core/Src/display.o" --specs=nano.specs -mfpu=fpv4-sp-d16 -mfloat-abi=hard -mthumb -o "Core/Src/display.o"
arm-none-eabi-gcc "../Core/Src/main.c" -mcpu=cortex-m4 -std=gnu11 -g3 -DDEBUG -DUSE_HAL_DRIVER -DSTM32L4R5xx -c -I../Core/Inc -I../Drivers/STM32L4xx_HAL_Driver/Inc -I../Drivers/STM32L4xx_HAL_Driver/Inc/Legacy -I../Drivers/CMSIS/Device/ST/STM32L4xx/Include -I../Drivers/CMSIS/Include -O0 -ffunction-sections -fdata-sections -Wall -fstack-usage -MMD -MP -MF"Core/Src/main.d" -MT"Core/Src/main.o" --specs=nano.specs -mfpu=fpv4-sp-d16 -mfloat-abi=hard -mthumb -o "Core/Src/main.o"
../Core/Src/display.c: In function 'makeMenu':
../Core/Src/display.c:19:16: warning: initialization of 'char *' from 'int' makes pointer from integer without a cast [-Wint-conversion]
   19 |  char* test = {0x4a, 0x61, 0x7a, 0x69, 0x62, 0x00};
      |                ^~~~
../Core/Src/display.c:19:16: note: (near initialization for 'test')
../Core/Src/display.c:19:22: warning: excess elements in scalar initializer
   19 |  char* test = {0x4a, 0x61, 0x7a, 0x69, 0x62, 0x00};
      |                      ^~~~
../Core/Src/display.c:19:22: note: (near initialization for 'test')
../Core/Src/display.c:19:28: warning: excess elements in scalar initializer
   19 |  char* test = {0x4a, 0x61, 0x7a, 0x69, 0x62, 0x00};
      |                            ^~~~
../Core/Src/display.c:19:28: note: (near initialization for 'test')
../Core/Src/display.c:19:34: warning: excess elements in scalar initializer
   19 |  char* test = {0x4a, 0x61, 0x7a, 0x69, 0x62, 0x00};
      |                                  ^~~~
../Core/Src/display.c:19:34: note: (near initialization for 'test')
../Core/Src/display.c:19:40: warning: excess elements in scalar initializer
   19 |  char* test = {0x4a, 0x61, 0x7a, 0x69, 0x62, 0x00};
      |                                        ^~~~
../Core/Src/display.c:19:40: note: (near initialization for 'test')
../Core/Src/display.c:19:46: warning: excess elements in scalar initializer
   19 |  char* test = {0x4a, 0x61, 0x7a, 0x69, 0x62, 0x00};
      |                                              ^~~~
../Core/Src/display.c:19:46: note: (near initialization for 'test')
../Core/Src/display.c:20:30: warning: pointer targets in passing argument 2 of 'HAL_UART_Transmit' differ in signedness [-Wpointer-sign]
   20 |  HAL_UART_Transmit (&huart3, "Jazib", 10, 150);
      |                              ^~~~~~~
      |                              |
      |                              char *
In file included from ../Core/Inc/stm32l4xx_hal_conf.h:450,
                 from ../Drivers/STM32L4xx_HAL_Driver/Inc/stm32l4xx_hal.h:29,
                 from ../Core/Inc/main.h:30,
                 from ../Core/Src/display.c:1:
../Drivers/STM32L4xx_HAL_Driver/Inc/stm32l4xx_hal_uart.h:1674:79: note: expected 'const uint8_t *' {aka 'const unsigned char *'} but argument is of type 'char *'
 1674 | HAL_StatusTypeDef HAL_UART_Transmit(UART_HandleTypeDef *huart, const uint8_t *pData, uint16_t Size, uint32_t Timeout);
      |                                                                ~~~~~~~~~~~~~~~^~~~~
../Core/Src/display.c:21:17: warning: initialization of 'uint8_t *' {aka 'unsigned char *'} from 'int' makes pointer from integer without a cast [-Wint-conversion]
   21 |  uint8_t* xy = {0x7C, 0x18, box[3], 0x7C, 0x19, box[4]};
      |                 ^~~~
../Core/Src/display.c:21:17: note: (near initialization for 'xy')
../Core/Src/display.c:21:23: warning: excess elements in scalar initializer
   21 |  uint8_t* xy = {0x7C, 0x18, box[3], 0x7C, 0x19, box[4]};
      |                       ^~~~
../Core/Src/display.c:21:23: note: (near initialization for 'xy')
../Core/Src/display.c:21:29: warning: excess elements in scalar initializer
   21 |  uint8_t* xy = {0x7C, 0x18, box[3], 0x7C, 0x19, box[4]};
      |                             ^~~
../Core/Src/display.c:21:29: note: (near initialization for 'xy')
../Core/Src/display.c:21:37: warning: excess elements in scalar initializer
   21 |  uint8_t* xy = {0x7C, 0x18, box[3], 0x7C, 0x19, box[4]};
      |                                     ^~~~
../Core/Src/display.c:21:37: note: (near initialization for 'xy')
../Core/Src/display.c:21:43: warning: excess elements in scalar initializer
   21 |  uint8_t* xy = {0x7C, 0x18, box[3], 0x7C, 0x19, box[4]};
      |                                           ^~~~
../Core/Src/display.c:21:43: note: (near initialization for 'xy')
../Core/Src/display.c:21:49: warning: excess elements in scalar initializer
   21 |  uint8_t* xy = {0x7C, 0x18, box[3], 0x7C, 0x19, box[4]};
      |                                                 ^~~
../Core/Src/display.c:21:49: note: (near initialization for 'xy')
../Core/Src/display.c:21:11: warning: unused variable 'xy' [-Wunused-variable]
   21 |  uint8_t* xy = {0x7C, 0x18, box[3], 0x7C, 0x19, box[4]};
      |           ^~
../Core/Src/display.c:19:8: warning: unused variable 'test' [-Wunused-variable]
   19 |  char* test = {0x4a, 0x61, 0x7a, 0x69, 0x62, 0x00};
      |        ^~~~
../Core/Src/display.c:7:10: warning: unused variable 'box2' [-Wunused-variable]
    7 |  uint8_t box2[] = {0x7C ,0x0F, 0x14 , 0x75 - 14, 0x8C , 0x7F - 14, 0x01};
      |          ^~~~
arm-none-eabi-g++ -o "motorDriving.elf" @"objects.list"   -mcpu=cortex-m4 -T"C:\Users\Jeremy\Documents\W23\373\finalProject\AutomatedChess\motorDriving\STM32L4R5ZITXP_FLASH.ld" --specs=nosys.specs -Wl,-Map="motorDriving.map" -Wl,--gc-sections -static --specs=nano.specs -mfpu=fpv4-sp-d16 -mfloat-abi=hard -mthumb -u _printf_float -Wl,--start-group -lc -lm -lstdc++ -lsupc++ -Wl,--end-group
Finished building target: motorDriving.elf
 
arm-none-eabi-size   motorDriving.elf 
arm-none-eabi-objdump -h -S  motorDriving.elf  > "motorDriving.list"
   text	   data	    bss	    dec	    hex	filename
  30248	    484	   1732	  32464	   7ed0	motorDriving.elf
Finished building: default.size.stdout
 
Finished building: motorDriving.list
 
19:37:26 **** Incremental Build of configuration Debug for project motorDriving ****
make -j16 all 
arm-none-eabi-size   motorDriving.elf 
   text	   data	    bss	    dec	    hex	filename
  30248	    484	   1732	  32464	   7ed0	motorDriving.elf
Finished building: default.size.stdout
 
19:37:47 **** Incremental Build of configuration Debug for project motorDriving ****
make -j16 all 
arm-none-eabi-size   motorDriving.elf 
   text	   data	    bss	    dec	    hex	filename
  30248	    484	   1732	  32464	   7ed0	motorDriving.elf
Finished building: default.size.stdout
 
19:38:15 **** Incremental Build of configuration Debug for project motorDriving ****
make -j16 all 
arm-none-eabi-size   motorDriving.elf 
   text	   data	    bss	    dec	    hex	filename
  30248	    484	   1732	  32464	   7ed0	motorDriving.elf
Finished building: default.size.stdout
 
19:38:56 **** Incremental Build of configuration Debug for project motorDriving ****
make -j16 all 
arm-none-eabi-gcc "../Core/Src/display.c" -mcpu=cortex-m4 -std=gnu11 -g3 -DDEBUG -DUSE_HAL_DRIVER -DSTM32L4R5xx -c -I../Core/Inc -I../Drivers/STM32L4xx_HAL_Driver/Inc -I../Drivers/STM32L4xx_HAL_Driver/Inc/Legacy -I../Drivers/CMSIS/Device/ST/STM32L4xx/Include -I../Drivers/CMSIS/Include -O0 -ffunction-sections -fdata-sections -Wall -fstack-usage -MMD -MP -MF"Core/Src/display.d" -MT"Core/Src/display.o" --specs=nano.specs -mfpu=fpv4-sp-d16 -mfloat-abi=hard -mthumb -o "Core/Src/display.o"
../Core/Src/display.c: In function 'makeMenu':
../Core/Src/display.c:19:16: warning: initialization of 'char *' from 'int' makes pointer from integer without a cast [-Wint-conversion]
   19 |  char* test = {0x4a, 0x61, 0x7a, 0x69, 0x62, 0x00};
      |                ^~~~
[...]
      |                                     ^~~
../Core/Src/main.c:186:37: note: (near initialization for 'location')
../Core/Src/main.c:186:21: error: storage size of 'location' isn't known
  186 |   struct coordinate location = {23, 151};
      |                     ^~~~~~~~
../Core/Src/main.c:187:3: warning: implicit declaration of function 'moveToExactCoord' [-Wimplicit-function-declaration]
  187 |   moveToExactCoord(location);
      |   ^~~~~~~~~~~~~~~~
../Core/Src/main.c:188:12: warning: unused variable 'keyNum' [-Wunused-variable]
  188 |   uint32_t keyNum = 16;
      |            ^~~~~~
../Core/Src/main.c:186:21: warning: unused variable 'location' [-Wunused-variable]
  186 |   struct coordinate location = {23, 151};
      |                     ^~~~~~~~
make: *** [Core/Src/subdir.mk:46: Core/Src/main.o] Error 1
"make -j16 all" terminated with exit code 2. Build might be incomplete.
23:07:29 **** Incremental Build of configuration Debug for project motorDriving ****
make -j16 all 
arm-none-eabi-gcc "../Core/Src/main.c" -mcpu=cortex-m4 -std=gnu11 -g3 -DDEBUG -DUSE_HAL_DRIVER -DSTM32L4R5xx -c -I../Core/Inc -I../Drivers/STM32L4xx_HAL_Driver/Inc -I../Drivers/STM32L4xx_HAL_Driver/Inc/Legacy -I../Drivers/CMSIS/Device/ST/STM32L4xx/Include -I../Drivers/CMSIS/Include -O0 -ffunction-sections -fdata-sections -Wall -fstack-usage -MMD -MP -MF"Core/Src/main.d" -MT"Core/Src/main.o" --specs=nano.specs -mfpu=fpv4-sp-d16 -mfloat-abi=hard -mthumb -o "Core/Src/main.o"
../Core/Src/main.c: In function 'main':
../Core/Src/main.c:192:12: warning: unused variable 'keyNum' [-Wunused-variable]
  192 |   uint32_t keyNum = 16;
      |            ^~~~~~
arm-none-eabi-g++ -o "motorDriving.elf" @"objects.list"   -mcpu=cortex-m4 -T"C:\Users\Jeremy\Documents\W23\373\finalProject\AutomatedChess\motorDriving\STM32L4R5ZITXP_FLASH.ld" --specs=nosys.specs -Wl,-Map="motorDriving.map" -Wl,--gc-sections -static --specs=nano.specs -mfpu=fpv4-sp-d16 -mfloat-abi=hard -mthumb -u _printf_float -Wl,--start-group -lc -lm -lstdc++ -lsupc++ -Wl,--end-group
Finished building target: motorDriving.elf
 
arm-none-eabi-size   motorDriving.elf 
arm-none-eabi-objdump -h -S  motorDriving.elf  > "motorDriving.list"
   text	   data	    bss	    dec	    hex	filename
  23208	    484	   1596	  25288	   62c8	motorDriving.elf
Finished building: default.size.stdout
 
Finished building: motorDriving.list
 
23:12:00 **** Incremental Build of configuration Debug for project motorDriving ****
make -j16 all 
arm-none-eabi-gcc "../Core/Src/main.c" -mcpu=cortex-m4 -std=gnu11 -g3 -DDEBUG -DUSE_HAL_DRIVER -DSTM32L4R5xx -c -I../Core/Inc -I../Drivers/STM32L4xx_HAL_Driver/Inc -I../Drivers/STM32L4xx_HAL_Driver/Inc/Legacy -I../Drivers/CMSIS/Device/ST/STM32L4xx/Include -I../Drivers/CMSIS/Include -O0 -ffunction-sections -fdata-sections -Wall -fstack-usage -MMD -MP -MF"Core/Src/main.d" -MT"Core/Src/main.o" --specs=nano.specs -mfpu=fpv4-sp-d16 -mfloat-abi=hard -mthumb -o "Core/Src/main.o"
arm-none-eabi-g++ -o "motorDriving.elf" @"objects.list"   -mcpu=cortex-m4 -T"C:\Users\Jeremy\Documents\W23\373\finalProject\AutomatedChess\motorDriving\STM32L4R5ZITXP_FLASH.ld" --specs=nosys.specs -Wl,-Map="motorDriving.map" -Wl,--gc-sections -static --specs=nano.specs -mfpu=fpv4-sp-d16 -mfloat-abi=hard -mthumb -u _printf_float -Wl,--start-group -lc -lm -lstdc++ -lsupc++ -Wl,--end-group
Finished building target: motorDriving.elf
 
arm-none-eabi-size   motorDriving.elf 
arm-none-eabi-objdump -h -S  motorDriving.elf  > "motorDriving.list"
   text	   data	    bss	    dec	    hex	filename
  23840	    484	   1596	  25920	   6540	motorDriving.elf
Finished building: default.size.stdout
 
Finished building: motorDriving.list
 
23:19:31 **** Incremental Build of configuration Debug for project motorDriving ****
make -j16 all 
arm-none-eabi-gcc "../Core/Src/main.c" -mcpu=cortex-m4 -std=gnu11 -g3 -DDEBUG -DUSE_HAL_DRIVER -DSTM32L4R5xx -c -I../Core/Inc -I../Drivers/STM32L4xx_HAL_Driver/Inc -I../Drivers/STM32L4xx_HAL_Driver/Inc/Legacy -I../Drivers/CMSIS/Device/ST/STM32L4xx/Include -I../Drivers/CMSIS/Include -O0 -ffunction-sections -fdata-sections -Wall -fstack-usage -MMD -MP -MF"Core/Src/main.d" -MT"Core/Src/main.o" --specs=nano.specs -mfpu=fpv4-sp-d16 -mfloat-abi=hard -mthumb -o "Core/Src/main.o"
../Core/Src/main.c: In function 'main':
../Core/Src/main.c:192:12: warning: unused variable 'keyNum' [-Wunused-variable]
  192 |   uint32_t keyNum = 16;
      |            ^~~~~~
arm-none-eabi-g++ -o "motorDriving.elf" @"objects.list"   -mcpu=cortex-m4 -T"C:\Users\Jeremy\Documents\W23\373\finalProject\AutomatedChess\motorDriving\STM32L4R5ZITXP_FLASH.ld" --specs=nosys.specs -Wl,-Map="motorDriving.map" -Wl,--gc-sections -static --specs=nano.specs -mfpu=fpv4-sp-d16 -mfloat-abi=hard -mthumb -u _printf_float -Wl,--start-group -lc -lm -lstdc++ -lsupc++ -Wl,--end-group
Finished building target: motorDriving.elf
 
arm-none-eabi-size   motorDriving.elf 
arm-none-eabi-objdump -h -S  motorDriving.elf  > "motorDriving.list"
   text	   data	    bss	    dec	    hex	filename
  23208	    484	   1596	  25288	   62c8	motorDriving.elf
Finished building: default.size.stdout
 
Finished building: motorDriving.list
 
23:21:00 **** Incremental Build of configuration Debug for project motorDriving ****
make -j16 all 
arm-none-eabi-size   motorDriving.elf 
   text	   data	    bss	    dec	    hex	filename
  23208	    484	   1596	  25288	   62c8	motorDriving.elf
Finished building: default.size.stdout
 
23:23:12 **** Incremental Build of configuration Debug for project motorDriving ****
make -j16 all 
arm-none-eabi-gcc "../Core/Src/main.c" -mcpu=cortex-m4 -std=gnu11 -g3 -DDEBUG -DUSE_HAL_DRIVER -DSTM32L4R5xx -c -I../Core/Inc -I../Drivers/STM32L4xx_HAL_Driver/Inc -I../Drivers/STM32L4xx_HAL_Driver/Inc/Legacy -I../Drivers/CMSIS/Device/ST/STM32L4xx/Include -I../Drivers/CMSIS/Include -O0 -ffunction-sections -fdata-sections -Wall -fstack-usage -MMD -MP -MF"Core/Src/main.d" -MT"Core/Src/main.o" --specs=nano.specs -mfpu=fpv4-sp-d16 -mfloat-abi=hard -mthumb -o "Core/Src/main.o"
../Core/Src/main.c: In function 'main':
../Core/Src/main.c:192:14: error: expected expression before '{' token
  192 |   location = {0,0}
      |              ^
../Core/Src/main.c:194:12: warning: unused variable 'keyNum' [-Wunused-variable]
  194 |   uint32_t keyNum = 16;
      |            ^~~~~~
make: *** [Core/Src/subdir.mk:46: Core/Src/main.o] Error 1
"make -j16 all" terminated with exit code 2. Build might be incomplete.
23:23:21 **** Incremental Build of configuration Debug for project motorDriving ****
make -j16 all 
arm-none-eabi-gcc "../Core/Src/main.c" -mcpu=cortex-m4 -std=gnu11 -g3 -DDEBUG -DUSE_HAL_DRIVER -DSTM32L4R5xx -c -I../Core/Inc -I../Drivers/STM32L4xx_HAL_Driver/Inc -I../Drivers/STM32L4xx_HAL_Driver/Inc/Legacy -I../Drivers/CMSIS/Device/ST/STM32L4xx/Include -I../Drivers/CMSIS/Include -O0 -ffunction-sections -fdata-sections -Wall -fstack-usage -MMD -MP -MF"Core/Src/main.d" -MT"Core/Src/main.o" --specs=nano.specs -mfpu=fpv4-sp-d16 -mfloat-abi=hard -mthumb -o "Core/Src/main.o"
../Core/Src/main.c: In function 'main':
../Core/Src/main.c:192:14: error: expected expression before '{' token
  192 |   location = {0,0};
      |              ^
../Core/Src/main.c:194:12: warning: unused variable 'keyNum' [-Wunused-variable]
  194 |   uint32_t keyNum = 16;
      |            ^~~~~~
make: *** [Core/Src/subdir.mk:46: Core/Src/main.o] Error 1
"make -j16 all" terminated with exit code 2. Build might be incomplete.
23:23:40 **** Incremental Build of configuration Debug for project motorDriving ****
make -j16 all 
arm-none-eabi-gcc "../Core/Src/main.c" -mcpu=cortex-m4 -std=gnu11 -g3 -DDEBUG -DUSE_HAL_DRIVER -DSTM32L4R5xx -c -I../Core/Inc -I../Drivers/STM32L4xx_HAL_Driver/Inc -I../Drivers/STM32L4xx_HAL_Driver/Inc/Legacy -I../Drivers/CMSIS/Device/ST/STM32L4xx/Include -I../Drivers/CMSIS/Include -O0 -ffunction-sections -fdata-sections -Wall -fstack-usage -MMD -MP -MF"Core/Src/main.d" -MT"Core/Src/main.o" --specs=nano.specs -mfpu=fpv4-sp-d16 -mfloat-abi=hard -mthumb -o "Core/Src/main.o"
../Core/Src/main.c: In function 'main':
../Core/Src/main.c:195:12: warning: unused variable 'keyNum' [-Wunused-variable]
  195 |   uint32_t keyNum = 16;
      |            ^~~~~~
arm-none-eabi-g++ -o "motorDriving.elf" @"objects.list"   -mcpu=cortex-m4 -T"C:\Users\Jeremy\Documents\W23\373\finalProject\AutomatedChess\motorDriving\STM32L4R5ZITXP_FLASH.ld" --specs=nosys.specs -Wl,-Map="motorDriving.map" -Wl,--gc-sections -static --specs=nano.specs -mfpu=fpv4-sp-d16 -mfloat-abi=hard -mthumb -u _printf_float -Wl,--start-group -lc -lm -lstdc++ -lsupc++ -Wl,--end-group
Finished building target: motorDriving.elf
 
arm-none-eabi-size   motorDriving.elf 
arm-none-eabi-objdump -h -S  motorDriving.elf  > "motorDriving.list"
   text	   data	    bss	    dec	    hex	filename
  23224	    484	   1596	  25304	   62d8	motorDriving.elf
Finished building: default.size.stdout
 
Finished building: motorDriving.list
 
23:24:43 **** Incremental Build of configuration Debug for project motorDriving ****
make -j16 all 
arm-none-eabi-size   motorDriving.elf 
   text	   data	    bss	    dec	    hex	filename
  23224	    484	   1596	  25304	   62d8	motorDriving.elf
Finished building: default.size.stdout
 
23:25:53 **** Incremental Build of configuration Debug for project motorDriving ****
make -j16 all 
arm-none-eabi-gcc "../Core/Src/main.c" -mcpu=cortex-m4 -std=gnu11 -g3 -DDEBUG -DUSE_HAL_DRIVER -DSTM32L4R5xx -c -I../Core/Inc -I../Drivers/STM32L4xx_HAL_Driver/Inc -I../Drivers/STM32L4xx_HAL_Driver/Inc/Legacy -I../Drivers/CMSIS/Device/ST/STM32L4xx/Include -I../Drivers/CMSIS/Include -O0 -ffunction-sections -fdata-sections -Wall -fstack-usage -MMD -MP -MF"Core/Src/main.d" -MT"Core/Src/main.o" --specs=nano.specs -mfpu=fpv4-sp-d16 -mfloat-abi=hard -mthumb -o "Core/Src/main.o"
../Core/Src/main.c: In function 'main':
../Core/Src/main.c:195:12: warning: unused variable 'keyNum' [-Wunused-variable]
  195 |   uint32_t keyNum = 16;
      |            ^~~~~~
arm-none-eabi-g++ -o "motorDriving.elf" @"objects.list"   -mcpu=cortex-m4 -T"C:\Users\Jeremy\Documents\W23\373\finalProject\AutomatedChess\motorDriving\STM32L4R5ZITXP_FLASH.ld" --specs=nosys.specs -Wl,-Map="motorDriving.map" -Wl,--gc-sections -static --specs=nano.specs -mfpu=fpv4-sp-d16 -mfloat-abi=hard -mthumb -u _printf_float -Wl,--start-group -lc -lm -lstdc++ -lsupc++ -Wl,--end-group
Finished building target: motorDriving.elf
 
arm-none-eabi-size   motorDriving.elf 
arm-none-eabi-objdump -h -S  motorDriving.elf  > "motorDriving.list"
   text	   data	    bss	    dec	    hex	filename
  23224	    484	   1596	  25304	   62d8	motorDriving.elf
Finished building: default.size.stdout
 
Finished building: motorDriving.list
 
23:26:16 **** Incremental Build of configuration Debug for project motorDriving ****
make -j16 all 
arm-none-eabi-size   motorDriving.elf 
   text	   data	    bss	    dec	    hex	filename
  23224	    484	   1596	  25304	   62d8	motorDriving.elf
Finished building: default.size.stdout
 
23:49:45 **** Build of configuration Debug for project motorDriving ****
make -j16 all 
arm-none-eabi-gcc "../Core/Src/magnetController.c" -mcpu=cortex-m4 -std=gnu11 -g3 -DDEBUG -DUSE_HAL_DRIVER -DSTM32L4R5xx -c -I../Core/Inc -I../Drivers/STM32L4xx_HAL_Driver/Inc -I../Drivers/STM32L4xx_HAL_Driver/Inc/Legacy -I../Drivers/CMSIS/Device/ST/STM32L4xx/Include -I../Drivers/CMSIS/Include -O0 -ffunction-sections -fdata-sections -Wall -fstack-usage -MMD -MP -MF"Core/Src/magnetController.d" -MT"Core/Src/magnetController.o" --specs=nano.specs -mfpu=fpv4-sp-d16 -mfloat-abi=hard -mthumb -o "Core/Src/magnetController.o"
arm-none-eabi-gcc "../Core/Src/main.c" -mcpu=cortex-m4 -std=gnu11 -g3 -DDEBUG -DUSE_HAL_DRIVER -DSTM32L4R5xx -c -I../Core/Inc -I../Drivers/STM32L4xx_HAL_Driver/Inc -I../Drivers/STM32L4xx_HAL_Driver/Inc/Legacy -I../Drivers/CMSIS/Device/ST/STM32L4xx/Include -I../Drivers/CMSIS/Include -O0 -ffunction-sections -fdata-sections -Wall -fstack-usage -MMD -MP -MF"Core/Src/main.d" -MT"Core/Src/main.o" --specs=nano.specs -mfpu=fpv4-sp-d16 -mfloat-abi=hard -mthumb -o "Core/Src/main.o"
arm-none-eabi-gcc "../Core/Src/motorController.c" -mcpu=cortex-m4 -std=gnu11 -g3 -DDEBUG -DUSE_HAL_DRIVER -DSTM32L4R5xx -c -I../Core/Inc -I../Drivers/STM32L4xx_HAL_Driver/Inc -I../Drivers/STM32L4xx_HAL_Driver/Inc/Legacy -I../Drivers/CMSIS/Device/ST/STM32L4xx/Include -I../Drivers/CMSIS/Include -O0 -ffunction-sections -fdata-sections -Wall -fstack-usage -MMD -MP -MF"Core/Src/motorController.d" -MT"Core/Src/motorController.o" --specs=nano.specs -mfpu=fpv4-sp-d16 -mfloat-abi=hard -mthumb -o "Core/Src/motorController.o"
../Core/Src/main.c: In function 'main':
../Core/Src/main.c:182:3: warning: implicit declaration of function 'moveToCoord'; did you mean 'convertToCoord'? [-Wimplicit-function-declaration]
  182 |   moveToCoord("A1");
      |   ^~~~~~~~~~~
      |   convertToCoord
../Core/Src/main.c:195:12: warning: unused variable 'keyNum' [-Wunused-variable]
  195 |   uint32_t keyNum = 16;
      |            ^~~~~~
../Core/Src/motorController.c: In function 'stepForward':
../Core/Src/motorController.c:224:6: warning: unused variable 'y' [-Wunused-variable]
  224 |  int y = curPosition.y;
      |      ^
../Core/Src/motorController.c: In function 'stepBack':
../Core/Src/motorController.c:233:6: warning: unused variable 'y' [-Wunused-variable]
  233 |  int y = curPosition.y;
      |      ^
../Core/Src/motorController.c: In function 'stepRight':
../Core/Src/motorController.c:241:6: warning: unused variable 'x' [-Wunused-variable]
  241 |  int x = curPosition.x;
      |      ^
../Core/Src/motorController.c: In function 'stepLeft':
../Core/Src/motorController.c:250:6: warning: unused variable 'x' [-Wunused-variable]
  250 |  int x = curPosition.x;
      |      ^
arm-none-eabi-g++ -o "motorDriving.elf" @"objects.list"   -mcpu=cortex-m4 -T"C:\Users\Jeremy\Documents\W23\373\finalProject\AutomatedChess\motorDriving\STM32L4R5ZITXP_FLASH.ld" --specs=nosys.specs -Wl,-Map="motorDriving.map" -Wl,--gc-sections -static --specs=nano.specs -mfpu=fpv4-sp-d16 -mfloat-abi=hard -mthumb -u _printf_float -Wl,--start-group -lc -lm -lstdc++ -lsupc++ -Wl,--end-group
Finished building target: motorDriving.elf
 
arm-none-eabi-size   motorDriving.elf 
arm-none-eabi-objdump -h -S  motorDriving.elf  > "motorDriving.list"
   text	   data	    bss	    dec	    hex	filename
  23688	    484	   1596	  25768	   64a8	motorDriving.elf
Finished building: default.size.stdout
 
Finished building: motorDriving.list
 
23:52:48 **** Incremental Build of configuration Debug for project motorDriving ****
make -j16 all 
arm-none-eabi-gcc "../Core/Src/main.c" -mcpu=cortex-m4 -std=gnu11 -g3 -DDEBUG -DUSE_HAL_DRIVER -DSTM32L4R5xx -c -I../Core/Inc -I../Drivers/STM32L4xx_HAL_Driver/Inc -I../Drivers/STM32L4xx_HAL_Driver/Inc/Legacy -I../Drivers/CMSIS/Device/ST/STM32L4xx/Include -I../Drivers/CMSIS/Include -O0 -ffunction-sections -fdata-sections -Wall -fstack-usage -MMD -MP -MF"Core/Src/main.d" -MT"Core/Src/main.o" --specs=nano.specs -mfpu=fpv4-sp-d16 -mfloat-abi=hard -mthumb -o "Core/Src/main.o"
../Core/Src/main.c: In function 'main':
../Core/Src/main.c:187:3: warning: implicit declaration of function 'executeInstruction' [-Wimplicit-function-declaration]
  187 |   executeInstruction("A1H8", BLACK, QUEEN);
      |   ^~~~~~~~~~~~~~~~~~
../Core/Src/main.c:196:12: warning: unused variable 'keyNum' [-Wunused-variable]
  196 |   uint32_t keyNum = 16;
      |            ^~~~~~
arm-none-eabi-g++ -o "motorDriving.elf" @"objects.list"   -mcpu=cortex-m4 -T"C:\Users\Jeremy\Documents\W23\373\finalProject\AutomatedChess\motorDriving\STM32L4R5ZITXP_FLASH.ld" --specs=nosys.specs -Wl,-Map="motorDriving.map" -Wl,--gc-sections -static --specs=nano.specs -mfpu=fpv4-sp-d16 -mfloat-abi=hard -mthumb -u _printf_float -Wl,--start-group -lc -lm -lstdc++ -lsupc++ -Wl,--end-group
Finished building target: motorDriving.elf
 
arm-none-eabi-size   motorDriving.elf 
arm-none-eabi-objdump -h -S  motorDriving.elf  > "motorDriving.list"
   text	   data	    bss	    dec	    hex	filename
  24264	    484	   1596	  26344	   66e8	motorDriving.elf
Finished building: default.size.stdout
 
Finished building: motorDriving.list
 
23:54:33 **** Incremental Build of configuration Debug for project motorDriving ****
make -j16 all 
arm-none-eabi-size   motorDriving.elf 
   text	   data	    bss	    dec	    hex	filename
  24264	    484	   1596	  26344	   66e8	motorDriving.elf
Finished building: default.size.stdout
 
23:55:58 **** Incremental Build of configuration Debug for project motorDriving ****
make -j16 all 
arm-none-eabi-gcc "../Core/Src/motorController.c" -mcpu=cortex-m4 -std=gnu11 -g3 -DDEBUG -DUSE_HAL_DRIVER -DSTM32L4R5xx -c -I../Core/Inc -I../Drivers/STM32L4xx_HAL_Driver/Inc -I../Drivers/STM32L4xx_HAL_Driver/Inc/Legacy -I../Drivers/CMSIS/Device/ST/STM32L4xx/Include -I../Drivers/CMSIS/Include -O0 -ffunction-sections -fdata-sections -Wall -fstack-usage -MMD -MP -MF"Core/Src/motorController.d" -MT"Core/Src/motorController.o" --specs=nano.specs -mfpu=fpv4-sp-d16 -mfloat-abi=hard -mthumb -o "Core/Src/motorController.o"
../Core/Src/motorController.c: In function 'stepForward':
../Core/Src/motorController.c:220:6: warning: unused variable 'y' [-Wunused-variable]
  220 |  int y = curPosition.y;
      |      ^
../Core/Src/motorController.c: In function 'stepBack':
../Core/Src/motorController.c:229:6: warning: unused variable 'y' [-Wunused-variable]
  229 |  int y = curPosition.y;
      |      ^
../Core/Src/motorController.c: In function 'stepRight':
../Core/Src/motorController.c:237:6: warning: unused variable 'x' [-Wunused-variable]
  237 |  int x = curPosition.x;
      |      ^
../Core/Src/motorController.c: In function 'stepLeft':
../Core/Src/motorController.c:246:6: warning: unused variable 'x' [-Wunused-variable]
  246 |  int x = curPosition.x;
      |      ^
arm-none-eabi-g++ -o "motorDriving.elf" @"objects.list"   -mcpu=cortex-m4 -T"C:\Users\Jeremy\Documents\W23\373\finalProject\AutomatedChess\motorDriving\STM32L4R5ZITXP_FLASH.ld" --specs=nosys.specs -Wl,-Map="motorDriving.map" -Wl,--gc-sections -static --specs=nano.specs -mfpu=fpv4-sp-d16 -mfloat-abi=hard -mthumb -u _printf_float -Wl,--start-group -lc -lm -lstdc++ -lsupc++ -Wl,--end-group
Finished building target: motorDriving.elf
 
arm-none-eabi-size   motorDriving.elf 
arm-none-eabi-objdump -h -S  motorDriving.elf  > "motorDriving.list"
   text	   data	    bss	    dec	    hex	filename
  24216	    484	   1596	  26296	   66b8	motorDriving.elf
Finished building: default.size.stdout
 
Finished building: motorDriving.list
 
23:59:03 **** Incremental Build of configuration Debug for project motorDriving ****
make -j16 all 
arm-none-eabi-gcc "../Core/Src/magnetController.c" -mcpu=cortex-m4 -std=gnu11 -g3 -DDEBUG -DUSE_HAL_DRIVER -DSTM32L4R5xx -c -I../Core/Inc -I../Drivers/STM32L4xx_HAL_Driver/Inc -I../Drivers/STM32L4xx_HAL_Driver/Inc/Legacy -I../Drivers/CMSIS/Device/ST/STM32L4xx/Include -I../Drivers/CMSIS/Include -O0 -ffunction-sections -fdata-sections -Wall -fstack-usage -MMD -MP -MF"Core/Src/magnetController.d" -MT"Core/Src/magnetController.o" --specs=nano.specs -mfpu=fpv4-sp-d16 -mfloat-abi=hard -mthumb -o "Core/Src/magnetController.o"
arm-none-eabi-g++ -o "motorDriving.elf" @"objects.list"   -mcpu=cortex-m4 -T"C:\Users\Jeremy\Documents\W23\373\finalProject\AutomatedChess\motorDriving\STM32L4R5ZITXP_FLASH.ld" --specs=nosys.specs -Wl,-Map="motorDriving.map" -Wl,--gc-sections -static --specs=nano.specs -mfpu=fpv4-sp-d16 -mfloat-abi=hard -mthumb -u _printf_float -Wl,--start-group -lc -lm -lstdc++ -lsupc++ -Wl,--end-group
Finished building target: motorDriving.elf
 
arm-none-eabi-size   motorDriving.elf 
arm-none-eabi-objdump -h -S  motorDriving.elf  > "motorDriving.list"
   text	   data	    bss	    dec	    hex	filename
  24216	    484	   1596	  26296	   66b8	motorDriving.elf
Finished building: default.size.stdout
 
Finished building: motorDriving.list
 
