15:58:02 **** Incremental Build of configuration Debug for project motorDriving ****
make -j16 all 
arm-none-eabi-gcc "../Core/Src/main.c" -mcpu=cortex-m4 -std=gnu11 -g3 -DDEBUG -DUSE_HAL_DRIVER -DSTM32L4R5xx -c -I../Core/Inc -I../Drivers/STM32L4xx_HAL_Driver/Inc -I../Drivers/STM32L4xx_HAL_Driver/Inc/Legacy -I../Drivers/CMSIS/Device/ST/STM32L4xx/Include -I../Drivers/CMSIS/Include -O0 -ffunction-sections -fdata-sections -Wall -fstack-usage -MMD -MP -MF"Core/Src/main.d" -MT"Core/Src/main.o" --specs=nano.specs -mfpu=fpv4-sp-d16 -mfloat-abi=hard -mthumb -o "Core/Src/main.o"
../Core/Src/main.c: In function 'main':
../Core/Src/main.c:310:4: warning: implicit declaration of function 'sprintf' [-Wimplicit-function-declaration]
  310 |    sprintf(num, "%d\r", keyNum);
      |    ^~~~~~~
../Core/Src/main.c:310:4: warning: incompatible implicit declaration of built-in function 'sprintf'
../Core/Src/main.c:28:1: note: include '<stdio.h>' or provide a declaration of 'sprintf'
   27 | #include "display.h"
  +++ |+#include <stdio.h>
   28 | /* USER CODE END Includes */
../Core/Src/main.c:310:19: warning: format '%d' expects argument of type 'int', but argument 3 has type 'uint32_t' {aka 'long unsigned int'} [-Wformat=]
  310 |    sprintf(num, "%d\r", keyNum);
      |                  ~^     ~~~~~~
      |                   |     |
      |                   int   uint32_t {aka long unsigned int}
      |                  %ld
arm-none-eabi-g++ -o "motorDriving.elf" @"objects.list"   -mcpu=cortex-m4 -T"C:\Users\Jeremy\Documents\W23\373\finalProject\AutomatedChess\motorDriving\STM32L4R5ZITXP_FLASH.ld" --specs=nosys.specs -Wl,-Map="motorDriving.map" -Wl,--gc-sections -static --specs=nano.specs -mfpu=fpv4-sp-d16 -mfloat-abi=hard -mthumb -u _printf_float -Wl,--start-group -lc -lm -lstdc++ -lsupc++ -Wl,--end-group
Finished building target: motorDriving.elf
 
arm-none-eabi-size   motorDriving.elf 
arm-none-eabi-objdump -h -S  motorDriving.elf  > "motorDriving.list"
   text	   data	    bss	    dec	    hex	filename
  38252	   1192	   2080	  41524	   a234	motorDriving.elf
Finished building: default.size.stdout
 
Finished building: motorDriving.list
 
15:58:25 **** Incremental Build of configuration Debug for project motorDriving ****
make -j16 all 
arm-none-eabi-gcc "../Core/Src/main.c" -mcpu=cortex-m4 -std=gnu11 -g3 -DDEBUG -DUSE_HAL_DRIVER -DSTM32L4R5xx -c -I../Core/Inc -I../Drivers/STM32L4xx_HAL_Driver/Inc -I../Drivers/STM32L4xx_HAL_Driver/Inc/Legacy -I../Drivers/CMSIS/Device/ST/STM32L4xx/Include -I../Drivers/CMSIS/Include -O0 -ffunction-sections -fdata-sections -Wall -fstack-usage -MMD -MP -MF"Core/Src/main.d" -MT"Core/Src/main.o" --specs=nano.specs -mfpu=fpv4-sp-d16 -mfloat-abi=hard -mthumb -o "Core/Src/main.o"
../Core/Src/main.c: In function 'main':
../Core/Src/main.c:310:4: warning: implicit declaration of function 'sprintf' [-Wimplicit-function-declaration]
  310 |    sprintf(num, "%d\r", keyNum);
      |    ^~~~~~~
../Core/Src/main.c:310:4: warning: incompatible implicit declaration of built-in function 'sprintf'
../Core/Src/main.c:28:1: note: include '<stdio.h>' or provide a declaration of 'sprintf'
   27 | #include "display.h"
  +++ |+#include <stdio.h>
   28 | /* USER CODE END Includes */
../Core/Src/main.c:310:19: warning: format '%d' expects argument of type 'int', but argument 3 has type 'uint32_t' {aka 'long unsigned int'} [-Wformat=]
  310 |    sprintf(num, "%d\r", keyNum);
      |                  ~^     ~~~~~~
      |                   |     |
      |                   int   uint32_t {aka long unsigned int}
      |                  %ld
arm-none-eabi-g++ -o "motorDriving.elf" @"objects.list"   -mcpu=cortex-m4 -T"C:\Users\Jeremy\Documents\W23\373\finalProject\AutomatedChess\motorDriving\STM32L4R5ZITXP_FLASH.ld" --specs=nosys.specs -Wl,-Map="motorDriving.map" -Wl,--gc-sections -static --specs=nano.specs -mfpu=fpv4-sp-d16 -mfloat-abi=hard -mthumb -u _printf_float -Wl,--start-group -lc -lm -lstdc++ -lsupc++ -Wl,--end-group
Finished building target: motorDriving.elf
 
arm-none-eabi-size   motorDriving.elf 
arm-none-eabi-objdump -h -S  motorDriving.elf  > "motorDriving.list"
   text	   data	    bss	    dec	    hex	filename
  38004	   1192	   2080	  41276	   a13c	motorDriving.elf
Finished building: default.size.stdout
 
Finished building: motorDriving.list
 
16:01:16 **** Incremental Build of configuration Debug for project motorDriving ****
make -j16 all 
arm-none-eabi-gcc "../Core/Src/display.c" -mcpu=cortex-m4 -std=gnu11 -g3 -DDEBUG -DUSE_HAL_DRIVER -DSTM32L4R5xx -c -I../Core/Inc -I../Drivers/STM32L4xx_HAL_Driver/Inc -I../Drivers/STM32L4xx_HAL_Driver/Inc/Legacy -I../Drivers/CMSIS/Device/ST/STM32L4xx/Include -I../Drivers/CMSIS/Include -O0 -ffunction-sections -fdata-sections -Wall -fstack-usage -MMD -MP -MF"Core/Src/display.d" -MT"Core/Src/display.o" --specs=nano.specs -mfpu=fpv4-sp-d16 -mfloat-abi=hard -mthumb -o "Core/Src/display.o"
../Core/Src/display.c: In function 'makeMenu':
../Core/Src/display.c:36:3: warning: implicit declaration of function 'sprintf' [-Wimplicit-function-declaration]
   36 |   sprintf(buffer,options[i]);
      |   ^~~~~~~
../Core/Src/display.c:36:3: warning: incompatible implicit declaration of built-in function 'sprintf'
../Core/Src/display.c:13:1: note: include '<stdio.h>' or provide a declaration of 'sprintf'
   12 | #include "display.h"
  +++ |+#include <stdio.h>
   13 | 
../Core/Src/display.c:39:46: warning: implicit declaration of function 'strlen' [-Wimplicit-function-declaration]
   39 |   HAL_UART_Transmit(&huart3,(uint8_t*)buffer,strlen((const char*)buffer),10);
      |                                              ^~~~~~
../Core/Src/display.c:39:46: warning: incompatible implicit declaration of built-in function 'strlen'
../Core/Src/display.c:13:1: note: include '<string.h>' or provide a declaration of 'strlen'
   12 | #include "display.h"
  +++ |+#include <string.h>
   13 | 
../Core/Src/display.c:24:10: warning: unused variable 'buff' [-Wunused-variable]
   24 |  uint8_t buff[10] = {0x7C, 0x0C, 0x00 , 0x0A , 0x32 , 0x3C, 0x01};
      |          ^~~~
../Core/Src/display.c:22:10: warning: unused variable 'box' [-Wunused-variable]
   22 |  uint8_t box[] = {0x7C ,0x0F, 0x14 , 0x75, 0x8C , 0x7F, 0x01};
      |          ^~~
../Core/Src/display.c: In function 'sendInformation':
../Core/Src/display.c:63:3: warning: incompatible implicit declaration of built-in function 'sprintf'
   63 |   sprintf(buffer, data);
      |   ^~~~~~~
../Core/Src/display.c:63:3: note: include '<stdio.h>' or provide a declaration of 'sprintf'
../Core/Src/display.c:64:14: warning: incompatible implicit declaration of built-in function 'strlen'
   64 |   int test = strlen(buffer);
      |              ^~~~~~
../Core/Src/display.c:64:14: note: include '<string.h>' or provide a declaration of 'strlen'
../Core/Src/display.c:65:30: warning: pointer targets in passing argument 2 of 'HAL_UART_Transmit' differ in signedness [-Wpointer-sign]
   65 |   HAL_UART_Transmit(&huart2, buffer, strlen(buffer), 500);
      |                              ^~~~~~
      |                              |
      |                              char *
In file included from ../Core/Inc/stm32l4xx_hal_conf.h:450,
                 from ../Drivers/STM32L4xx_HAL_Driver/Inc/stm32l4xx_hal.h:29,
                 from ../Core/Inc/main.h:30,
                 from ../Core/Src/display.c:11:
../Drivers/STM32L4xx_HAL_Driver/Inc/stm32l4xx_hal_uart.h:1674:79: note: expected 'const uint8_t *' {aka 'const unsigned char *'} but argument is of type 'char *'
 1674 | HAL_StatusTypeDef HAL_UART_Transmit(UART_HandleTypeDef *huart, const uint8_t *pData, uint16_t Size, uint32_t Timeout);
      |                                                                ~~~~~~~~~~~~~~~^~~~~
../Core/Src/display.c:66:29: warning: pointer targets in passing argument 2 of 'HAL_UART_Receive' differ in signedness [-Wpointer-sign]
   66 |   HAL_UART_Receive(&huart2, buffer, 12, 100000);
      |                             ^~~~~~
      |                             |
      |                             char *
In file included from ../Core/Inc/stm32l4xx_hal_conf.h:450,
                 from ../Drivers/STM32L4xx_HAL_Driver/Inc/stm32l4xx_hal.h:29,
                 from ../Core/Inc/main.h:30,
                 from ../Core/Src/display.c:11:
../Drivers/STM32L4xx_HAL_Driver/Inc/stm32l4xx_hal_uart.h:1675:72: note: expected 'uint8_t *' {aka 'unsigned char *'} but argument is of type 'char *'
 1675 | HAL_StatusTypeDef HAL_UART_Receive(UART_HandleTypeDef *huart, uint8_t *pData, uint16_t Size, uint32_t Timeout);
      |                                                               ~~~~~~~~~^~~~~
../Core/Src/display.c:68:6: warning: implicit declaration of function 'strcmp' [-Wimplicit-function-declaration]
   68 |   if(strcmp(buffer, "ack") == 0){
      |      ^~~~~~
../Core/Src/display.c:64:7: warning: unused variable 'test' [-Wunused-variable]
   64 |   int test = strlen(buffer);
      |       ^~~~
../Core/Src/display.c: In function 'sendInformationGetData':
../Core/Src/display.c:79:3: warning: incompatible implicit declaration of built-in function 'sprintf'
   79 |   sprintf(buffer, data);
      |   ^~~~~~~
../Core/Src/display.c:79:3: note: include '<stdio.h>' or provide a declaration of 'sprintf'
../Core/Src/display.c:80:14: warning: incompatible implicit declaration of built-in function 'strlen'
   80 |   int test = strlen(buffer);
      |              ^~~~~~
../Core/Src/display.c:80:14: note: include '<string.h>' or provide a declaration of 'strlen'
../Core/Src/display.c:81:30: warning: pointer targets in passing argument 2 of 'HAL_UART_Transmit' differ in signedness [-Wpointer-sign]
   81 |   HAL_UART_Transmit(&huart2, buffer, strlen(buffer), 200);
      |                              ^~~~~~
      |                              |
      |                              char *
In file included from ../Core/Inc/stm32l4xx_hal_conf.h:450,
                 from ../Drivers/STM32L4xx_HAL_Driver/Inc/stm32l4xx_hal.h:29,
                 from ../Core/Inc/main.h:30,
                 from ../Core/Src/display.c:11:
../Drivers/STM32L4xx_HAL_Driver/Inc/stm32l4xx_hal_uart.h:1674:79: note: expected 'const uint8_t *' {aka 'const unsigned char *'} but argument is of type 'char *'
 1674 | HAL_StatusTypeDef HAL_UART_Transmit(UART_HandleTypeDef *huart, const uint8_t *pData, uint16_t Size, uint32_t Timeout);
      |                                                                ~~~~~~~~~~~~~~~^~~~~
../Core/Src/display.c:82:29: warning: pointer targets in passing argument 2 of 'HAL_UART_Receive' differ in signedness [-Wpointer-sign]
   82 |   HAL_UART_Receive(&huart2, buffer, length-1, 5000);
      |                             ^~~~~~
      |                             |
      |                             char *
In file included from ../Core/Inc/stm32l4xx_hal_conf.h:450,
                 from ../Drivers/STM32L4xx_HAL_Driver/Inc/stm32l4xx_hal.h:29,
                 from ../Core/Inc/main.h:30,
                 from ../Core/Src/display.c:11:
../Drivers/STM32L4xx_HAL_Driver/Inc/stm32l4xx_hal_uart.h:1675:72: note: expected 'uint8_t *' {aka 'unsigned char *'} but argument is of type 'char *'
 1675 | HAL_StatusTypeDef HAL_UART_Receive(UART_HandleTypeDef *huart, uint8_t *pData, uint16_t Size, uint32_t Timeout);
      |                                                               ~~~~~~~~~^~~~~
../Core/Src/display.c:84:4: warning: implicit declaration of function 'strncpy' [-Wimplicit-function-declaration]
   84 |    strncpy(destination, buffer[3], length);
      |    ^~~~~~~
../Core/Src/display.c:84:4: warning: incompatible implicit declaration of built-in function 'strncpy'
../Core/Src/display.c:84:4: note: include '<string.h>' or provide a declaration of 'strncpy'
../Core/Src/display.c:84:31: warning: passing argument 2 of 'strncpy' makes pointer from integer without a cast [-Wint-conversion]
   84 |    strncpy(destination, buffer[3], length);
      |                         ~~~~~~^~~
      |                               |
      |                               char
../Core/Src/display.c:84:31: note: expected 'const char *' but argument is of type 'char'
../Core/Src/display.c:80:7: warning: unused variable 'test' [-Wunused-variable]
   80 |   int test = strlen(buffer);
      |       ^~~~
arm-none-eabi-g++ -o "motorDriving.elf" @"objects.list"   -mcpu=cortex-m4 -T"C:\Users\Jeremy\Documents\W23\373\finalProject\AutomatedChess\motorDriving\STM32L4R5ZITXP_FLASH.ld" --specs=nosys.specs -Wl,-Map="motorDriving.map" -Wl,--gc-sections -static --specs=nano.specs -mfpu=fpv4-sp-d16 -mfloat-abi=hard -mthumb -u _printf_float -Wl,--start-group -lc -lm -lstdc++ -lsupc++ -Wl,--end-group
Finished building target: motorDriving.elf
 
arm-none-eabi-size   motorDriving.elf 
arm-none-eabi-objdump -h -S  motorDriving.elf  > "motorDriving.list"
   text	   data	    bss	    dec	    hex	filename
  38012	   1192	   2080	  41284	   a144	motorDriving.elf
Finished building: default.size.stdout
 
Finished building: motorDriving.list
 
16:02:56 **** Incremental Build of configuration Debug for project motorDriving ****
make -j16 all 
arm-none-eabi-gcc "../Core/Src/display.c" -mcpu=cortex-m4 -std=gnu11 -g3 -DDEBUG -DUSE_HAL_DRIVER -DSTM32L4R5xx -c -I../Core/Inc -I../Drivers/STM32L4xx_HAL_Driver/Inc -I../Drivers/STM32L4xx_HAL_Driver/Inc/Legacy -I../Drivers/CMSIS/Device/ST/STM32L4xx/Include -I../Drivers/CMSIS/Include -O0 -ffunction-sections -fdata-sections -Wall -fstack-usage -MMD -MP -MF"Core/Src/display.d" -MT"Core/Src/display.o" --specs=nano.specs -mfpu=fpv4-sp-d16 -mfloat-abi=hard -mthumb -o "Core/Src/display.o"
../Core/Src/display.c: In function 'makeMenu':
../Core/Src/display.c:36:3: warning: implicit declaration of function 'sprintf' [-Wimplicit-function-declaration]
   36 |   sprintf(buffer,options[i]);
      |   ^~~~~~~
../Core/Src/display.c:36:3: warning: incompatible implicit declaration of built-in function 'sprintf'
../Core/Src/display.c:13:1: note: include '<stdio.h>' or provide a declaration of 'sprintf'
   12 | #include "display.h"
  +++ |+#include <stdio.h>
   13 | 
../Core/Src/display.c:39:46: warning: implicit declaration of function 'strlen' [-Wimplicit-function-declaration]
   39 |   HAL_UART_Transmit(&huart3,(uint8_t*)buffer,strlen((const char*)buffer),10);
      |                                              ^~~~~~
../Core/Src/display.c:39:46: warning: incompatible implicit declaration of built-in function 'strlen'
../Core/Src/display.c:13:1: note: include '<string.h>' or provide a declaration of 'strlen'
   12 | #include "display.h"
  +++ |+#include <string.h>
   13 | 
../Core/Src/display.c:24:10: warning: unused variable 'buff' [-Wunused-variable]
   24 |  uint8_t buff[10] = {0x7C, 0x0C, 0x00 , 0x0A , 0x32 , 0x3C, 0x01};
      |          ^~~~
../Core/Src/display.c:22:10: warning: unused variable 'box' [-Wunused-variable]
   22 |  uint8_t box[] = {0x7C ,0x0F, 0x14 , 0x75, 0x8C , 0x7F, 0x01};
      |          ^~~
../Core/Src/display.c: In function 'sendInformation':
../Core/Src/display.c:63:3: warning: incompatible implicit declaration of built-in function 'sprintf'
   63 |   sprintf(buffer, data);
      |   ^~~~~~~
../Core/Src/display.c:63:3: note: include '<stdio.h>' or provide a declaration of 'sprintf'
../Core/Src/display.c:64:14: warning: incompatible implicit declaration of built-in function 'strlen'
   64 |   int test = strlen(buffer);
      |              ^~~~~~
../Core/Src/display.c:64:14: note: include '<string.h>' or provide a declaration of 'strlen'
../Core/Src/display.c:65:30: warning: pointer targets in passing argument 2 of 'HAL_UART_Transmit' differ in signedness [-Wpointer-sign]
   65 |   HAL_UART_Transmit(&huart2, buffer, strlen(buffer), 500);
      |                              ^~~~~~
      |                              |
      |                              char *
In file included from ../Core/Inc/stm32l4xx_hal_conf.h:450,
                 from ../Drivers/STM32L4xx_HAL_Driver/Inc/stm32l4xx_hal.h:29,
                 from ../Core/Inc/main.h:30,
                 from ../Core/Src/display.c:11:
../Drivers/STM32L4xx_HAL_Driver/Inc/stm32l4xx_hal_uart.h:1674:79: note: expected 'const uint8_t *' {aka 'const unsigned char *'} but argument is of type 'char *'
 1674 | HAL_StatusTypeDef HAL_UART_Transmit(UART_HandleTypeDef *huart, const uint8_t *pData, uint16_t Size, uint32_t Timeout);
      |                                                                ~~~~~~~~~~~~~~~^~~~~
../Core/Src/display.c:66:29: warning: pointer targets in passing argument 2 of 'HAL_UART_Receive' differ in signedness [-Wpointer-sign]
   66 |   HAL_UART_Receive(&huart2, buffer, 12, 10000);
      |                             ^~~~~~
      |                             |
      |                             char *
In file included from ../Core/Inc/stm32l4xx_hal_conf.h:450,
                 from ../Drivers/STM32L4xx_HAL_Driver/Inc/stm32l4xx_hal.h:29,
                 from ../Core/Inc/main.h:30,
                 from ../Core/Src/display.c:11:
../Drivers/STM32L4xx_HAL_Driver/Inc/stm32l4xx_hal_uart.h:1675:72: note: expected 'uint8_t *' {aka 'unsigned char *'} but argument is of type 'char *'
 1675 | HAL_StatusTypeDef HAL_UART_Receive(UART_HandleTypeDef *huart, uint8_t *pData, uint16_t Size, uint32_t Timeout);
      |                                                               ~~~~~~~~~^~~~~
../Core/Src/display.c:68:6: warning: implicit declaration of function 'strcmp' [-Wimplicit-function-declaration]
   68 |   if(strcmp(buffer, "ack") == 0){
      |      ^~~~~~
../Core/Src/display.c:64:7: warning: unused variable 'test' [-Wunused-variable]
   64 |   int test = strlen(buffer);
      |       ^~~~
../Core/Src/display.c: In function 'sendInformationGetData':
../Core/Src/display.c:79:3: warning: incompatible implicit declaration of built-in function 'sprintf'
   79 |   sprintf(buffer, data);
      |   ^~~~~~~
../Core/Src/display.c:79:3: note: include '<stdio.h>' or provide a declaration of 'sprintf'
../Core/Src/display.c:80:14: warning: incompatible implicit declaration of built-in function 'strlen'
   80 |   int test = strlen(buffer);
      |              ^~~~~~
../Core/Src/display.c:80:14: note: include '<string.h>' or provide a declaration of 'strlen'
../Core/Src/display.c:81:30: warning: pointer targets in passing argument 2 of 'HAL_UART_Transmit' differ in signedness [-Wpointer-sign]
   81 |   HAL_UART_Transmit(&huart2, buffer, strlen(buffer), 200);
      |                              ^~~~~~
      |                              |
      |                              char *
In file included from ../Core/Inc/stm32l4xx_hal_conf.h:450,
                 from ../Drivers/STM32L4xx_HAL_Driver/Inc/stm32l4xx_hal.h:29,
                 from ../Core/Inc/main.h:30,
                 from ../Core/Src/display.c:11:
../Drivers/STM32L4xx_HAL_Driver/Inc/stm32l4xx_hal_uart.h:1674:79: note: expected 'const uint8_t *' {aka 'const unsigned char *'} but argument is of type 'char *'
 1674 | HAL_StatusTypeDef HAL_UART_Transmit(UART_HandleTypeDef *huart, const uint8_t *pData, uint16_t Size, uint32_t Timeout);
      |                                                                ~~~~~~~~~~~~~~~^~~~~
../Core/Src/display.c:82:29: warning: pointer targets in passing argument 2 of 'HAL_UART_Receive' differ in signedness [-Wpointer-sign]
   82 |   HAL_UART_Receive(&huart2, buffer, length-1, 5000);
      |                             ^~~~~~
      |                             |
      |                             char *
In file included from ../Core/Inc/stm32l4xx_hal_conf.h:450,
                 from ../Drivers/STM32L4xx_HAL_Driver/Inc/stm32l4xx_hal.h:29,
                 from ../Core/Inc/main.h:30,
                 from ../Core/Src/display.c:11:
../Drivers/STM32L4xx_HAL_Driver/Inc/stm32l4xx_hal_uart.h:1675:72: note: expected 'uint8_t *' {aka 'unsigned char *'} but argument is of type 'char *'
 1675 | HAL_StatusTypeDef HAL_UART_Receive(UART_HandleTypeDef *huart, uint8_t *pData, uint16_t Size, uint32_t Timeout);
      |                                                               ~~~~~~~~~^~~~~
../Core/Src/display.c:84:4: warning: implicit declaration of function 'strncpy' [-Wimplicit-function-declaration]
   84 |    strncpy(destination, buffer[3], length);
      |    ^~~~~~~
../Core/Src/display.c:84:4: warning: incompatible implicit declaration of built-in function 'strncpy'
../Core/Src/display.c:84:4: note: include '<string.h>' or provide a declaration of 'strncpy'
../Core/Src/display.c:84:31: warning: passing argument 2 of 'strncpy' makes pointer from integer without a cast [-Wint-conversion]
   84 |    strncpy(destination, buffer[3], length);
      |                         ~~~~~~^~~
      |                               |
      |                               char
../Core/Src/display.c:84:31: note: expected 'const char *' but argument is of type 'char'
../Core/Src/display.c:80:7: warning: unused variable 'test' [-Wunused-variable]
   80 |   int test = strlen(buffer);
      |       ^~~~
arm-none-eabi-g++ -o "motorDriving.elf" @"objects.list"   -mcpu=cortex-m4 -T"C:\Users\Jeremy\Documents\W23\373\finalProject\AutomatedChess\motorDriving\STM32L4R5ZITXP_FLASH.ld" --specs=nosys.specs -Wl,-Map="motorDriving.map" -Wl,--gc-sections -static --specs=nano.specs -mfpu=fpv4-sp-d16 -mfloat-abi=hard -mthumb -u _printf_float -Wl,--start-group -lc -lm -lstdc++ -lsupc++ -Wl,--end-group
Finished building target: motorDriving.elf
 
arm-none-eabi-size   motorDriving.elf 
arm-none-eabi-objdump -h -S  motorDriving.elf  > "motorDriving.list"
   text	   data	    bss	    dec	    hex	filename
  38004	   1192	   2080	  41276	   a13c	motorDriving.elf
Finished building: default.size.stdout
 
Finished building: motorDriving.list
 
16:04:13 **** Incremental Build of configuration Debug for project motorDriving ****
make -j16 all 
arm-none-eabi-gcc "../Core/Src/display.c" -mcpu=cortex-m4 -std=gnu11 -g3 -DDEBUG -DUSE_HAL_DRIVER -DSTM32L4R5xx -c -I../Core/Inc -I../Drivers/STM32L4xx_HAL_Driver/Inc -I../Drivers/STM32L4xx_HAL_Driver/Inc/Legacy -I../Drivers/CMSIS/Device/ST/STM32L4xx/Include -I../Drivers/CMSIS/Include -O0 -ffunction-sections -fdata-sections -Wall -fstack-usage -MMD -MP -MF"Core/Src/display.d" -MT"Core/Src/display.o" --specs=nano.specs -mfpu=fpv4-sp-d16 -mfloat-abi=hard -mthumb -o "Core/Src/display.o"
arm-none-eabi-gcc "../Core/Src/main.c" -mcpu=cortex-m4 -std=gnu11 -g3 -DDEBUG -DUSE_HAL_DRIVER -DSTM32L4R5xx -c -I../Core/Inc -I../Drivers/STM32L4xx_HAL_Driver/Inc -I../Drivers/STM32L4xx_HAL_Driver/Inc/Legacy -I../Drivers/CMSIS/Device/ST/STM32L4xx/Include -I../Drivers/CMSIS/Include -O0 -ffunction-sections -fdata-sections -Wall -fstack-usage -MMD -MP -MF"Core/Src/main.d" -MT"Core/Src/main.o" --specs=nano.specs -mfpu=fpv4-sp-d16 -mfloat-abi=hard -mthumb -o "Core/Src/main.o"
../Core/Src/display.c: In function 'makeMenu':
../Core/Src/display.c:36:3: warning: implicit declaration of function 'sprintf' [-Wimplicit-function-declaration]
   36 |   sprintf(buffer,options[i]);
      |   ^~~~~~~
../Core/Src/display.c:36:3: warning: incompatible implicit declaration of built-in function 'sprintf'
../Core/Src/display.c:13:1: note: include '<stdio.h>' or provide a declaration of 'sprintf'
   12 | #include "display.h"
  +++ |+#include <stdio.h>
   13 | 
../Core/Src/display.c:39:46: warning: implicit declaration of function 'strlen' [-Wimplicit-function-declaration]
   39 |   HAL_UART_Transmit(&huart3,(uint8_t*)buffer,strlen((const char*)buffer),10);
      |                                              ^~~~~~
../Core/Src/display.c:39:46: warning: incompatible implicit declaration of built-in function 'strlen'
../Core/Src/display.c:13:1: note: include '<string.h>' or provide a declaration of 'strlen'
   12 | #include "display.h"
  +++ |+#include <string.h>
   13 | 
../Core/Src/display.c:24:10: warning: unused variable 'buff' [-Wunused-variable]
   24 |  uint8_t buff[10] = {0x7C, 0x0C, 0x00 , 0x0A , 0x32 , 0x3C, 0x01};
      |          ^~~~
../Core/Src/display.c:22:10: warning: unused variable 'box' [-Wunused-variable]
   22 |  uint8_t box[] = {0x7C ,0x0F, 0x14 , 0x75, 0x8C , 0x7F, 0x01};
      |          ^~~
../Core/Src/display.c: In function 'sendInformation':
../Core/Src/display.c:63:3: warning: incompatible implicit declaration of built-in function 'sprintf'
   63 |   sprintf(buffer, data);
      |   ^~~~~~~
../Core/Src/display.c:63:3: note: include '<stdio.h>' or provide a declaration of 'sprintf'
../Core/Src/display.c:64:14: warning: incompatible implicit declaration of built-in function 'strlen'
   64 |   int test = strlen(buffer);
      |              ^~~~~~
../Core/Src/display.c:64:14: note: include '<string.h>' or provide a declaration of 'strlen'
../Core/Src/display.c:65:30: warning: pointer targets in passing argument 2 of 'HAL_UART_Transmit' differ in signedness [-Wpointer-sign]
   65 |   HAL_UART_Transmit(&huart2, buffer, strlen(buffer), 500);
      |                              ^~~~~~
      |                              |
      |                              char *
In file included from ../Core/Inc/stm32l4xx_hal_conf.h:450,
                 from ../Drivers/STM32L4xx_HAL_Driver/Inc/stm32l4xx_hal.h:29,
                 from ../Core/Inc/main.h:30,
                 from ../Core/Src/display.c:11:
../Drivers/STM32L4xx_HAL_Driver/Inc/stm32l4xx_hal_uart.h:1674:79: note: expected 'const uint8_t *' {aka 'const unsigned char *'} but argument is of type 'char *'
 1674 | HAL_StatusTypeDef HAL_UART_Transmit(UART_HandleTypeDef *huart, const uint8_t *pData, uint16_t Size, uint32_t Timeout);
      |                                                                ~~~~~~~~~~~~~~~^~~~~
../Core/Src/display.c:66:29: warning: pointer targets in passing argument 2 of 'HAL_UART_Receive' differ in signedness [-Wpointer-sign]
   66 |   HAL_UART_Receive(&huart2, buffer, 12, 1000);
      |                             ^~~~~~
      |                             |
      |                             char *
In file included from ../Core/Inc/stm32l4xx_hal_conf.h:450,
                 from ../Drivers/STM32L4xx_HAL_Driver/Inc/stm32l4xx_hal.h:29,
                 from ../Core/Inc/main.h:30,
                 from ../Core/Src/display.c:11:
../Drivers/STM32L4xx_HAL_Driver/Inc/stm32l4xx_hal_uart.h:1675:72: note: expected 'uint8_t *' {aka 'unsigned char *'} but argument is of type 'char *'
 1675 | HAL_StatusTypeDef HAL_UART_Receive(UART_HandleTypeDef *huart, uint8_t *pData, uint16_t Size, uint32_t Timeout);
      |                                                               ~~~~~~~~~^~~~~
../Core/Src/display.c:68:6: warning: implicit declaration of function 'strcmp' [-Wimplicit-function-declaration]
   68 |   if(strcmp(buffer, "ack") == 0){
      |      ^~~~~~
../Core/Src/display.c:64:7: warning: unused variable 'test' [-Wunused-variable]
   64 |   int test = strlen(buffer);
      |       ^~~~
../Core/Src/display.c: In function 'sendInformationGetData':
../Core/Src/display.c:79:3: warning: incompatible implicit declaration of built-in function 'sprintf'
   79 |   sprintf(buffer, data);
      |   ^~~~~~~
../Core/Src/display.c:79:3: note: include '<stdio.h>' or provide a declaration of 'sprintf'
../Core/Src/display.c:80:14: warning: incompatible implicit declaration of built-in function 'strlen'
   80 |   int test = strlen(buffer);
      |              ^~~~~~
../Core/Src/display.c:80:14: note: include '<string.h>' or provide a declaration of 'strlen'
../Core/Src/display.c:81:30: warning: pointer targets in passing argument 2 of 'HAL_UART_Transmit' differ in signedness [-Wpointer-sign]
   81 |   HAL_UART_Transmit(&huart2, buffer, strlen(buffer), 200);
      |                              ^~~~~~
      |                              |
      |                              char *
In file included from ../Core/Inc/stm32l4xx_hal_conf.h:450,
                 from ../Drivers/STM32L4xx_HAL_Driver/Inc/stm32l4xx_hal.h:29,
                 from ../Core/Inc/main.h:30,
                 from ../Core/Src/display.c:11:
../Drivers/STM32L4xx_HAL_Driver/Inc/stm32l4xx_hal_uart.h:1674:79: note: expected 'const uint8_t *' {aka 'const unsigned char *'} but argument is of type 'char *'
 1674 | HAL_StatusTypeDef HAL_UART_Transmit(UART_HandleTypeDef *huart, const uint8_t *pData, uint16_t Size, uint32_t Timeout);
      |                                                                ~~~~~~~~~~~~~~~^~~~~
../Core/Src/display.c:82:47: error: 'time' undeclared (first use in this function)
   82 |   HAL_UART_Receive(&huart2, buffer, length-1, time);
      |                                               ^~~~
../Core/Src/display.c:82:47: note: each undeclared identifier is reported only once for each function it appears in
../Core/Src/display.c:82:29: warning: pointer targets in passing argument 2 of 'HAL_UART_Receive' differ in signedness [-Wpointer-sign]
   82 |   HAL_UART_Receive(&huart2, buffer, length-1, time);
      |                             ^~~~~~
      |                             |
      |                             char *
In file included from ../Core/Inc/stm32l4xx_hal_conf.h:450,
                 from ../Drivers/STM32L4xx_HAL_Driver/Inc/stm32l4xx_hal.h:29,
                 from ../Core/Inc/main.h:30,
                 from ../Core/Src/display.c:11:
../Drivers/STM32L4xx_HAL_Driver/Inc/stm32l4xx_hal_uart.h:1675:72: note: expected 'uint8_t *' {aka 'unsigned char *'} but argument is of type 'char *'
 1675 | HAL_StatusTypeDef HAL_UART_Receive(UART_HandleTypeDef *huart, uint8_t *pData, uint16_t Size, uint32_t Timeout);
      |                                                               ~~~~~~~~~^~~~~
../Core/Src/display.c:84:4: warning: implicit declaration of function 'strncpy' [-Wimplicit-function-declaration]
   84 |    strncpy(destination, buffer[3], length);
      |    ^~~~~~~
../Core/Src/display.c:84:4: warning: incompatible implicit declaration of built-in function 'strncpy'
../Core/Src/display.c:84:4: note: include '<string.h>' or provide a declaration of 'strncpy'
../Core/Src/display.c:84:31: warning: passing argument 2 of 'strncpy' makes pointer from integer without a cast [-Wint-conversion]
   84 |    strncpy(destination, buffer[3], length);
      |                         ~~~~~~^~~
      |                               |
      |                               char
../Core/Src/display.c:84:31: note: expected 'const char *' but argument is of type 'char'
../Core/Src/display.c:80:7: warning: unused variable 'test' [-Wunused-variable]
   80 |   int test = strlen(buffer);
      |       ^~~~
make: *** [Core/Src/subdir.mk:46: Core/Src/display.o] Error 1
make: *** Waiting for unfinished jobs....
../Core/Src/main.c: In function 'main':
../Core/Src/main.c:310:4: warning: implicit declaration of function 'sprintf' [-Wimplicit-function-declaration]
  310 |    sprintf(num, "%d\r", keyNum);
      |    ^~~~~~~
../Core/Src/main.c:310:4: warning: incompatible implicit declaration of built-in function 'sprintf'
../Core/Src/main.c:28:1: note: include '<stdio.h>' or provide a declaration of 'sprintf'
   27 | #include "display.h"
  +++ |+#include <stdio.h>
   28 | /* USER CODE END Includes */
../Core/Src/main.c:310:19: warning: format '%d' expects argument of type 'int', but argument 3 has type 'uint32_t' {aka 'long unsigned int'} [-Wformat=]
  310 |    sprintf(num, "%d\r", keyNum);
      |                  ~^     ~~~~~~
      |                   |     |
      |                   int   uint32_t {aka long unsigned int}
      |                  %ld
"make -j16 all" terminated with exit code 2. Build might be incomplete.
16:04:33 **** Incremental Build of configuration Debug for project motorDriving ****
make -j16 all 
arm-none-eabi-gcc "../Core/Src/display.c" -mcpu=cortex-m4 -std=gnu11 -g3 -DDEBUG -DUSE_HAL_DRIVER -DSTM32L4R5xx -c -I../Core/Inc -I../Drivers/STM32L4xx_HAL_Driver/Inc -I../Drivers/STM32L4xx_HAL_Driver/Inc/Legacy -I../Drivers/CMSIS/Device/ST/STM32L4xx/Include -I../Drivers/CMSIS/Include -O0 -ffunction-sections -fdata-sections -Wall -fstack-usage -MMD -MP -MF"Core/Src/display.d" -MT"Core/Src/display.o" --specs=nano.specs -mfpu=fpv4-sp-d16 -mfloat-abi=hard -mthumb -o "Core/Src/display.o"
../Core/Src/display.c: In function 'makeMenu':
../Core/Src/display.c:36:3: warning: implicit declaration of function 'sprintf' [-Wimplicit-function-declaration]
   36 |   sprintf(buffer,options[i]);
      |   ^~~~~~~
../Core/Src/display.c:36:3: warning: incompatible implicit declaration of built-in function 'sprintf'
../Core/Src/display.c:13:1: note: include '<stdio.h>' or provide a declaration of 'sprintf'
   12 | #include "display.h"
  +++ |+#include <stdio.h>
   13 | 
../Core/Src/display.c:39:46: warning: implicit declaration of function 'strlen' [-Wimplicit-function-declaration]
   39 |   HAL_UART_Transmit(&huart3,(uint8_t*)buffer,strlen((const char*)buffer),10);
      |                                              ^~~~~~
../Core/Src/display.c:39:46: warning: incompatible implicit declaration of built-in function 'strlen'
../Core/Src/display.c:13:1: note: include '<string.h>' or provide a declaration of 'strlen'
   12 | #include "display.h"
  +++ |+#include <string.h>
   13 | 
../Core/Src/display.c:24:10: warning: unused variable 'buff' [-Wunused-variable]
   24 |  uint8_t buff[10] = {0x7C, 0x0C, 0x00 , 0x0A , 0x32 , 0x3C, 0x01};
      |          ^~~~
../Core/Src/display.c:22:10: warning: unused variable 'box' [-Wunused-variable]
   22 |  uint8_t box[] = {0x7C ,0x0F, 0x14 , 0x75, 0x8C , 0x7F, 0x01};
      |          ^~~
../Core/Src/display.c: In function 'sendInformation':
../Core/Src/display.c:63:3: warning: incompatible implicit declaration of built-in function 'sprintf'
   63 |   sprintf(buffer, data);
      |   ^~~~~~~
../Core/Src/display.c:63:3: note: include '<stdio.h>' or provide a declaration of 'sprintf'
../Core/Src/display.c:64:14: warning: incompatible implicit declaration of built-in function 'strlen'
   64 |   int test = strlen(buffer);
      |              ^~~~~~
../Core/Src/display.c:64:14: note: include '<string.h>' or provide a declaration of 'strlen'
../Core/Src/display.c:65:30: warning: pointer targets in passing argument 2 of 'HAL_UART_Transmit' differ in signedness [-Wpointer-sign]
   65 |   HAL_UART_Transmit(&huart2, buffer, strlen(buffer), 500);
      |                              ^~~~~~
      |                              |
      |                              char *
In file included from ../Core/Inc/stm32l4xx_hal_conf.h:450,
                 from ../Drivers/STM32L4xx_HAL_Driver/Inc/stm32l4xx_hal.h:29,
                 from ../Core/Inc/main.h:30,
                 from ../Core/Src/display.c:11:
../Drivers/STM32L4xx_HAL_Driver/Inc/stm32l4xx_hal_uart.h:1674:79: note: expected 'const uint8_t *' {aka 'const unsigned char *'} but argument is of type 'char *'
 1674 | HAL_StatusTypeDef HAL_UART_Transmit(UART_HandleTypeDef *huart, const uint8_t *pData, uint16_t Size, uint32_t Timeout);
      |                                                                ~~~~~~~~~~~~~~~^~~~~
../Core/Src/display.c:66:29: warning: pointer targets in passing argument 2 of 'HAL_UART_Receive' differ in signedness [-Wpointer-sign]
   66 |   HAL_UART_Receive(&huart2, buffer, 12, 1000);
      |                             ^~~~~~
      |                             |
      |                             char *
In file included from ../Core/Inc/stm32l4xx_hal_conf.h:450,
                 from ../Drivers/STM32L4xx_HAL_Driver/Inc/stm32l4xx_hal.h:29,
                 from ../Core/Inc/main.h:30,
                 from ../Core/Src/display.c:11:
../Drivers/STM32L4xx_HAL_Driver/Inc/stm32l4xx_hal_uart.h:1675:72: note: expected 'uint8_t *' {aka 'unsigned char *'} but argument is of type 'char *'
 1675 | HAL_StatusTypeDef HAL_UART_Receive(UART_HandleTypeDef *huart, uint8_t *pData, uint16_t Size, uint32_t Timeout);
      |                                                               ~~~~~~~~~^~~~~
../Core/Src/display.c:68:6: warning: implicit declaration of function 'strcmp' [-Wimplicit-function-declaration]
   68 |   if(strcmp(buffer, "ack") == 0){
      |      ^~~~~~
../Core/Src/display.c:64:7: warning: unused variable 'test' [-Wunused-variable]
   64 |   int test = strlen(buffer);
      |       ^~~~
../Core/Src/display.c: In function 'sendInformationGetData':
../Core/Src/display.c:79:3: warning: incompatible implicit declaration of built-in function 'sprintf'
   79 |   sprintf(buffer, data);
      |   ^~~~~~~
../Core/Src/display.c:79:3: note: include '<stdio.h>' or provide a declaration of 'sprintf'
../Core/Src/display.c:80:14: warning: incompatible implicit declaration of built-in function 'strlen'
   80 |   int test = strlen(buffer);
      |              ^~~~~~
../Core/Src/display.c:80:14: note: include '<string.h>' or provide a declaration of 'strlen'
../Core/Src/display.c:81:30: warning: pointer targets in passing argument 2 of 'HAL_UART_Transmit' differ in signedness [-Wpointer-sign]
   81 |   HAL_UART_Transmit(&huart2, buffer, strlen(buffer), 200);
      |                              ^~~~~~
      |                              |
      |                              char *
In file included from ../Core/Inc/stm32l4xx_hal_conf.h:450,
                 from ../Drivers/STM32L4xx_HAL_Driver/Inc/stm32l4xx_hal.h:29,
                 from ../Core/Inc/main.h:30,
                 from ../Core/Src/display.c:11:
../Drivers/STM32L4xx_HAL_Driver/Inc/stm32l4xx_hal_uart.h:1674:79: note: expected 'const uint8_t *' {aka 'const unsigned char *'} but argument is of type 'char *'
 1674 | HAL_StatusTypeDef HAL_UART_Transmit(UART_HandleTypeDef *huart, const uint8_t *pData, uint16_t Size, uint32_t Timeout);
      |                                                                ~~~~~~~~~~~~~~~^~~~~
../Core/Src/display.c:82:29: warning: pointer targets in passing argument 2 of 'HAL_UART_Receive' differ in signedness [-Wpointer-sign]
   82 |   HAL_UART_Receive(&huart2, buffer, length-1, timeRecieving);
      |                             ^~~~~~
      |                             |
      |                             char *
In file included from ../Core/Inc/stm32l4xx_hal_conf.h:450,
                 from ../Drivers/STM32L4xx_HAL_Driver/Inc/stm32l4xx_hal.h:29,
                 from ../Core/Inc/main.h:30,
                 from ../Core/Src/display.c:11:
../Drivers/STM32L4xx_HAL_Driver/Inc/stm32l4xx_hal_uart.h:1675:72: note: expected 'uint8_t *' {aka 'unsigned char *'} but argument is of type 'char *'
 1675 | HAL_StatusTypeDef HAL_UART_Receive(UART_HandleTypeDef *huart, uint8_t *pData, uint16_t Size, uint32_t Timeout);
      |                                                               ~~~~~~~~~^~~~~
../Core/Src/display.c:84:4: warning: implicit declaration of function 'strncpy' [-Wimplicit-function-declaration]
   84 |    strncpy(destination, buffer[3], length);
      |    ^~~~~~~
../Core/Src/display.c:84:4: warning: incompatible implicit declaration of built-in function 'strncpy'
../Core/Src/display.c:84:4: note: include '<string.h>' or provide a declaration of 'strncpy'
../Core/Src/display.c:84:31: warning: passing argument 2 of 'strncpy' makes pointer from integer without a cast [-Wint-conversion]
   84 |    strncpy(destination, buffer[3], length);
      |                         ~~~~~~^~~
      |                               |
      |                               char
../Core/Src/display.c:84:31: note: expected 'const char *' but argument is of type 'char'
../Core/Src/display.c:80:7: warning: unused variable 'test' [-Wunused-variable]
   80 |   int test = strlen(buffer);
      |       ^~~~
arm-none-eabi-g++ -o "motorDriving.elf" @"objects.list"   -mcpu=cortex-m4 -T"C:\Users\Jeremy\Documents\W23\373\finalProject\AutomatedChess\motorDriving\STM32L4R5ZITXP_FLASH.ld" --specs=nosys.specs -Wl,-Map="motorDriving.map" -Wl,--gc-sections -static --specs=nano.specs -mfpu=fpv4-sp-d16 -mfloat-abi=hard -mthumb -u _printf_float -Wl,--start-group -lc -lm -lstdc++ -lsupc++ -Wl,--end-group
Finished building target: motorDriving.elf
 
arm-none-eabi-size   motorDriving.elf 
arm-none-eabi-objdump -h -S  motorDriving.elf  > "motorDriving.list"
   text	   data	    bss	    dec	    hex	filename
  38252	   1192	   2080	  41524	   a234	motorDriving.elf
Finished building: default.size.stdout
 
Finished building: motorDriving.list
 
16:14:26 **** Incremental Build of configuration Debug for project motorDriving ****
make -j16 all 
arm-none-eabi-gcc "../Core/Src/display.c" -mcpu=cortex-m4 -std=gnu11 -g3 -DDEBUG -DUSE_HAL_DRIVER -DSTM32L4R5xx -c -I../Core/Inc -I../Drivers/STM32L4xx_HAL_Driver/Inc -I../Drivers/STM32L4xx_HAL_Driver/Inc/Legacy -I../Drivers/CMSIS/Device/ST/STM32L4xx/Include -I../Drivers/CMSIS/Include -O0 -ffunction-sections -fdata-sections -Wall -fstack-usage -MMD -MP -MF"Core/Src/display.d" -MT"Core/Src/display.o" --specs=nano.specs -mfpu=fpv4-sp-d16 -mfloat-abi=hard -mthumb -o "Core/Src/display.o"
../Core/Src/display.c: In function 'makeMenu':
../Core/Src/display.c:36:3: warning: implicit declaration of function 'sprintf' [-Wimplicit-function-declaration]
   36 |   sprintf(buffer,options[i]);
      |   ^~~~~~~
../Core/Src/display.c:36:3: warning: incompatible implicit declaration of built-in function 'sprintf'
../Core/Src/display.c:13:1: note: include '<stdio.h>' or provide a declaration of 'sprintf'
   12 | #include "display.h"
  +++ |+#include <stdio.h>
   13 | 
../Core/Src/display.c:39:46: warning: implicit declaration of function 'strlen' [-Wimplicit-function-declaration]
   39 |   HAL_UART_Transmit(&huart3,(uint8_t*)buffer,strlen((const char*)buffer),10);
      |                                              ^~~~~~
../Core/Src/display.c:39:46: warning: incompatible implicit declaration of built-in function 'strlen'
../Core/Src/display.c:13:1: note: include '<string.h>' or provide a declaration of 'strlen'
   12 | #include "display.h"
  +++ |+#include <string.h>
   13 | 
../Core/Src/display.c:24:10: warning: unused variable 'buff' [-Wunused-variable]
   24 |  uint8_t buff[10] = {0x7C, 0x0C, 0x00 , 0x0A , 0x32 , 0x3C, 0x01};
      |          ^~~~
../Core/Src/display.c:22:10: warning: unused variable 'box' [-Wunused-variable]
   22 |  uint8_t box[] = {0x7C ,0x0F, 0x14 , 0x75, 0x8C , 0x7F, 0x01};
      |          ^~~
../Core/Src/display.c: In function 'sendInformation':
../Core/Src/display.c:63:3: warning: incompatible implicit declaration of built-in function 'sprintf'
   63 |   sprintf(buffer, data);
      |   ^~~~~~~
../Core/Src/display.c:63:3: note: include '<stdio.h>' or provide a declaration of 'sprintf'
../Core/Src/display.c:64:38: warning: incompatible implicit declaration of built-in function 'strlen'
   64 |   HAL_UART_Transmit(&huart2, buffer, strlen(buffer), 500);
      |                                      ^~~~~~
../Core/Src/display.c:64:38: note: include '<string.h>' or provide a declaration of 'strlen'
../Core/Src/display.c:64:30: warning: pointer targets in passing argument 2 of 'HAL_UART_Transmit' differ in signedness [-Wpointer-sign]
   64 |   HAL_UART_Transmit(&huart2, buffer, strlen(buffer), 500);
      |                              ^~~~~~
      |                              |
      |                              char *
In file included from ../Core/Inc/stm32l4xx_hal_conf.h:450,
                 from ../Drivers/STM32L4xx_HAL_Driver/Inc/stm32l4xx_hal.h:29,
                 from ../Core/Inc/main.h:30,
                 from ../Core/Src/display.c:11:
../Drivers/STM32L4xx_HAL_Driver/Inc/stm32l4xx_hal_uart.h:1674:79: note: expected 'const uint8_t *' {aka 'const unsigned char *'} but argument is of type 'char *'
 1674 | HAL_StatusTypeDef HAL_UART_Transmit(UART_HandleTypeDef *huart, const uint8_t *pData, uint16_t Size, uint32_t Timeout);
      |                                                                ~~~~~~~~~~~~~~~^~~~~
../Core/Src/display.c:65:29: warning: pointer targets in passing argument 2 of 'HAL_UART_Receive' differ in signedness [-Wpointer-sign]
   65 |   HAL_UART_Receive(&huart2, buffer, 12, 1000);
      |                             ^~~~~~
      |                             |
      |                             char *
In file included from ../Core/Inc/stm32l4xx_hal_conf.h:450,
                 from ../Drivers/STM32L4xx_HAL_Driver/Inc/stm32l4xx_hal.h:29,
                 from ../Core/Inc/main.h:30,
                 from ../Core/Src/display.c:11:
../Drivers/STM32L4xx_HAL_Driver/Inc/stm32l4xx_hal_uart.h:1675:72: note: expected 'uint8_t *' {aka 'unsigned char *'} but argument is of type 'char *'
 1675 | HAL_StatusTypeDef HAL_UART_Receive(UART_HandleTypeDef *huart, uint8_t *pData, uint16_t Size, uint32_t Timeout);
      |                                                               ~~~~~~~~~^~~~~
../Core/Src/display.c:67:6: warning: implicit declaration of function 'strcmp' [-Wimplicit-function-declaration]
   67 |   if(strcmp(buffer, "ack") == 0){
      |      ^~~~~~
../Core/Src/display.c: In function 'sendInformationGetData':
../Core/Src/display.c:78:3: warning: incompatible implicit declaration of built-in function 'sprintf'
   78 |   sprintf(buffer, data);
      |   ^~~~~~~
../Core/Src/display.c:78:3: note: include '<stdio.h>' or provide a declaration of 'sprintf'
../Core/Src/display.c:79:38: warning: incompatible implicit declaration of built-in function 'strlen'
   79 |   HAL_UART_Transmit(&huart2, buffer, strlen(buffer), 500);
      |                                      ^~~~~~
../Core/Src/display.c:79:38: note: include '<string.h>' or provide a declaration of 'strlen'
../Core/Src/display.c:79:30: warning: pointer targets in passing argument 2 of 'HAL_UART_Transmit' differ in signedness [-Wpointer-sign]
   79 |   HAL_UART_Transmit(&huart2, buffer, strlen(buffer), 500);
      |                              ^~~~~~
      |                              |
      |                              char *
In file included from ../Core/Inc/stm32l4xx_hal_conf.h:450,
                 from ../Drivers/STM32L4xx_HAL_Driver/Inc/stm32l4xx_hal.h:29,
                 from ../Core/Inc/main.h:30,
                 from ../Core/Src/display.c:11:
../Drivers/STM32L4xx_HAL_Driver/Inc/stm32l4xx_hal_uart.h:1674:79: note: expected 'const uint8_t *' {aka 'const unsigned char *'} but argument is of type 'char *'
 1674 | HAL_StatusTypeDef HAL_UART_Transmit(UART_HandleTypeDef *huart, const uint8_t *pData, uint16_t Size, uint32_t Timeout);
      |                                                                ~~~~~~~~~~~~~~~^~~~~
../Core/Src/display.c:80:29: warning: pointer targets in passing argument 2 of 'HAL_UART_Receive' differ in signedness [-Wpointer-sign]
   80 |   HAL_UART_Receive(&huart2, buffer, 3+length-1, timeRecieving);
      |                             ^~~~~~
      |                             |
      |                             char *
In file included from ../Core/Inc/stm32l4xx_hal_conf.h:450,
                 from ../Drivers/STM32L4xx_HAL_Driver/Inc/stm32l4xx_hal.h:29,
                 from ../Core/Inc/main.h:30,
                 from ../Core/Src/display.c:11:
../Drivers/STM32L4xx_HAL_Driver/Inc/stm32l4xx_hal_uart.h:1675:72: note: expected 'uint8_t *' {aka 'unsigned char *'} but argument is of type 'char *'
 1675 | HAL_StatusTypeDef HAL_UART_Receive(UART_HandleTypeDef *huart, uint8_t *pData, uint16_t Size, uint32_t Timeout);
      |                                                               ~~~~~~~~~^~~~~
../Core/Src/display.c:82:4: warning: implicit declaration of function 'strncpy' [-Wimplicit-function-declaration]
   82 |    strncpy(destination, buffer[3], length);
      |    ^~~~~~~
../Core/Src/display.c:82:4: warning: incompatible implicit declaration of built-in function 'strncpy'
../Core/Src/display.c:82:4: note: include '<string.h>' or provide a declaration of 'strncpy'
../Core/Src/display.c:82:31: warning: passing argument 2 of 'strncpy' makes pointer from integer without a cast [-Wint-conversion]
   82 |    strncpy(destination, buffer[3], length);
      |                         ~~~~~~^~~
      |                               |
      |                               char
../Core/Src/display.c:82:31: note: expected 'const char *' but argument is of type 'char'
arm-none-eabi-g++ -o "motorDriving.elf" @"objects.list"   -mcpu=cortex-m4 -T"C:\Users\Jeremy\Documents\W23\373\finalProject\AutomatedChess\motorDriving\STM32L4R5ZITXP_FLASH.ld" --specs=nosys.specs -Wl,-Map="motorDriving.map" -Wl,--gc-sections -static --specs=nano.specs -mfpu=fpv4-sp-d16 -mfloat-abi=hard -mthumb -u _printf_float -Wl,--start-group -lc -lm -lstdc++ -lsupc++ -Wl,--end-group
Finished building target: motorDriving.elf
 
arm-none-eabi-size   motorDriving.elf 
arm-none-eabi-objdump -h -S  motorDriving.elf  > "motorDriving.list"
   text	   data	    bss	    dec	    hex	filename
  38236	   1192	   2080	  41508	   a224	motorDriving.elf
Finished building: default.size.stdout
 
Finished building: motorDriving.list
 
16:18:00 **** Incremental Build of configuration Debug for project motorDriving ****
make -j16 all 
arm-none-eabi-size   motorDriving.elf 
   text	   data	    bss	    dec	    hex	filename
  38236	   1192	   2080	  41508	   a224	motorDriving.elf
Finished building: default.size.stdout
 
16:20:05 **** Incremental Build of configuration Debug for project motorDriving ****
make -j16 all 
arm-none-eabi-gcc "../Core/Src/display.c" -mcpu=cortex-m4 -std=gnu11 -g3 -DDEBUG -DUSE_HAL_DRIVER -DSTM32L4R5xx -c -I../Core/Inc -I../Drivers/STM32L4xx_HAL_Driver/Inc -I../Drivers/STM32L4xx_HAL_Driver/Inc/Legacy -I../Drivers/CMSIS/Device/ST/STM32L4xx/Include -I../Drivers/CMSIS/Include -O0 -ffunction-sections -fdata-sections -Wall -fstack-usage -MMD -MP -MF"Core/Src/display.d" -MT"Core/Src/display.o" --specs=nano.specs -mfpu=fpv4-sp-d16 -mfloat-abi=hard -mthumb -o "Core/Src/display.o"
../Core/Src/display.c: In function 'makeMenu':
../Core/Src/display.c:36:3: warning: implicit declaration of function 'sprintf' [-Wimplicit-function-declaration]
   36 |   sprintf(buffer,options[i]);
      |   ^~~~~~~
../Core/Src/display.c:36:3: warning: incompatible implicit declaration of built-in function 'sprintf'
../Core/Src/display.c:13:1: note: include '<stdio.h>' or provide a declaration of 'sprintf'
   12 | #include "display.h"
  +++ |+#include <stdio.h>
   13 | 
../Core/Src/display.c:39:46: warning: implicit declaration of function 'strlen' [-Wimplicit-function-declaration]
   39 |   HAL_UART_Transmit(&huart3,(uint8_t*)buffer,strlen((const char*)buffer),10);
      |                                              ^~~~~~
../Core/Src/display.c:39:46: warning: incompatible implicit declaration of built-in function 'strlen'
../Core/Src/display.c:13:1: note: include '<string.h>' or provide a declaration of 'strlen'
   12 | #include "display.h"
  +++ |+#include <string.h>
   13 | 
../Core/Src/display.c:24:10: warning: unused variable 'buff' [-Wunused-variable]
   24 |  uint8_t buff[10] = {0x7C, 0x0C, 0x00 , 0x0A , 0x32 , 0x3C, 0x01};
      |          ^~~~
../Core/Src/display.c:22:10: warning: unused variable 'box' [-Wunused-variable]
   22 |  uint8_t box[] = {0x7C ,0x0F, 0x14 , 0x75, 0x8C , 0x7F, 0x01};
      |          ^~~
../Core/Src/display.c: In function 'sendInformation':
../Core/Src/display.c:63:3: warning: incompatible implicit declaration of built-in function 'sprintf'
   63 |   sprintf(buffer, data);
      |   ^~~~~~~
../Core/Src/display.c:63:3: note: include '<stdio.h>' or provide a declaration of 'sprintf'
../Core/Src/display.c:64:38: warning: incompatible implicit declaration of built-in function 'strlen'
   64 |   HAL_UART_Transmit(&huart2, buffer, strlen(buffer), 500);
      |                                      ^~~~~~
../Core/Src/display.c:64:38: note: include '<string.h>' or provide a declaration of 'strlen'
../Core/Src/display.c:64:30: warning: pointer targets in passing argument 2 of 'HAL_UART_Transmit' differ in signedness [-Wpointer-sign]
   64 |   HAL_UART_Transmit(&huart2, buffer, strlen(buffer), 500);
      |                              ^~~~~~
      |                              |
      |                              char *
In file included from ../Core/Inc/stm32l4xx_hal_conf.h:450,
                 from ../Drivers/STM32L4xx_HAL_Driver/Inc/stm32l4xx_hal.h:29,
                 from ../Core/Inc/main.h:30,
                 from ../Core/Src/display.c:11:
../Drivers/STM32L4xx_HAL_Driver/Inc/stm32l4xx_hal_uart.h:1674:79: note: expected 'const uint8_t *' {aka 'const unsigned char *'} but argument is of type 'char *'
 1674 | HAL_StatusTypeDef HAL_UART_Transmit(UART_HandleTypeDef *huart, const uint8_t *pData, uint16_t Size, uint32_t Timeout);
      |                                                                ~~~~~~~~~~~~~~~^~~~~
../Core/Src/display.c:65:29: warning: pointer targets in passing argument 2 of 'HAL_UART_Receive' differ in signedness [-Wpointer-sign]
   65 |   HAL_UART_Receive(&huart2, buffer, 12, 1000);
      |                             ^~~~~~
      |                             |
      |                             char *
In file included from ../Core/Inc/stm32l4xx_hal_conf.h:450,
                 from ../Drivers/STM32L4xx_HAL_Driver/Inc/stm32l4xx_hal.h:29,
                 from ../Core/Inc/main.h:30,
                 from ../Core/Src/display.c:11:
../Drivers/STM32L4xx_HAL_Driver/Inc/stm32l4xx_hal_uart.h:1675:72: note: expected 'uint8_t *' {aka 'unsigned char *'} but argument is of type 'char *'
 1675 | HAL_StatusTypeDef HAL_UART_Receive(UART_HandleTypeDef *huart, uint8_t *pData, uint16_t Size, uint32_t Timeout);
      |                                                               ~~~~~~~~~^~~~~
../Core/Src/display.c:67:6: warning: implicit declaration of function 'strcmp' [-Wimplicit-function-declaration]
   67 |   if(strcmp(buffer, "ack") == 0){
      |      ^~~~~~
../Core/Src/display.c: In function 'sendInformationGetData':
../Core/Src/display.c:78:3: warning: incompatible implicit declaration of built-in function 'sprintf'
   78 |   sprintf(buffer, data);
      |   ^~~~~~~
../Core/Src/display.c:78:3: note: include '<stdio.h>' or provide a declaration of 'sprintf'
../Core/Src/display.c:79:38: warning: incompatible implicit declaration of built-in function 'strlen'
   79 |   HAL_UART_Transmit(&huart2, buffer, strlen(buffer), 500);
      |                                      ^~~~~~
../Core/Src/display.c:79:38: note: include '<string.h>' or provide a declaration of 'strlen'
../Core/Src/display.c:79:30: warning: pointer targets in passing argument 2 of 'HAL_UART_Transmit' differ in signedness [-Wpointer-sign]
   79 |   HAL_UART_Transmit(&huart2, buffer, strlen(buffer), 500);
      |                              ^~~~~~
      |                              |
      |                              char *
In file included from ../Core/Inc/stm32l4xx_hal_conf.h:450,
                 from ../Drivers/STM32L4xx_HAL_Driver/Inc/stm32l4xx_hal.h:29,
                 from ../Core/Inc/main.h:30,
                 from ../Core/Src/display.c:11:
../Drivers/STM32L4xx_HAL_Driver/Inc/stm32l4xx_hal_uart.h:1674:79: note: expected 'const uint8_t *' {aka 'const unsigned char *'} but argument is of type 'char *'
 1674 | HAL_StatusTypeDef HAL_UART_Transmit(UART_HandleTypeDef *huart, const uint8_t *pData, uint16_t Size, uint32_t Timeout);
      |                                                                ~~~~~~~~~~~~~~~^~~~~
../Core/Src/display.c:80:29: warning: pointer targets in passing argument 2 of 'HAL_UART_Receive' differ in signedness [-Wpointer-sign]
   80 |   HAL_UART_Receive(&huart2, buffer, 3+length-1, timeRecieving);
      |                             ^~~~~~
      |                             |
      |                             char *
In file included from ../Core/Inc/stm32l4xx_hal_conf.h:450,
                 from ../Drivers/STM32L4xx_HAL_Driver/Inc/stm32l4xx_hal.h:29,
                 from ../Core/Inc/main.h:30,
                 from ../Core/Src/display.c:11:
../Drivers/STM32L4xx_HAL_Driver/Inc/stm32l4xx_hal_uart.h:1675:72: note: expected 'uint8_t *' {aka 'unsigned char *'} but argument is of type 'char *'
 1675 | HAL_StatusTypeDef HAL_UART_Receive(UART_HandleTypeDef *huart, uint8_t *pData, uint16_t Size, uint32_t Timeout);
      |                                                               ~~~~~~~~~^~~~~
../Core/Src/display.c:82:4: warning: implicit declaration of function 'strncpy' [-Wimplicit-function-declaration]
   82 |    strncpy(destination, buffer[3], length);
      |    ^~~~~~~
../Core/Src/display.c:82:4: warning: incompatible implicit declaration of built-in function 'strncpy'
../Core/Src/display.c:82:4: note: include '<string.h>' or provide a declaration of 'strncpy'
../Core/Src/display.c:82:31: warning: passing argument 2 of 'strncpy' makes pointer from integer without a cast [-Wint-conversion]
   82 |    strncpy(destination, buffer[3], length);
      |                         ~~~~~~^~~
      |                               |
      |                               char
../Core/Src/display.c:82:31: note: expected 'const char *' but argument is of type 'char'
../Core/Src/display.c:85:10: warning: unused variable 'test' [-Wunused-variable]
   85 |     char test = destination[i];
      |          ^~~~
arm-none-eabi-g++ -o "motorDriving.elf" @"objects.list"   -mcpu=cortex-m4 -T"C:\Users\Jeremy\Documents\W23\373\finalProject\AutomatedChess\motorDriving\STM32L4R5ZITXP_FLASH.ld" --specs=nosys.specs -Wl,-Map="motorDriving.map" -Wl,--gc-sections -static --specs=nano.specs -mfpu=fpv4-sp-d16 -mfloat-abi=hard -mthumb -u _printf_float -Wl,--start-group -lc -lm -lstdc++ -lsupc++ -Wl,--end-group
Finished building target: motorDriving.elf
 
arm-none-eabi-size   motorDriving.elf 
arm-none-eabi-objdump -h -S  motorDriving.elf  > "motorDriving.list"
   text	   data	    bss	    dec	    hex	filename
  38268	   1192	   2080	  41540	   a244	motorDriving.elf
Finished building: default.size.stdout
 
Finished building: motorDriving.list
 
16:22:43 **** Incremental Build of configuration Debug for project motorDriving ****
make -j16 all 
arm-none-eabi-gcc "../Core/Src/main.c" -mcpu=cortex-m4 -std=gnu11 -g3 -DDEBUG -DUSE_HAL_DRIVER -DSTM32L4R5xx -c -I../Core/Inc -I../Drivers/STM32L4xx_HAL_Driver/Inc -I../Drivers/STM32L4xx_HAL_Driver/Inc/Legacy -I../Drivers/CMSIS/Device/ST/STM32L4xx/Include -I../Drivers/CMSIS/Include -O0 -ffunction-sections -fdata-sections -Wall -fstack-usage -MMD -MP -MF"Core/Src/main.d" -MT"Core/Src/main.o" --specs=nano.specs -mfpu=fpv4-sp-d16 -mfloat-abi=hard -mthumb -o "Core/Src/main.o"
../Core/Src/main.c: In function 'main':
../Core/Src/main.c:310:4: warning: implicit declaration of function 'sprintf' [-Wimplicit-function-declaration]
  310 |    sprintf(num, "%d\r", keyNum);
      |    ^~~~~~~
../Core/Src/main.c:310:4: warning: incompatible implicit declaration of built-in function 'sprintf'
../Core/Src/main.c:28:1: note: include '<stdio.h>' or provide a declaration of 'sprintf'
   27 | #include "display.h"
  +++ |+#include <stdio.h>
   28 | /* USER CODE END Includes */
../Core/Src/main.c:310:19: warning: format '%d' expects argument of type 'int', but argument 3 has type 'uint32_t' {aka 'long unsigned int'} [-Wformat=]
  310 |    sprintf(num, "%d\r", keyNum);
      |                  ~^     ~~~~~~
      |                   |     |
      |                   int   uint32_t {aka long unsigned int}
      |                  %ld
../Core/Src/main.c:361:4: warning: attempt to free a non-heap object 'move' [-Wfree-nonheap-object]
  361 |    free(move);
      |    ^~~~~~~~~~
arm-none-eabi-g++ -o "motorDriving.elf" @"objects.list"   -mcpu=cortex-m4 -T"C:\Users\Jeremy\Documents\W23\373\finalProject\AutomatedChess\motorDriving\STM32L4R5ZITXP_FLASH.ld" --specs=nosys.specs -Wl,-Map="motorDriving.map" -Wl,--gc-sections -static --specs=nano.specs -mfpu=fpv4-sp-d16 -mfloat-abi=hard -mthumb -u _printf_float -Wl,--start-group -lc -lm -lstdc++ -lsupc++ -Wl,--end-group
Finished building target: motorDriving.elf
 
arm-none-eabi-size   motorDriving.elf 
arm-none-eabi-objdump -h -S  motorDriving.elf  > "motorDriving.list"
   text	   data	    bss	    dec	    hex	filename
  38260	   1192	   2080	  41532	   a23c	motorDriving.elf
Finished building: default.size.stdout
 
Finished building: motorDriving.list
 
16:24:59 **** Incremental Build of configuration Debug for project motorDriving ****
make -j16 all 
arm-none-eabi-gcc "../Core/Src/display.c" -mcpu=cortex-m4 -std=gnu11 -g3 -DDEBUG -DUSE_HAL_DRIVER -DSTM32L4R5xx -c -I../Core/Inc -I../Drivers/STM32L4xx_HAL_Driver/Inc -I../Drivers/STM32L4xx_HAL_Driver/Inc/Legacy -I../Drivers/CMSIS/Device/ST/STM32L4xx/Include -I../Drivers/CMSIS/Include -O0 -ffunction-sections -fdata-sections -Wall -fstack-usage -MMD -MP -MF"Core/Src/display.d" -MT"Core/Src/display.o" --specs=nano.specs -mfpu=fpv4-sp-d16 -mfloat-abi=hard -mthumb -o "Core/Src/display.o"
arm-none-eabi-gcc "../Core/Src/main.c" -mcpu=cortex-m4 -std=gnu11 -g3 -DDEBUG -DUSE_HAL_DRIVER -DSTM32L4R5xx -c -I../Core/Inc -I../Drivers/STM32L4xx_HAL_Driver/Inc -I../Drivers/STM32L4xx_HAL_Driver/Inc/Legacy -I../Drivers/CMSIS/Device/ST/STM32L4xx/Include -I../Drivers/CMSIS/Include -O0 -ffunction-sections -fdata-sections -Wall -fstack-usage -MMD -MP -MF"Core/Src/main.d" -MT"Core/Src/main.o" --specs=nano.specs -mfpu=fpv4-sp-d16 -mfloat-abi=hard -mthumb -o "Core/Src/main.o"
../Core/Src/display.c: In function 'makeMenu':
../Core/Src/display.c:36:3: warning: implicit declaration of function 'sprintf' [-Wimplicit-function-declaration]
   36 |   sprintf(buffer,options[i]);
      |   ^~~~~~~
../Core/Src/display.c:36:3: warning: incompatible implicit declaration of built-in function 'sprintf'
../Core/Src/display.c:13:1: note: include '<stdio.h>' or provide a declaration of 'sprintf'
   12 | #include "display.h"
  +++ |+#include <stdio.h>
   13 | 
../Core/Src/display.c:39:46: warning: implicit declaration of function 'strlen' [-Wimplicit-function-declaration]
   39 |   HAL_UART_Transmit(&huart3,(uint8_t*)buffer,strlen((const char*)buffer),10);
      |                                              ^~~~~~
../Core/Src/display.c:39:46: warning: incompatible implicit declaration of built-in function 'strlen'
../Core/Src/display.c:13:1: note: include '<string.h>' or provide a declaration of 'strlen'
   12 | #include "display.h"
  +++ |+#include <string.h>
   13 | 
../Core/Src/display.c:24:10: warning: unused variable 'buff' [-Wunused-variable]
   24 |  uint8_t buff[10] = {0x7C, 0x0C, 0x00 , 0x0A , 0x32 , 0x3C, 0x01};
      |          ^~~~
../Core/Src/display.c:22:10: warning: unused variable 'box' [-Wunused-variable]
   22 |  uint8_t box[] = {0x7C ,0x0F, 0x14 , 0x75, 0x8C , 0x7F, 0x01};
      |          ^~~
../Core/Src/display.c: In function 'sendInformation':
../Core/Src/display.c:63:3: warning: incompatible implicit declaration of built-in function 'sprintf'
   63 |   sprintf(buffer, data);
      |   ^~~~~~~
../Core/Src/display.c:63:3: note: include '<stdio.h>' or provide a declaration of 'sprintf'
../Core/Src/display.c:64:38: warning: incompatible implicit declaration of built-in function 'strlen'
   64 |   HAL_UART_Transmit(&huart2, buffer, strlen(buffer), 500);
      |                                      ^~~~~~
../Core/Src/display.c:64:38: note: include '<string.h>' or provide a declaration of 'strlen'
../Core/Src/display.c:64:30: warning: pointer targets in passing argument 2 of 'HAL_UART_Transmit' differ in signedness [-Wpointer-sign]
   64 |   HAL_UART_Transmit(&huart2, buffer, strlen(buffer), 500);
      |                              ^~~~~~
      |                              |
      |                              char *
In file included from ../Core/Inc/stm32l4xx_hal_conf.h:450,
                 from ../Drivers/STM32L4xx_HAL_Driver/Inc/stm32l4xx_hal.h:29,
                 from ../Core/Inc/main.h:30,
                 from ../Core/Src/display.c:11:
../Drivers/STM32L4xx_HAL_Driver/Inc/stm32l4xx_hal_uart.h:1674:79: note: expected 'const uint8_t *' {aka 'const unsigned char *'} but argument is of type 'char *'
 1674 | HAL_StatusTypeDef HAL_UART_Transmit(UART_HandleTypeDef *huart, const uint8_t *pData, uint16_t Size, uint32_t Timeout);
      |                                                                ~~~~~~~~~~~~~~~^~~~~
../Core/Src/display.c:65:29: warning: pointer targets in passing argument 2 of 'HAL_UART_Receive' differ in signedness [-Wpointer-sign]
   65 |   HAL_UART_Receive(&huart2, buffer, 12, 1000);
      |                             ^~~~~~
      |                             |
      |                             char *
In file included from ../Core/Inc/stm32l4xx_hal_conf.h:450,
                 from ../Drivers/STM32L4xx_HAL_Driver/Inc/stm32l4xx_hal.h:29,
                 from ../Core/Inc/main.h:30,
                 from ../Core/Src/display.c:11:
../Drivers/STM32L4xx_HAL_Driver/Inc/stm32l4xx_hal_uart.h:1675:72: note: expected 'uint8_t *' {aka 'unsigned char *'} but argument is of type 'char *'
 1675 | HAL_StatusTypeDef HAL_UART_Receive(UART_HandleTypeDef *huart, uint8_t *pData, uint16_t Size, uint32_t Timeout);
      |                                                               ~~~~~~~~~^~~~~
../Core/Src/display.c:67:6: warning: implicit declaration of function 'strcmp' [-Wimplicit-function-declaration]
   67 |   if(strcmp(buffer, "ack") == 0){
      |      ^~~~~~
../Core/Src/display.c: In function 'sendInformationGetData':
../Core/Src/display.c:78:3: warning: incompatible implicit declaration of built-in function 'sprintf'
   78 |   sprintf(buffer, data);
      |   ^~~~~~~
../Core/Src/display.c:78:3: note: include '<stdio.h>' or provide a declaration of 'sprintf'
../Core/Src/display.c:79:38: warning: incompatible implicit declaration of built-in function 'strlen'
   79 |   HAL_UART_Transmit(&huart2, buffer, strlen(buffer), 500);
      |                                      ^~~~~~
../Core/Src/display.c:79:38: note: include '<string.h>' or provide a declaration of 'strlen'
../Core/Src/display.c:79:30: warning: pointer targets in passing argument 2 of 'HAL_UART_Transmit' differ in signedness [-Wpointer-sign]
   79 |   HAL_UART_Transmit(&huart2, buffer, strlen(buffer), 500);
      |                              ^~~~~~
      |                              |
      |                              char *
In file included from ../Core/Inc/stm32l4xx_hal_conf.h:450,
                 from ../Drivers/STM32L4xx_HAL_Driver/Inc/stm32l4xx_hal.h:29,
                 from ../Core/Inc/main.h:30,
                 from ../Core/Src/display.c:11:
../Drivers/STM32L4xx_HAL_Driver/Inc/stm32l4xx_hal_uart.h:1674:79: note: expected 'const uint8_t *' {aka 'const unsigned char *'} but argument is of type 'char *'
 1674 | HAL_StatusTypeDef HAL_UART_Transmit(UART_HandleTypeDef *huart, const uint8_t *pData, uint16_t Size, uint32_t Timeout);
      |                                                                ~~~~~~~~~~~~~~~^~~~~
../Core/Src/display.c:80:29: warning: pointer targets in passing argument 2 of 'HAL_UART_Receive' differ in signedness [-Wpointer-sign]
   80 |   HAL_UART_Receive(&huart2, buffer, 3+length-1, timeRecieving);
      |                             ^~~~~~
      |                             |
      |                             char *
In file included from ../Core/Inc/stm32l4xx_hal_conf.h:450,
                 from ../Drivers/STM32L4xx_HAL_Driver/Inc/stm32l4xx_hal.h:29,
                 from ../Core/Inc/main.h:30,
                 from ../Core/Src/display.c:11:
../Drivers/STM32L4xx_HAL_Driver/Inc/stm32l4xx_hal_uart.h:1675:72: note: expected 'uint8_t *' {aka 'unsigned char *'} but argument is of type 'char *'
 1675 | HAL_StatusTypeDef HAL_UART_Receive(UART_HandleTypeDef *huart, uint8_t *pData, uint16_t Size, uint32_t Timeout);
      |                                                               ~~~~~~~~~^~~~~
../Core/Src/display.c:82:4: warning: implicit declaration of function 'strncpy' [-Wimplicit-function-declaration]
   82 |    strncpy(destination, &buffer[3], length);
      |    ^~~~~~~
../Core/Src/display.c:82:4: warning: incompatible implicit declaration of built-in function 'strncpy'
../Core/Src/display.c:82:4: note: include '<string.h>' or provide a declaration of 'strncpy'
../Core/Src/display.c:85:10: warning: unused variable 'test' [-Wunused-variable]
   85 |     char test = destination[i];
      |          ^~~~
../Core/Src/main.c: In function 'main':
../Core/Src/main.c:310:4: warning: implicit declaration of function 'sprintf' [-Wimplicit-function-declaration]
  310 |    sprintf(num, "%d\r", keyNum);
      |    ^~~~~~~
../Core/Src/main.c:310:4: warning: incompatible implicit declaration of built-in function 'sprintf'
../Core/Src/main.c:28:1: note: include '<stdio.h>' or provide a declaration of 'sprintf'
   27 | #include "display.h"
  +++ |+#include <stdio.h>
   28 | /* USER CODE END Includes */
../Core/Src/main.c:310:19: warning: format '%d' expects argument of type 'int', but argument 3 has type 'uint32_t' {aka 'long unsigned int'} [-Wformat=]
  310 |    sprintf(num, "%d\r", keyNum);
      |                  ~^     ~~~~~~
      |                   |     |
      |                   int   uint32_t {aka long unsigned int}
      |                  %ld
arm-none-eabi-g++ -o "motorDriving.elf" @"objects.list"   -mcpu=cortex-m4 -T"C:\Users\Jeremy\Documents\W23\373\finalProject\AutomatedChess\motorDriving\STM32L4R5ZITXP_FLASH.ld" --specs=nosys.specs -Wl,-Map="motorDriving.map" -Wl,--gc-sections -static --specs=nano.specs -mfpu=fpv4-sp-d16 -mfloat-abi=hard -mthumb -u _printf_float -Wl,--start-group -lc -lm -lstdc++ -lsupc++ -Wl,--end-group
Finished building target: motorDriving.elf
 
arm-none-eabi-size   motorDriving.elf 
arm-none-eabi-objdump -h -S  motorDriving.elf  > "motorDriving.list"
   text	   data	    bss	    dec	    hex	filename
  38236	   1192	   2080	  41508	   a224	motorDriving.elf
Finished building: default.size.stdout
 
Finished building: motorDriving.list
 
16:32:39 **** Incremental Build of configuration Debug for project motorDriving ****
make -j16 all 
arm-none-eabi-gcc "../Core/Src/display.c" -mcpu=cortex-m4 -std=gnu11 -g3 -DDEBUG -DUSE_HAL_DRIVER -DSTM32L4R5xx -c -I../Core/Inc -I../Drivers/STM32L4xx_HAL_Driver/Inc -I../Drivers/STM32L4xx_HAL_Driver/Inc/Legacy -I../Drivers/CMSIS/Device/ST/STM32L4xx/Include -I../Drivers/CMSIS/Include -O0 -ffunction-sections -fdata-sections -Wall -fstack-usage -MMD -MP -MF"Core/Src/display.d" -MT"Core/Src/display.o" --specs=nano.specs -mfpu=fpv4-sp-d16 -mfloat-abi=hard -mthumb -o "Core/Src/display.o"
../Core/Src/display.c: In function 'makeMenu':
../Core/Src/display.c:36:3: warning: implicit declaration of function 'sprintf' [-Wimplicit-function-declaration]
   36 |   sprintf(buffer,options[i]);
      |   ^~~~~~~
../Core/Src/display.c:36:3: warning: incompatible implicit declaration of built-in function 'sprintf'
../Core/Src/display.c:13:1: note: include '<stdio.h>' or provide a declaration of 'sprintf'
   12 | #include "display.h"
  +++ |+#include <stdio.h>
   13 | 
../Core/Src/display.c:39:46: warning: implicit declaration of function 'strlen' [-Wimplicit-function-declaration]
   39 |   HAL_UART_Transmit(&huart3,(uint8_t*)buffer,strlen((const char*)buffer),10);
      |                                              ^~~~~~
../Core/Src/display.c:39:46: warning: incompatible implicit declaration of built-in function 'strlen'
../Core/Src/display.c:13:1: note: include '<string.h>' or provide a declaration of 'strlen'
   12 | #include "display.h"
  +++ |+#include <string.h>
   13 | 
../Core/Src/display.c:24:10: warning: unused variable 'buff' [-Wunused-variable]
   24 |  uint8_t buff[10] = {0x7C, 0x0C, 0x00 , 0x0A , 0x32 , 0x3C, 0x01};
      |          ^~~~
../Core/Src/display.c:22:10: warning: unused variable 'box' [-Wunused-variable]
   22 |  uint8_t box[] = {0x7C ,0x0F, 0x14 , 0x75, 0x8C , 0x7F, 0x01};
      |          ^~~
../Core/Src/display.c: In function 'sendInformation':
../Core/Src/display.c:63:3: warning: incompatible implicit declaration of built-in function 'sprintf'
   63 |   sprintf(buffer, data);
      |   ^~~~~~~
../Core/Src/display.c:63:3: note: include '<stdio.h>' or provide a declaration of 'sprintf'
../Core/Src/display.c:64:38: warning: incompatible implicit declaration of built-in function 'strlen'
   64 |   HAL_UART_Transmit(&huart2, buffer, strlen(buffer), 500);
      |                                      ^~~~~~
../Core/Src/display.c:64:38: note: include '<string.h>' or provide a declaration of 'strlen'
../Core/Src/display.c:64:30: warning: pointer targets in passing argument 2 of 'HAL_UART_Transmit' differ in signedness [-Wpointer-sign]
   64 |   HAL_UART_Transmit(&huart2, buffer, strlen(buffer), 500);
      |                              ^~~~~~
      |                              |
      |                              char *
In file included from ../Core/Inc/stm32l4xx_hal_conf.h:450,
                 from ../Drivers/STM32L4xx_HAL_Driver/Inc/stm32l4xx_hal.h:29,
                 from ../Core/Inc/main.h:30,
                 from ../Core/Src/display.c:11:
../Drivers/STM32L4xx_HAL_Driver/Inc/stm32l4xx_hal_uart.h:1674:79: note: expected 'const uint8_t *' {aka 'const unsigned char *'} but argument is of type 'char *'
 1674 | HAL_StatusTypeDef HAL_UART_Transmit(UART_HandleTypeDef *huart, const uint8_t *pData, uint16_t Size, uint32_t Timeout);
      |                                                                ~~~~~~~~~~~~~~~^~~~~
../Core/Src/display.c:65:29: warning: pointer targets in passing argument 2 of 'HAL_UART_Receive' differ in signedness [-Wpointer-sign]
   65 |   HAL_UART_Receive(&huart2, buffer, 12, 1000);
      |                             ^~~~~~
      |                             |
      |                             char *
In file included from ../Core/Inc/stm32l4xx_hal_conf.h:450,
                 from ../Drivers/STM32L4xx_HAL_Driver/Inc/stm32l4xx_hal.h:29,
                 from ../Core/Inc/main.h:30,
                 from ../Core/Src/display.c:11:
../Drivers/STM32L4xx_HAL_Driver/Inc/stm32l4xx_hal_uart.h:1675:72: note: expected 'uint8_t *' {aka 'unsigned char *'} but argument is of type 'char *'
 1675 | HAL_StatusTypeDef HAL_UART_Receive(UART_HandleTypeDef *huart, uint8_t *pData, uint16_t Size, uint32_t Timeout);
      |                                                               ~~~~~~~~~^~~~~
../Core/Src/display.c:67:6: warning: implicit declaration of function 'strcmp' [-Wimplicit-function-declaration]
   67 |   if(strcmp(buffer, "ack") == 0){
      |      ^~~~~~
../Core/Src/display.c: In function 'sendInformationGetData':
../Core/Src/display.c:78:3: warning: incompatible implicit declaration of built-in function 'sprintf'
   78 |   sprintf(buffer, data);
      |   ^~~~~~~
../Core/Src/display.c:78:3: note: include '<stdio.h>' or provide a declaration of 'sprintf'
../Core/Src/display.c:79:38: warning: incompatible implicit declaration of built-in function 'strlen'
   79 |   HAL_UART_Transmit(&huart2, buffer, strlen(buffer), 500);
      |                                      ^~~~~~
../Core/Src/display.c:79:38: note: include '<string.h>' or provide a declaration of 'strlen'
../Core/Src/display.c:79:30: warning: pointer targets in passing argument 2 of 'HAL_UART_Transmit' differ in signedness [-Wpointer-sign]
   79 |   HAL_UART_Transmit(&huart2, buffer, strlen(buffer), 500);
      |                              ^~~~~~
      |                              |
      |                              char *
In file included from ../Core/Inc/stm32l4xx_hal_conf.h:450,
                 from ../Drivers/STM32L4xx_HAL_Driver/Inc/stm32l4xx_hal.h:29,
                 from ../Core/Inc/main.h:30,
                 from ../Core/Src/display.c:11:
../Drivers/STM32L4xx_HAL_Driver/Inc/stm32l4xx_hal_uart.h:1674:79: note: expected 'const uint8_t *' {aka 'const unsigned char *'} but argument is of type 'char *'
 1674 | HAL_StatusTypeDef HAL_UART_Transmit(UART_HandleTypeDef *huart, const uint8_t *pData, uint16_t Size, uint32_t Timeout);
      |                                                                ~~~~~~~~~~~~~~~^~~~~
../Core/Src/display.c:80:29: warning: pointer targets in passing argument 2 of 'HAL_UART_Receive' differ in signedness [-Wpointer-sign]
   80 |   HAL_UART_Receive(&huart2, buffer, 3+length-1, timeRecieving);
      |                             ^~~~~~
      |                             |
      |                             char *
In file included from ../Core/Inc/stm32l4xx_hal_conf.h:450,
                 from ../Drivers/STM32L4xx_HAL_Driver/Inc/stm32l4xx_hal.h:29,
                 from ../Core/Inc/main.h:30,
                 from ../Core/Src/display.c:11:
../Drivers/STM32L4xx_HAL_Driver/Inc/stm32l4xx_hal_uart.h:1675:72: note: expected 'uint8_t *' {aka 'unsigned char *'} but argument is of type 'char *'
 1675 | HAL_StatusTypeDef HAL_UART_Receive(UART_HandleTypeDef *huart, uint8_t *pData, uint16_t Size, uint32_t Timeout);
      |                                                               ~~~~~~~~~^~~~~
../Core/Src/display.c:82:4: warning: implicit declaration of function 'strncpy' [-Wimplicit-function-declaration]
   82 |    strncpy(destination, &buffer[3], length);
      |    ^~~~~~~
../Core/Src/display.c:82:4: warning: incompatible implicit declaration of built-in function 'strncpy'
../Core/Src/display.c:82:4: note: include '<string.h>' or provide a declaration of 'strncpy'
../Core/Src/display.c:84:9: warning: variable 'test' set but not used [-Wunused-but-set-variable]
   84 |    char test;
      |         ^~~~
arm-none-eabi-g++ -o "motorDriving.elf" @"objects.list"   -mcpu=cortex-m4 -T"C:\Users\Jeremy\Documents\W23\373\finalProject\AutomatedChess\motorDriving\STM32L4R5ZITXP_FLASH.ld" --specs=nosys.specs -Wl,-Map="motorDriving.map" -Wl,--gc-sections -static --specs=nano.specs -mfpu=fpv4-sp-d16 -mfloat-abi=hard -mthumb -u _printf_float -Wl,--start-group -lc -lm -lstdc++ -lsupc++ -Wl,--end-group
Finished building target: motorDriving.elf
 
arm-none-eabi-size   motorDriving.elf 
arm-none-eabi-objdump -h -S  motorDriving.elf  > "motorDriving.list"
   text	   data	    bss	    dec	    hex	filename
  38236	   1192	   2080	  41508	   a224	motorDriving.elf
Finished building: default.size.stdout
 
Finished building: motorDriving.list
 
16:58:51 **** Incremental Build of configuration Debug for project motorDriving ****
make -j16 all 
arm-none-eabi-gcc "../Core/Src/display.c" -mcpu=cortex-m4 -std=gnu11 -g3 -DDEBUG -DUSE_HAL_DRIVER -DSTM32L4R5xx -c -I../Core/Inc -I../Drivers/STM32L4xx_HAL_Driver/Inc -I../Drivers/STM32L4xx_HAL_Driver/Inc/Legacy -I../Drivers/CMSIS/Device/ST/STM32L4xx/Include -I../Drivers/CMSIS/Include -O0 -ffunction-sections -fdata-sections -Wall -fstack-usage -MMD -MP -MF"Core/Src/display.d" -MT"Core/Src/display.o" --specs=nano.specs -mfpu=fpv4-sp-d16 -mfloat-abi=hard -mthumb -o "Core/Src/display.o"
arm-none-eabi-gcc "../Core/Src/main.c" -mcpu=cortex-m4 -std=gnu11 -g3 -DDEBUG -DUSE_HAL_DRIVER -DSTM32L4R5xx -c -I../Core/Inc -I../Drivers/STM32L4xx_HAL_Driver/Inc -I../Drivers/STM32L4xx_HAL_Driver/Inc/Legacy -I../Drivers/CMSIS/Device/ST/STM32L4xx/Include -I../Drivers/CMSIS/Include -O0 -ffunction-sections -fdata-sections -Wall -fstack-usage -MMD -MP -MF"Core/Src/main.d" -MT"Core/Src/main.o" --specs=nano.specs -mfpu=fpv4-sp-d16 -mfloat-abi=hard -mthumb -o "Core/Src/main.o"
../Core/Src/display.c: In function 'makeMenu':
../Core/Src/display.c:36:3: warning: implicit declaration of function 'sprintf' [-Wimplicit-function-declaration]
   36 |   sprintf(buffer,options[i]);
      |   ^~~~~~~
../Core/Src/display.c:36:3: warning: incompatible implicit declaration of built-in function 'sprintf'
../Core/Src/display.c:13:1: note: include '<stdio.h>' or provide a declaration of 'sprintf'
   12 | #include "display.h"
  +++ |+#include <stdio.h>
   13 | 
../Core/Src/display.c:39:46: warning: implicit declaration of function 'strlen' [-Wimplicit-function-declaration]
   39 |   HAL_UART_Transmit(&huart3,(uint8_t*)buffer,strlen((const char*)buffer),10);
      |                                              ^~~~~~
../Core/Src/display.c:39:46: warning: incompatible implicit declaration of built-in function 'strlen'
[...]
 1675 | HAL_StatusTypeDef HAL_UART_Receive(UART_HandleTypeDef *huart, uint8_t *pData, uint16_t Size, uint32_t Timeout);
      |                                                               ~~~~~~~~~^~~~~
../Core/Src/display.c:67:6: warning: implicit declaration of function 'strcmp' [-Wimplicit-function-declaration]
   67 |   if(strcmp(buffer, "ack") == 0){
      |      ^~~~~~
../Core/Src/display.c: In function 'sendInformationGetData':
../Core/Src/display.c:78:3: warning: incompatible implicit declaration of built-in function 'sprintf'
   78 |   sprintf(buffer, data);
      |   ^~~~~~~
../Core/Src/display.c:78:3: note: include '<stdio.h>' or provide a declaration of 'sprintf'
../Core/Src/display.c:79:38: warning: incompatible implicit declaration of built-in function 'strlen'
   79 |   HAL_UART_Transmit(&huart2, buffer, strlen(buffer), 500);
      |                                      ^~~~~~
../Core/Src/display.c:79:38: note: include '<string.h>' or provide a declaration of 'strlen'
../Core/Src/display.c:79:30: warning: pointer targets in passing argument 2 of 'HAL_UART_Transmit' differ in signedness [-Wpointer-sign]
   79 |   HAL_UART_Transmit(&huart2, buffer, strlen(buffer), 500);
      |                              ^~~~~~
      |                              |
      |                              char *
In file included from ../Core/Inc/stm32l4xx_hal_conf.h:450,
                 from ../Drivers/STM32L4xx_HAL_Driver/Inc/stm32l4xx_hal.h:29,
                 from ../Core/Inc/main.h:30,
                 from ../Core/Src/display.c:11:
../Drivers/STM32L4xx_HAL_Driver/Inc/stm32l4xx_hal_uart.h:1674:79: note: expected 'const uint8_t *' {aka 'const unsigned char *'} but argument is of type 'char *'
 1674 | HAL_StatusTypeDef HAL_UART_Transmit(UART_HandleTypeDef *huart, const uint8_t *pData, uint16_t Size, uint32_t Timeout);
      |                                                                ~~~~~~~~~~~~~~~^~~~~
../Core/Src/display.c:80:29: warning: pointer targets in passing argument 2 of 'HAL_UART_Receive' differ in signedness [-Wpointer-sign]
   80 |   HAL_UART_Receive(&huart2, buffer, 3+length-1, timeRecieving);
      |                             ^~~~~~
      |                             |
      |                             char *
In file included from ../Core/Inc/stm32l4xx_hal_conf.h:450,
                 from ../Drivers/STM32L4xx_HAL_Driver/Inc/stm32l4xx_hal.h:29,
                 from ../Core/Inc/main.h:30,
                 from ../Core/Src/display.c:11:
../Drivers/STM32L4xx_HAL_Driver/Inc/stm32l4xx_hal_uart.h:1675:72: note: expected 'uint8_t *' {aka 'unsigned char *'} but argument is of type 'char *'
 1675 | HAL_StatusTypeDef HAL_UART_Receive(UART_HandleTypeDef *huart, uint8_t *pData, uint16_t Size, uint32_t Timeout);
      |                                                               ~~~~~~~~~^~~~~
../Core/Src/display.c:82:4: warning: implicit declaration of function 'strncpy' [-Wimplicit-function-declaration]
   82 |    strncpy(destination, &buffer[3], length);
      |    ^~~~~~~
../Core/Src/display.c:82:4: warning: incompatible implicit declaration of built-in function 'strncpy'
../Core/Src/display.c:82:4: note: include '<string.h>' or provide a declaration of 'strncpy'
../Core/Src/main.c: In function 'main':
../Core/Src/main.c:310:4: warning: implicit declaration of function 'sprintf' [-Wimplicit-function-declaration]
  310 |    sprintf(num, "%d\r", keyNum);
      |    ^~~~~~~
../Core/Src/main.c:310:4: warning: incompatible implicit declaration of built-in function 'sprintf'
../Core/Src/main.c:28:1: note: include '<stdio.h>' or provide a declaration of 'sprintf'
   27 | #include "display.h"
  +++ |+#include <stdio.h>
   28 | /* USER CODE END Includes */
../Core/Src/main.c:310:19: warning: format '%d' expects argument of type 'int', but argument 3 has type 'uint32_t' {aka 'long unsigned int'} [-Wformat=]
  310 |    sprintf(num, "%d\r", keyNum);
      |                  ~^     ~~~~~~
      |                   |     |
      |                   int   uint32_t {aka long unsigned int}
      |                  %ld
../Core/Src/main.c:361:4: warning: implicit declaration of function 'moveToCoord'; did you mean 'convertToCoord'? [-Wimplicit-function-declaration]
  361 |    moveToCoord(move);
      |    ^~~~~~~~~~~
      |    convertToCoord
arm-none-eabi-g++ -o "motorDriving.elf" @"objects.list"   -mcpu=cortex-m4 -T"C:\Users\Jeremy\Documents\W23\373\finalProject\AutomatedChess\motorDriving\STM32L4R5ZITXP_FLASH.ld" --specs=nosys.specs -Wl,-Map="motorDriving.map" -Wl,--gc-sections -static --specs=nano.specs -mfpu=fpv4-sp-d16 -mfloat-abi=hard -mthumb -u _printf_float -Wl,--start-group -lc -lm -lstdc++ -lsupc++ -Wl,--end-group
Finished building target: motorDriving.elf
 
arm-none-eabi-size   motorDriving.elf 
arm-none-eabi-objdump -h -S  motorDriving.elf  > "motorDriving.list"
   text	   data	    bss	    dec	    hex	filename
  39052	   1192	   2088	  42332	   a55c	motorDriving.elf
Finished building: default.size.stdout
 
Finished building: motorDriving.list
 
17:00:18 **** Incremental Build of configuration Debug for project motorDriving ****
make -j16 all 
arm-none-eabi-size   motorDriving.elf 
   text	   data	    bss	    dec	    hex	filename
  39052	   1192	   2088	  42332	   a55c	motorDriving.elf
Finished building: default.size.stdout
 
17:01:15 **** Incremental Build of configuration Debug for project motorDriving ****
make -j16 all 
arm-none-eabi-size   motorDriving.elf 
   text	   data	    bss	    dec	    hex	filename
  39052	   1192	   2088	  42332	   a55c	motorDriving.elf
Finished building: default.size.stdout
 
17:04:39 **** Incremental Build of configuration Debug for project motorDriving ****
make -j16 all 
arm-none-eabi-size   motorDriving.elf 
   text	   data	    bss	    dec	    hex	filename
  39052	   1192	   2088	  42332	   a55c	motorDriving.elf
Finished building: default.size.stdout
 
17:12:34 **** Incremental Build of configuration Debug for project motorDriving ****
make -j16 all 
arm-none-eabi-gcc "../Core/Src/main.c" -mcpu=cortex-m4 -std=gnu11 -g3 -DDEBUG -DUSE_HAL_DRIVER -DSTM32L4R5xx -c -I../Core/Inc -I../Drivers/STM32L4xx_HAL_Driver/Inc -I../Drivers/STM32L4xx_HAL_Driver/Inc/Legacy -I../Drivers/CMSIS/Device/ST/STM32L4xx/Include -I../Drivers/CMSIS/Include -O0 -ffunction-sections -fdata-sections -Wall -fstack-usage -MMD -MP -MF"Core/Src/main.d" -MT"Core/Src/main.o" --specs=nano.specs -mfpu=fpv4-sp-d16 -mfloat-abi=hard -mthumb -o "Core/Src/main.o"
../Core/Src/main.c: In function 'main':
../Core/Src/main.c:310:4: warning: implicit declaration of function 'sprintf' [-Wimplicit-function-declaration]
  310 |    sprintf(num, "%d\r", keyNum);
      |    ^~~~~~~
../Core/Src/main.c:310:4: warning: incompatible implicit declaration of built-in function 'sprintf'
../Core/Src/main.c:28:1: note: include '<stdio.h>' or provide a declaration of 'sprintf'
   27 | #include "display.h"
  +++ |+#include <stdio.h>
   28 | /* USER CODE END Includes */
../Core/Src/main.c:310:19: warning: format '%d' expects argument of type 'int', but argument 3 has type 'uint32_t' {aka 'long unsigned int'} [-Wformat=]
  310 |    sprintf(num, "%d\r", keyNum);
      |                  ~^     ~~~~~~
      |                   |     |
      |                   int   uint32_t {aka long unsigned int}
      |                  %ld
../Core/Src/main.c:361:4: warning: implicit declaration of function 'executeInstruction' [-Wimplicit-function-declaration]
  361 |    executeInstruction(move, BLACK, QUEEN);
      |    ^~~~~~~~~~~~~~~~~~
arm-none-eabi-g++ -o "motorDriving.elf" @"objects.list"   -mcpu=cortex-m4 -T"C:\Users\Jeremy\Documents\W23\373\finalProject\AutomatedChess\motorDriving\STM32L4R5ZITXP_FLASH.ld" --specs=nosys.specs -Wl,-Map="motorDriving.map" -Wl,--gc-sections -static --specs=nano.specs -mfpu=fpv4-sp-d16 -mfloat-abi=hard -mthumb -u _printf_float -Wl,--start-group -lc -lm -lstdc++ -lsupc++ -Wl,--end-group
Finished building target: motorDriving.elf
 
arm-none-eabi-size   motorDriving.elf 
arm-none-eabi-objdump -h -S  motorDriving.elf  > "motorDriving.list"
   text	   data	    bss	    dec	    hex	filename
  39516	   1192	   2088	  42796	   a72c	motorDriving.elf
Finished building: default.size.stdout
 
Finished building: motorDriving.list
 
18:25:26 **** Incremental Build of configuration Debug for project motorDriving ****
make -j16 all 
arm-none-eabi-gcc "../Core/Src/main.c" -mcpu=cortex-m4 -std=gnu11 -g3 -DDEBUG -DUSE_HAL_DRIVER -DSTM32L4R5xx -c -I../Core/Inc -I../Drivers/STM32L4xx_HAL_Driver/Inc -I../Drivers/STM32L4xx_HAL_Driver/Inc/Legacy -I../Drivers/CMSIS/Device/ST/STM32L4xx/Include -I../Drivers/CMSIS/Include -O0 -ffunction-sections -fdata-sections -Wall -fstack-usage -MMD -MP -MF"Core/Src/main.d" -MT"Core/Src/main.o" --specs=nano.specs -mfpu=fpv4-sp-d16 -mfloat-abi=hard -mthumb -o "Core/Src/main.o"
../Core/Src/main.c: In function 'main':
../Core/Src/main.c:229:3: warning: implicit declaration of function 'moveToCoord'; did you mean 'convertToCoord'? [-Wimplicit-function-declaration]
  229 |   moveToCoord("H8");
      |   ^~~~~~~~~~~
      |   convertToCoord
../Core/Src/main.c:311:4: warning: implicit declaration of function 'sprintf' [-Wimplicit-function-declaration]
  311 |    sprintf(num, "%d\r", keyNum);
      |    ^~~~~~~
../Core/Src/main.c:311:4: warning: incompatible implicit declaration of built-in function 'sprintf'
../Core/Src/main.c:28:1: note: include '<stdio.h>' or provide a declaration of 'sprintf'
   27 | #include "display.h"
  +++ |+#include <stdio.h>
   28 | /* USER CODE END Includes */
../Core/Src/main.c:311:19: warning: format '%d' expects argument of type 'int', but argument 3 has type 'uint32_t' {aka 'long unsigned int'} [-Wformat=]
  311 |    sprintf(num, "%d\r", keyNum);
      |                  ~^     ~~~~~~
      |                   |     |
      |                   int   uint32_t {aka long unsigned int}
      |                  %ld
../Core/Src/main.c:362:4: warning: implicit declaration of function 'executeInstruction' [-Wimplicit-function-declaration]
  362 |    executeInstruction(move, BLACK, QUEEN);
      |    ^~~~~~~~~~~~~~~~~~
arm-none-eabi-g++ -o "motorDriving.elf" @"objects.list"   -mcpu=cortex-m4 -T"C:\Users\Jeremy\Documents\W23\373\finalProject\AutomatedChess\motorDriving\STM32L4R5ZITXP_FLASH.ld" --specs=nosys.specs -Wl,-Map="motorDriving.map" -Wl,--gc-sections -static --specs=nano.specs -mfpu=fpv4-sp-d16 -mfloat-abi=hard -mthumb -u _printf_float -Wl,--start-group -lc -lm -lstdc++ -lsupc++ -Wl,--end-group
Finished building target: motorDriving.elf
 
arm-none-eabi-size   motorDriving.elf 
arm-none-eabi-objdump -h -S  motorDriving.elf  > "motorDriving.list"
   text	   data	    bss	    dec	    hex	filename
  39540	   1192	   2088	  42820	   a744	motorDriving.elf
Finished building: default.size.stdout
 
Finished building: motorDriving.list
 
18:25:32 **** Incremental Build of configuration Debug for project motorDriving ****
make -j16 all 
arm-none-eabi-size   motorDriving.elf 
   text	   data	    bss	    dec	    hex	filename
  39540	   1192	   2088	  42820	   a744	motorDriving.elf
Finished building: default.size.stdout
 
18:38:13 **** Incremental Build of configuration Debug for project motorDriving ****
make -j16 all 
arm-none-eabi-gcc "../Core/Src/main.c" -mcpu=cortex-m4 -std=gnu11 -g3 -DDEBUG -DUSE_HAL_DRIVER -DSTM32L4R5xx -c -I../Core/Inc -I../Drivers/STM32L4xx_HAL_Driver/Inc -I../Drivers/STM32L4xx_HAL_Driver/Inc/Legacy -I../Drivers/CMSIS/Device/ST/STM32L4xx/Include -I../Drivers/CMSIS/Include -O0 -ffunction-sections -fdata-sections -Wall -fstack-usage -MMD -MP -MF"Core/Src/main.d" -MT"Core/Src/main.o" --specs=nano.specs -mfpu=fpv4-sp-d16 -mfloat-abi=hard -mthumb -o "Core/Src/main.o"
../Core/Src/main.c: In function 'main':
../Core/Src/main.c:229:3: warning: implicit declaration of function 'moveToCoord'; did you mean 'convertToCoord'? [-Wimplicit-function-declaration]
  229 |   moveToCoord("H8");
      |   ^~~~~~~~~~~
      |   convertToCoord
../Core/Src/main.c:311:4: warning: implicit declaration of function 'sprintf' [-Wimplicit-function-declaration]
  311 |    sprintf(num, "%d\r", keyNum);
      |    ^~~~~~~
../Core/Src/main.c:311:4: warning: incompatible implicit declaration of built-in function 'sprintf'
../Core/Src/main.c:28:1: note: include '<stdio.h>' or provide a declaration of 'sprintf'
   27 | #include "display.h"
  +++ |+#include <stdio.h>
   28 | /* USER CODE END Includes */
../Core/Src/main.c:311:19: warning: format '%d' expects argument of type 'int', but argument 3 has type 'uint32_t' {aka 'long unsigned int'} [-Wformat=]
  311 |    sprintf(num, "%d\r", keyNum);
      |                  ~^     ~~~~~~
      |                   |     |
      |                   int   uint32_t {aka long unsigned int}
      |                  %ld
../Core/Src/main.c:362:4: warning: implicit declaration of function 'executeInstruction' [-Wimplicit-function-declaration]
  362 |    executeInstruction(move, BLACK, QUEEN);
      |    ^~~~~~~~~~~~~~~~~~
arm-none-eabi-g++ -o "motorDriving.elf" @"objects.list"   -mcpu=cortex-m4 -T"C:\Users\Jeremy\Documents\W23\373\finalProject\AutomatedChess\motorDriving\STM32L4R5ZITXP_FLASH.ld" --specs=nosys.specs -Wl,-Map="motorDriving.map" -Wl,--gc-sections -static --specs=nano.specs -mfpu=fpv4-sp-d16 -mfloat-abi=hard -mthumb -u _printf_float -Wl,--start-group -lc -lm -lstdc++ -lsupc++ -Wl,--end-group
Finished building target: motorDriving.elf
 
arm-none-eabi-size   motorDriving.elf 
arm-none-eabi-objdump -h -S  motorDriving.elf  > "motorDriving.list"
   text	   data	    bss	    dec	    hex	filename
  39540	   1192	   2088	  42820	   a744	motorDriving.elf
Finished building: default.size.stdout
 
Finished building: motorDriving.list
 
18:59:42 **** Incremental Build of configuration Debug for project motorDriving ****
make -j16 all 
arm-none-eabi-gcc "../Core/Src/main.c" -mcpu=cortex-m4 -std=gnu11 -g3 -DDEBUG -DUSE_HAL_DRIVER -DSTM32L4R5xx -c -I../Core/Inc -I../Drivers/STM32L4xx_HAL_Driver/Inc -I../Drivers/STM32L4xx_HAL_Driver/Inc/Legacy -I../Drivers/CMSIS/Device/ST/STM32L4xx/Include -I../Drivers/CMSIS/Include -O0 -ffunction-sections -fdata-sections -Wall -fstack-usage -MMD -MP -MF"Core/Src/main.d" -MT"Core/Src/main.o" --specs=nano.specs -mfpu=fpv4-sp-d16 -mfloat-abi=hard -mthumb -o "Core/Src/main.o"
arm-none-eabi-gcc "../Core/Src/motorController.c" -mcpu=cortex-m4 -std=gnu11 -g3 -DDEBUG -DUSE_HAL_DRIVER -DSTM32L4R5xx -c -I../Core/Inc -I../Drivers/STM32L4xx_HAL_Driver/Inc -I../Drivers/STM32L4xx_HAL_Driver/Inc/Legacy -I../Drivers/CMSIS/Device/ST/STM32L4xx/Include -I../Drivers/CMSIS/Include -O0 -ffunction-sections -fdata-sections -Wall -fstack-usage -MMD -MP -MF"Core/Src/motorController.d" -MT"Core/Src/motorController.o" --specs=nano.specs -mfpu=fpv4-sp-d16 -mfloat-abi=hard -mthumb -o "Core/Src/motorController.o"
../Core/Src/main.c: In function 'main':
../Core/Src/main.c:229:3: warning: implicit declaration of function 'moveToCoord'; did you mean 'convertToCoord'? [-Wimplicit-function-declaration]
  229 |   moveToCoord("A8");
      |   ^~~~~~~~~~~
      |   convertToCoord
../Core/Src/main.c:311:4: warning: implicit declaration of function 'sprintf' [-Wimplicit-function-declaration]
  311 |    sprintf(num, "%d\r", keyNum);
      |    ^~~~~~~
../Core/Src/main.c:311:4: warning: incompatible implicit declaration of built-in function 'sprintf'
../Core/Src/main.c:28:1: note: include '<stdio.h>' or provide a declaration of 'sprintf'
   27 | #include "display.h"
  +++ |+#include <stdio.h>
   28 | /* USER CODE END Includes */
../Core/Src/main.c:311:19: warning: format '%d' expects argument of type 'int', but argument 3 has type 'uint32_t' {aka 'long unsigned int'} [-Wformat=]
  311 |    sprintf(num, "%d\r", keyNum);
      |                  ~^     ~~~~~~
      |                   |     |
      |                   int   uint32_t {aka long unsigned int}
      |                  %ld
../Core/Src/main.c:363:4: warning: implicit declaration of function 'executeInstruction' [-Wimplicit-function-declaration]
  363 |    executeInstruction(move, color, QUEEN);
      |    ^~~~~~~~~~~~~~~~~~
../Core/Src/motorController.c: In function 'stepForward':
../Core/Src/motorController.c:226:6: warning: unused variable 'y' [-Wunused-variable]
  226 |  int y = curPosition.y;
      |      ^
../Core/Src/motorController.c: In function 'stepBack':
../Core/Src/motorController.c:235:6: warning: unused variable 'y' [-Wunused-variable]
  235 |  int y = curPosition.y;
      |      ^
../Core/Src/motorController.c: In function 'stepRight':
../Core/Src/motorController.c:243:6: warning: unused variable 'x' [-Wunused-variable]
  243 |  int x = curPosition.x;
      |      ^
../Core/Src/motorController.c: In function 'stepLeft':
../Core/Src/motorController.c:252:6: warning: unused variable 'x' [-Wunused-variable]
  252 |  int x = curPosition.x;
      |      ^
arm-none-eabi-g++ -o "motorDriving.elf" @"objects.list"   -mcpu=cortex-m4 -T"C:\Users\Jeremy\Documents\W23\373\finalProject\AutomatedChess\motorDriving\STM32L4R5ZITXP_FLASH.ld" --specs=nosys.specs -Wl,-Map="motorDriving.map" -Wl,--gc-sections -static --specs=nano.specs -mfpu=fpv4-sp-d16 -mfloat-abi=hard -mthumb -u _printf_float -Wl,--start-group -lc -lm -lstdc++ -lsupc++ -Wl,--end-group
Finished building target: motorDriving.elf
 
arm-none-eabi-size   motorDriving.elf 
arm-none-eabi-objdump -h -S  motorDriving.elf  > "motorDriving.list"
   text	   data	    bss	    dec	    hex	filename
  39580	   1192	   2088	  42860	   a76c	motorDriving.elf
Finished building: default.size.stdout
 
Finished building: motorDriving.list
 
19:00:41 **** Incremental Build of configuration Debug for project motorDriving ****
make -j16 all 
arm-none-eabi-size   motorDriving.elf 
   text	   data	    bss	    dec	    hex	filename
  39580	   1192	   2088	  42860	   a76c	motorDriving.elf
Finished building: default.size.stdout
 
19:02:57 **** Incremental Build of configuration Debug for project motorDriving ****
make -j16 all 
arm-none-eabi-gcc "../Core/Src/motorController.c" -mcpu=cortex-m4 -std=gnu11 -g3 -DDEBUG -DUSE_HAL_DRIVER -DSTM32L4R5xx -c -I../Core/Inc -I../Drivers/STM32L4xx_HAL_Driver/Inc -I../Drivers/STM32L4xx_HAL_Driver/Inc/Legacy -I../Drivers/CMSIS/Device/ST/STM32L4xx/Include -I../Drivers/CMSIS/Include -O0 -ffunction-sections -fdata-sections -Wall -fstack-usage -MMD -MP -MF"Core/Src/motorController.d" -MT"Core/Src/motorController.o" --specs=nano.specs -mfpu=fpv4-sp-d16 -mfloat-abi=hard -mthumb -o "Core/Src/motorController.o"
../Core/Src/motorController.c: In function 'stepForward':
../Core/Src/motorController.c:226:6: warning: unused variable 'y' [-Wunused-variable]
  226 |  int y = curPosition.y;
      |      ^
../Core/Src/motorController.c: In function 'stepBack':
../Core/Src/motorController.c:235:6: warning: unused variable 'y' [-Wunused-variable]
  235 |  int y = curPosition.y;
      |      ^
../Core/Src/motorController.c: In function 'stepRight':
../Core/Src/motorController.c:243:6: warning: unused variable 'x' [-Wunused-variable]
  243 |  int x = curPosition.x;
      |      ^
../Core/Src/motorController.c: In function 'stepLeft':
../Core/Src/motorController.c:252:6: warning: unused variable 'x' [-Wunused-variable]
  252 |  int x = curPosition.x;
      |      ^
arm-none-eabi-g++ -o "motorDriving.elf" @"objects.list"   -mcpu=cortex-m4 -T"C:\Users\Jeremy\Documents\W23\373\finalProject\AutomatedChess\motorDriving\STM32L4R5ZITXP_FLASH.ld" --specs=nosys.specs -Wl,-Map="motorDriving.map" -Wl,--gc-sections -static --specs=nano.specs -mfpu=fpv4-sp-d16 -mfloat-abi=hard -mthumb -u _printf_float -Wl,--start-group -lc -lm -lstdc++ -lsupc++ -Wl,--end-group
Finished building target: motorDriving.elf
 
arm-none-eabi-size   motorDriving.elf 
arm-none-eabi-objdump -h -S  motorDriving.elf  > "motorDriving.list"
   text	   data	    bss	    dec	    hex	filename
  39580	   1192	   2088	  42860	   a76c	motorDriving.elf
Finished building: default.size.stdout
 
Finished building: motorDriving.list
 
