15:21:55 **** Incremental Build of configuration Debug for project motorDriving ****
make -j16 all 
arm-none-eabi-gcc "../Core/Src/main.c" -mcpu=cortex-m4 -std=gnu11 -g3 -DDEBUG -DUSE_HAL_DRIVER -DSTM32L4R5xx -c -I../Core/Inc -I../Drivers/STM32L4xx_HAL_Driver/Inc -I../Drivers/STM32L4xx_HAL_Driver/Inc/Legacy -I../Drivers/CMSIS/Device/ST/STM32L4xx/Include -I../Drivers/CMSIS/Include -O0 -ffunction-sections -fdata-sections -Wall -fstack-usage -MMD -MP -MF"Core/Src/main.d" -MT"Core/Src/main.o" --specs=nano.specs -mfpu=fpv4-sp-d16 -mfloat-abi=hard -mthumb -o "Core/Src/main.o"
../Core/Src/main.c: In function 'main':
../Core/Src/main.c:183:17: warning: passing argument 2 of 'display' from incompatible pointer type [-Wincompatible-pointer-types]
  183 |       display(4,arr);
      |                 ^~~
      |                 |
      |                 char (*)[6]
../Core/Src/main.c:140:37: note: expected 'char **' but argument is of type 'char (*)[6]'
  140 |        void display(int argc, char *argv[])
      |                               ~~~~~~^~~~~~
../Core/Src/main.c:139:16: warning: unused variable 'toggle' [-Wunused-variable]
  139 |        uint8_t toggle[] = {0x7C,0x12};
      |                ^~~~~~
../Core/Src/main.c:138:16: warning: unused variable 'bo7' [-Wunused-variable]
  138 |        uint8_t bo7[] = {0x7C ,0x0F, 0x14 , 0x75, 0x8C , 0x7F, 0x01};
      |                ^~~
../Core/Src/main.c:137:16: warning: unused variable 'box6' [-Wunused-variable]
  137 |        uint8_t box6[] = {0x7C ,0x0F, 0x14 , 0x75 - 20, 0x8C , 0x7F - 20, 0x01};
      |                ^~~~
../Core/Src/main.c:135:16: warning: unused variable 'box5' [-Wunused-variable]
  135 |        uint8_t box5[] = {0x7C ,0x0F, 0x14 , 0x75, 0x8C , 0x7F, 0x01};
      |                ^~~~
../Core/Src/main.c:134:16: warning: unused variable 'box4' [-Wunused-variable]
  134 |        uint8_t box4[] = {0x7C ,0x0F, 0x14 , 0x75 - 20, 0x8C , 0x7F - 20, 0x01};
      |                ^~~~
../Core/Src/main.c:128:16: warning: unused variable 'demo' [-Wunused-variable]
  128 |        uint8_t demo[3] = {0x7C, 0x12 };
      |                ^~~~
../Core/Src/main.c:123:16: warning: unused variable 'xoff' [-Wunused-variable]
  123 |        uint8_t xoff[5] = {0x7C, 0x18, 0x50};
      |                ^~~~
../Core/Src/main.c:121:16: warning: unused variable 'circle' [-Wunused-variable]
  121 |        uint8_t circle[10] = { 0x7C, 0x03, 0x50 ,0x40, 0x0A, 0x01};
      |                ^~~~~~
../Core/Src/main.c:120:16: warning: unused variable 'buff' [-Wunused-variable]
  120 |        uint8_t buff[10] = {0x7C, 0x0C, 0x00 , 0x0A , 0x32 , 0x3C, 0x01};
      |                ^~~~
arm-none-eabi-g++ -o "motorDriving.elf" @"objects.list"   -mcpu=cortex-m4 -T"C:\Users\Jeremy\Documents\W23\373\finalProject\AutomatedChess\motorDriving\STM32L4R5ZITXP_FLASH.ld" --specs=nosys.specs -Wl,-Map="motorDriving.map" -Wl,--gc-sections -static --specs=nano.specs -mfpu=fpv4-sp-d16 -mfloat-abi=hard -mthumb -u _printf_float -Wl,--start-group -lc -lm -lstdc++ -lsupc++ -Wl,--end-group
Finished building target: motorDriving.elf
 
arm-none-eabi-size   motorDriving.elf 
arm-none-eabi-objdump -h -S  motorDriving.elf  > "motorDriving.list"
   text	   data	    bss	    dec	    hex	filename
  30636	    484	   1732	  32852	   8054	motorDriving.elf
Finished building: default.size.stdout
 
Finished building: motorDriving.list
 
15:22:03 **** Incremental Build of configuration Debug for project motorDriving ****
make -j16 all 
arm-none-eabi-size   motorDriving.elf 
   text	   data	    bss	    dec	    hex	filename
  30636	    484	   1732	  32852	   8054	motorDriving.elf
Finished building: default.size.stdout
 
