19:39:29 **** Incremental Build of configuration Debug for project motorDriving ****
make -j16 all 
arm-none-eabi-gcc "../Core/Src/display.c" -mcpu=cortex-m4 -std=gnu11 -g3 -DDEBUG -DUSE_HAL_DRIVER -DSTM32L4R5xx -c -I../Core/Inc -I../Drivers/STM32L4xx_HAL_Driver/Inc -I../Drivers/STM32L4xx_HAL_Driver/Inc/Legacy -I../Drivers/CMSIS/Device/ST/STM32L4xx/Include -I../Drivers/CMSIS/Include -O0 -ffunction-sections -fdata-sections -Wall -fstack-usage -MMD -MP -MF"Core/Src/display.d" -MT"Core/Src/display.o" --specs=nano.specs -mfpu=fpv4-sp-d16 -mfloat-abi=hard -mthumb -o "Core/Src/display.o"
arm-none-eabi-gcc "../Core/Src/main.c" -mcpu=cortex-m4 -std=gnu11 -g3 -DDEBUG -DUSE_HAL_DRIVER -DSTM32L4R5xx -c -I../Core/Inc -I../Drivers/STM32L4xx_HAL_Driver/Inc -I../Drivers/STM32L4xx_HAL_Driver/Inc/Legacy -I../Drivers/CMSIS/Device/ST/STM32L4xx/Include -I../Drivers/CMSIS/Include -O0 -ffunction-sections -fdata-sections -Wall -fstack-usage -MMD -MP -MF"Core/Src/main.d" -MT"Core/Src/main.o" --specs=nano.specs -mfpu=fpv4-sp-d16 -mfloat-abi=hard -mthumb -o "Core/Src/main.o"
../Core/Src/display.c: In function 'makeMenu':
../Core/Src/display.c:29:3: warning: implicit declaration of function 'sprintf' [-Wimplicit-function-declaration]
   29 |   sprintf(buffer,options[i]);
      |   ^~~~~~~
../Core/Src/display.c:29:3: warning: incompatible implicit declaration of built-in function 'sprintf'
../Core/Src/display.c:13:1: note: include '<stdio.h>' or provide a declaration of 'sprintf'
   12 | #include "display.h"
  +++ |+#include <stdio.h>
   13 | 
../Core/Src/display.c:32:46: warning: implicit declaration of function 'strlen' [-Wimplicit-function-declaration]
   32 |   HAL_UART_Transmit(&huart3,(uint8_t*)buffer,strlen((const char*)buffer),10);
      |                                              ^~~~~~
../Core/Src/display.c:32:46: warning: incompatible implicit declaration of built-in function 'strlen'
../Core/Src/display.c:13:1: note: include '<string.h>' or provide a declaration of 'strlen'
   12 | #include "display.h"
  +++ |+#include <string.h>
   13 | 
../Core/Src/display.c:21:10: warning: unused variable 'buff' [-Wunused-variable]
   21 |  uint8_t buff[10] = {0x7C, 0x0C, 0x00 , 0x0A , 0x32 , 0x3C, 0x01};
      |          ^~~~
../Core/Src/display.c: In function 'displayChess':
../Core/Src/display.c:42:44: warning: incompatible implicit declaration of built-in function 'strlen'
   42 |  HAL_UART_Transmit(&huart3,(uint8_t*)board,strlen((const char*)board),10000);
      |                                            ^~~~~~
../Core/Src/display.c:42:44: note: include '<string.h>' or provide a declaration of 'strlen'
../Core/Src/display.c: In function 'sendInformation':
../Core/Src/display.c:53:3: warning: incompatible implicit declaration of built-in function 'sprintf'
   53 |   sprintf(buffer, data);
      |   ^~~~~~~
../Core/Src/display.c:53:3: note: include '<stdio.h>' or provide a declaration of 'sprintf'
../Core/Src/display.c:54:38: warning: incompatible implicit declaration of built-in function 'strlen'
   54 |   HAL_UART_Transmit(&huart2, buffer, strlen(buffer), 500);
      |                                      ^~~~~~
../Core/Src/display.c:54:38: note: include '<string.h>' or provide a declaration of 'strlen'
../Core/Src/display.c:54:30: warning: pointer targets in passing argument 2 of 'HAL_UART_Transmit' differ in signedness [-Wpointer-sign]
   54 |   HAL_UART_Transmit(&huart2, buffer, strlen(buffer), 500);
      |                              ^~~~~~
      |                              |
      |                              char *
In file included from ../Core/Inc/stm32l4xx_hal_conf.h:450,
                 from ../Drivers/STM32L4xx_HAL_Driver/Inc/stm32l4xx_hal.h:29,
                 from ../Core/Inc/main.h:30,
                 from ../Core/Src/display.c:11:
../Drivers/STM32L4xx_HAL_Driver/Inc/stm32l4xx_hal_uart.h:1674:79: note: expected 'const uint8_t *' {aka 'const unsigned char *'} but argument is of type 'char *'
 1674 | HAL_StatusTypeDef HAL_UART_Transmit(UART_HandleTypeDef *huart, const uint8_t *pData, uint16_t Size, uint32_t Timeout);
      |                                                                ~~~~~~~~~~~~~~~^~~~~
../Core/Src/display.c:55:29: warning: pointer targets in passing argument 2 of 'HAL_UART_Receive' differ in signedness [-Wpointer-sign]
   55 |   HAL_UART_Receive(&huart2, buffer, 12, 1000);
      |                             ^~~~~~
      |                             |
      |                             char *
In file included from ../Core/Inc/stm32l4xx_hal_conf.h:450,
                 from ../Drivers/STM32L4xx_HAL_Driver/Inc/stm32l4xx_hal.h:29,
                 from ../Core/Inc/main.h:30,
                 from ../Core/Src/display.c:11:
../Drivers/STM32L4xx_HAL_Driver/Inc/stm32l4xx_hal_uart.h:1675:72: note: expected 'uint8_t *' {aka 'unsigned char *'} but argument is of type 'char *'
 1675 | HAL_StatusTypeDef HAL_UART_Receive(UART_HandleTypeDef *huart, uint8_t *pData, uint16_t Size, uint32_t Timeout);
      |                                                               ~~~~~~~~~^~~~~
../Core/Src/display.c:57:6: warning: implicit declaration of function 'strcmp' [-Wimplicit-function-declaration]
   57 |   if(strcmp(buffer, "ack") == 0){
      |      ^~~~~~
../Core/Src/display.c: In function 'sendInformationGetData':
../Core/Src/display.c:68:3: warning: incompatible implicit declaration of built-in function 'sprintf'
   68 |   sprintf(buffer, data);
      |   ^~~~~~~
../Core/Src/display.c:68:3: note: include '<stdio.h>' or provide a declaration of 'sprintf'
../Core/Src/display.c:69:38: warning: incompatible implicit declaration of built-in function 'strlen'
   69 |   HAL_UART_Transmit(&huart2, buffer, strlen(buffer), 500);
      |                                      ^~~~~~
../Core/Src/display.c:69:38: note: include '<string.h>' or provide a declaration of 'strlen'
../Core/Src/display.c:69:30: warning: pointer targets in passing argument 2 of 'HAL_UART_Transmit' differ in signedness [-Wpointer-sign]
   69 |   HAL_UART_Transmit(&huart2, buffer, strlen(buffer), 500);
      |                              ^~~~~~
      |                              |
      |                              char *
In file included from ../Core/Inc/stm32l4xx_hal_conf.h:450,
                 from ../Drivers/STM32L4xx_HAL_Driver/Inc/stm32l4xx_hal.h:29,
                 from ../Core/Inc/main.h:30,
                 from ../Core/Src/display.c:11:
../Drivers/STM32L4xx_HAL_Driver/Inc/stm32l4xx_hal_uart.h:1674:79: note: expected 'const uint8_t *' {aka 'const unsigned char *'} but argument is of type 'char *'
 1674 | HAL_StatusTypeDef HAL_UART_Transmit(UART_HandleTypeDef *huart, const uint8_t *pData, uint16_t Size, uint32_t Timeout);
      |                                                                ~~~~~~~~~~~~~~~^~~~~
../Core/Src/display.c:70:29: warning: pointer targets in passing argument 2 of 'HAL_UART_Receive' differ in signedness [-Wpointer-sign]
   70 |   HAL_UART_Receive(&huart2, buffer, 3+length-1, timeRecieving);
      |                             ^~~~~~
      |                             |
      |                             char *
In file included from ../Core/Inc/stm32l4xx_hal_conf.h:450,
                 from ../Drivers/STM32L4xx_HAL_Driver/Inc/stm32l4xx_hal.h:29,
                 from ../Core/Inc/main.h:30,
                 from ../Core/Src/display.c:11:
../Drivers/STM32L4xx_HAL_Driver/Inc/stm32l4xx_hal_uart.h:1675:72: note: expected 'uint8_t *' {aka 'unsigned char *'} but argument is of type 'char *'
 1675 | HAL_StatusTypeDef HAL_UART_Receive(UART_HandleTypeDef *huart, uint8_t *pData, uint16_t Size, uint32_t Timeout);
      |                                                               ~~~~~~~~~^~~~~
../Core/Src/display.c:72:4: warning: implicit declaration of function 'strncpy' [-Wimplicit-function-declaration]
   72 |    strncpy(destination, &buffer[3], length);
      |    ^~~~~~~
../Core/Src/display.c:72:4: warning: incompatible implicit declaration of built-in function 'strncpy'
../Core/Src/display.c:72:4: note: include '<string.h>' or provide a declaration of 'strncpy'
../Core/Src/main.c: In function 'main':
../Core/Src/main.c:309:4: warning: implicit declaration of function 'sprintf' [-Wimplicit-function-declaration]
  309 |    sprintf(num, "%d\r", keyNum);
      |    ^~~~~~~
../Core/Src/main.c:309:4: warning: incompatible implicit declaration of built-in function 'sprintf'
../Core/Src/main.c:28:1: note: include '<stdio.h>' or provide a declaration of 'sprintf'
   27 | #include "display.h"
  +++ |+#include <stdio.h>
   28 | /* USER CODE END Includes */
../Core/Src/main.c:309:19: warning: format '%d' expects argument of type 'int', but argument 3 has type 'uint32_t' {aka 'long unsigned int'} [-Wformat=]
  309 |    sprintf(num, "%d\r", keyNum);
      |                  ~^     ~~~~~~
      |                   |     |
      |                   int   uint32_t {aka long unsigned int}
      |                  %ld
../Core/Src/main.c:361:4: warning: implicit declaration of function 'executeInstruction' [-Wimplicit-function-declaration]
  361 |    executeInstruction(move, color, QUEEN);
      |    ^~~~~~~~~~~~~~~~~~
arm-none-eabi-g++ -o "motorDriving.elf" @"objects.list"   -mcpu=cortex-m4 -T"C:\Users\Jeremy\Documents\W23\373\finalProject\AutomatedChess\motorDriving\STM32L4R5ZITXP_FLASH.ld" --specs=nosys.specs -Wl,-Map="motorDriving.map" -Wl,--gc-sections -static --specs=nano.specs -mfpu=fpv4-sp-d16 -mfloat-abi=hard -mthumb -u _printf_float -Wl,--start-group -lc -lm -lstdc++ -lsupc++ -Wl,--end-group
Finished building target: motorDriving.elf
 
arm-none-eabi-size   motorDriving.elf 
arm-none-eabi-objdump -h -S  motorDriving.elf  > "motorDriving.list"
   text	   data	    bss	    dec	    hex	filename
  39660	   1192	   2088	  42940	   a7bc	motorDriving.elf
Finished building: default.size.stdout
 
Finished building: motorDriving.list
 
19:39:33 **** Incremental Build of configuration Debug for project motorDriving ****
make -j16 all 
arm-none-eabi-size   motorDriving.elf 
   text	   data	    bss	    dec	    hex	filename
  39660	   1192	   2088	  42940	   a7bc	motorDriving.elf
Finished building: default.size.stdout
 
19:53:05 **** Incremental Build of configuration Debug for project motorDriving ****
make -j16 all 
arm-none-eabi-size   motorDriving.elf 
   text	   data	    bss	    dec	    hex	filename
  39660	   1192	   2088	  42940	   a7bc	motorDriving.elf
Finished building: default.size.stdout
 
19:57:03 **** Incremental Build of configuration Debug for project motorDriving ****
make -j16 all 
arm-none-eabi-size   motorDriving.elf 
   text	   data	    bss	    dec	    hex	filename
  39660	   1192	   2088	  42940	   a7bc	motorDriving.elf
Finished building: default.size.stdout
 
20:03:31 **** Incremental Build of configuration Debug for project motorDriving ****
make -j16 all 
arm-none-eabi-gcc "../Core/Src/display.c" -mcpu=cortex-m4 -std=gnu11 -g3 -DDEBUG -DUSE_HAL_DRIVER -DSTM32L4R5xx -c -I../Core/Inc -I../Drivers/STM32L4xx_HAL_Driver/Inc -I../Drivers/STM32L4xx_HAL_Driver/Inc/Legacy -I../Drivers/CMSIS/Device/ST/STM32L4xx/Include -I../Drivers/CMSIS/Include -O0 -ffunction-sections -fdata-sections -Wall -fstack-usage -MMD -MP -MF"Core/Src/display.d" -MT"Core/Src/display.o" --specs=nano.specs -mfpu=fpv4-sp-d16 -mfloat-abi=hard -mthumb -o "Core/Src/display.o"
../Core/Src/display.c: In function 'makeMenu':
../Core/Src/display.c:29:3: warning: implicit declaration of function 'sprintf' [-Wimplicit-function-declaration]
   29 |   sprintf(buffer,options[i]);
      |   ^~~~~~~
../Core/Src/display.c:29:3: warning: incompatible implicit declaration of built-in function 'sprintf'
../Core/Src/display.c:13:1: note: include '<stdio.h>' or provide a declaration of 'sprintf'
   12 | #include "display.h"
  +++ |+#include <stdio.h>
   13 | 
../Core/Src/display.c:32:46: warning: implicit declaration of function 'strlen' [-Wimplicit-function-declaration]
   32 |   HAL_UART_Transmit(&huart3,(uint8_t*)buffer,strlen((const char*)buffer),10);
      |                                              ^~~~~~
../Core/Src/display.c:32:46: warning: incompatible implicit declaration of built-in function 'strlen'
../Core/Src/display.c:13:1: note: include '<string.h>' or provide a declaration of 'strlen'
   12 | #include "display.h"
  +++ |+#include <string.h>
   13 | 
../Core/Src/display.c:21:10: warning: unused variable 'buff' [-Wunused-variable]
   21 |  uint8_t buff[10] = {0x7C, 0x0C, 0x00 , 0x0A , 0x32 , 0x3C, 0x01};
      |          ^~~~
../Core/Src/display.c: In function 'displayChess':
../Core/Src/display.c:42:44: warning: incompatible implicit declaration of built-in function 'strlen'
   42 |  HAL_UART_Transmit(&huart3,(uint8_t*)board,strlen((const char*)board),10000);
      |                                            ^~~~~~
../Core/Src/display.c:42:44: note: include '<string.h>' or provide a declaration of 'strlen'
../Core/Src/display.c: In function 'sendInformation':
../Core/Src/display.c:53:3: warning: incompatible implicit declaration of built-in function 'sprintf'
   53 |   sprintf(buffer, data);
      |   ^~~~~~~
../Core/Src/display.c:53:3: note: include '<stdio.h>' or provide a declaration of 'sprintf'
../Core/Src/display.c:54:38: warning: incompatible implicit declaration of built-in function 'strlen'
   54 |   HAL_UART_Transmit(&huart2, buffer, strlen(buffer), 500);
      |                                      ^~~~~~
../Core/Src/display.c:54:38: note: include '<string.h>' or provide a declaration of 'strlen'
../Core/Src/display.c:54:30: warning: pointer targets in passing argument 2 of 'HAL_UART_Transmit' differ in signedness [-Wpointer-sign]
   54 |   HAL_UART_Transmit(&huart2, buffer, strlen(buffer), 500);
      |                              ^~~~~~
      |                              |
      |                              char *
In file included from ../Core/Inc/stm32l4xx_hal_conf.h:450,
                 from ../Drivers/STM32L4xx_HAL_Driver/Inc/stm32l4xx_hal.h:29,
                 from ../Core/Inc/main.h:30,
                 from ../Core/Src/display.c:11:
../Drivers/STM32L4xx_HAL_Driver/Inc/stm32l4xx_hal_uart.h:1674:79: note: expected 'const uint8_t *' {aka 'const unsigned char *'} but argument is of type 'char *'
 1674 | HAL_StatusTypeDef HAL_UART_Transmit(UART_HandleTypeDef *huart, const uint8_t *pData, uint16_t Size, uint32_t Timeout);
      |                                                                ~~~~~~~~~~~~~~~^~~~~
../Core/Src/display.c:55:29: warning: pointer targets in passing argument 2 of 'HAL_UART_Receive' differ in signedness [-Wpointer-sign]
   55 |   HAL_UART_Receive(&huart2, buffer, 12, 1000);
      |                             ^~~~~~
      |                             |
      |                             char *
In file included from ../Core/Inc/stm32l4xx_hal_conf.h:450,
                 from ../Drivers/STM32L4xx_HAL_Driver/Inc/stm32l4xx_hal.h:29,
                 from ../Core/Inc/main.h:30,
                 from ../Core/Src/display.c:11:
../Drivers/STM32L4xx_HAL_Driver/Inc/stm32l4xx_hal_uart.h:1675:72: note: expected 'uint8_t *' {aka 'unsigned char *'} but argument is of type 'char *'
 1675 | HAL_StatusTypeDef HAL_UART_Receive(UART_HandleTypeDef *huart, uint8_t *pData, uint16_t Size, uint32_t Timeout);
      |                                                               ~~~~~~~~~^~~~~
../Core/Src/display.c:57:6: warning: implicit declaration of function 'strcmp' [-Wimplicit-function-declaration]
   57 |   if(strcmp(buffer, "ack") == 0){
      |      ^~~~~~
../Core/Src/display.c: In function 'sendInformationGetData':
../Core/Src/display.c:68:3: warning: incompatible implicit declaration of built-in function 'sprintf'
   68 |   sprintf(buffer, data);
      |   ^~~~~~~
../Core/Src/display.c:68:3: note: include '<stdio.h>' or provide a declaration of 'sprintf'
../Core/Src/display.c:69:38: warning: incompatible implicit declaration of built-in function 'strlen'
   69 |   HAL_UART_Transmit(&huart2, buffer, strlen(buffer), 500);
      |                                      ^~~~~~
../Core/Src/display.c:69:38: note: include '<string.h>' or provide a declaration of 'strlen'
../Core/Src/display.c:69:30: warning: pointer targets in passing argument 2 of 'HAL_UART_Transmit' differ in signedness [-Wpointer-sign]
   69 |   HAL_UART_Transmit(&huart2, buffer, strlen(buffer), 500);
      |                              ^~~~~~
      |                              |
      |                              char *
In file included from ../Core/Inc/stm32l4xx_hal_conf.h:450,
                 from ../Drivers/STM32L4xx_HAL_Driver/Inc/stm32l4xx_hal.h:29,
                 from ../Core/Inc/main.h:30,
                 from ../Core/Src/display.c:11:
../Drivers/STM32L4xx_HAL_Driver/Inc/stm32l4xx_hal_uart.h:1674:79: note: expected 'const uint8_t *' {aka 'const unsigned char *'} but argument is of type 'char *'
 1674 | HAL_StatusTypeDef HAL_UART_Transmit(UART_HandleTypeDef *huart, const uint8_t *pData, uint16_t Size, uint32_t Timeout);
      |                                                                ~~~~~~~~~~~~~~~^~~~~
../Core/Src/display.c:70:29: warning: pointer targets in passing argument 2 of 'HAL_UART_Receive' differ in signedness [-Wpointer-sign]
   70 |   HAL_UART_Receive(&huart2, buffer, 3+length-1, timeRecieving);
      |                             ^~~~~~
      |                             |
      |                             char *
In file included from ../Core/Inc/stm32l4xx_hal_conf.h:450,
                 from ../Drivers/STM32L4xx_HAL_Driver/Inc/stm32l4xx_hal.h:29,
                 from ../Core/Inc/main.h:30,
                 from ../Core/Src/display.c:11:
../Drivers/STM32L4xx_HAL_Driver/Inc/stm32l4xx_hal_uart.h:1675:72: note: expected 'uint8_t *' {aka 'unsigned char *'} but argument is of type 'char *'
 1675 | HAL_StatusTypeDef HAL_UART_Receive(UART_HandleTypeDef *huart, uint8_t *pData, uint16_t Size, uint32_t Timeout);
      |                                                               ~~~~~~~~~^~~~~
../Core/Src/display.c:72:4: warning: implicit declaration of function 'strncpy' [-Wimplicit-function-declaration]
   72 |    strncpy(destination, &buffer[3], length);
      |    ^~~~~~~
../Core/Src/display.c:72:4: warning: incompatible implicit declaration of built-in function 'strncpy'
../Core/Src/display.c:72:4: note: include '<string.h>' or provide a declaration of 'strncpy'
arm-none-eabi-g++ -o "motorDriving.elf" @"objects.list"   -mcpu=cortex-m4 -T"C:\Users\Jeremy\Documents\W23\373\finalProject\AutomatedChess\motorDriving\STM32L4R5ZITXP_FLASH.ld" --specs=nosys.specs -Wl,-Map="motorDriving.map" -Wl,--gc-sections -static --specs=nano.specs -mfpu=fpv4-sp-d16 -mfloat-abi=hard -mthumb -u _printf_float -Wl,--start-group -lc -lm -lstdc++ -lsupc++ -Wl,--end-group
Finished building target: motorDriving.elf
 
arm-none-eabi-size   motorDriving.elf 
arm-none-eabi-objdump -h -S  motorDriving.elf  > "motorDriving.list"
   text	   data	    bss	    dec	    hex	filename
  39660	   1192	   2088	  42940	   a7bc	motorDriving.elf
Finished building: default.size.stdout
 
Finished building: motorDriving.list
 
20:08:11 **** Incremental Build of configuration Debug for project motorDriving ****
make -j16 all 
arm-none-eabi-size   motorDriving.elf 
   text	   data	    bss	    dec	    hex	filename
  39660	   1192	   2088	  42940	   a7bc	motorDriving.elf
Finished building: default.size.stdout
 
20:14:44 **** Incremental Build of configuration Debug for project motorDriving ****
make -j16 all 
arm-none-eabi-gcc "../Core/Src/display.c" -mcpu=cortex-m4 -std=gnu11 -g3 -DDEBUG -DUSE_HAL_DRIVER -DSTM32L4R5xx -c -I../Core/Inc -I../Drivers/STM32L4xx_HAL_Driver/Inc -I../Drivers/STM32L4xx_HAL_Driver/Inc/Legacy -I../Drivers/CMSIS/Device/ST/STM32L4xx/Include -I../Drivers/CMSIS/Include -O0 -ffunction-sections -fdata-sections -Wall -fstack-usage -MMD -MP -MF"Core/Src/display.d" -MT"Core/Src/display.o" --specs=nano.specs -mfpu=fpv4-sp-d16 -mfloat-abi=hard -mthumb -o "Core/Src/display.o"
../Core/Src/display.c: In function 'makeMenu':
../Core/Src/display.c:29:3: warning: implicit declaration of function 'sprintf' [-Wimplicit-function-declaration]
   29 |   sprintf(buffer,options[i]);
      |   ^~~~~~~
../Core/Src/display.c:29:3: warning: incompatible implicit declaration of built-in function 'sprintf'
../Core/Src/display.c:13:1: note: include '<stdio.h>' or provide a declaration of 'sprintf'
   12 | #include "display.h"
  +++ |+#include <stdio.h>
   13 | 
../Core/Src/display.c:32:46: warning: implicit declaration of function 'strlen' [-Wimplicit-function-declaration]
   32 |   HAL_UART_Transmit(&huart3,(uint8_t*)buffer,strlen((const char*)buffer),10);
      |                                              ^~~~~~
../Core/Src/display.c:32:46: warning: incompatible implicit declaration of built-in function 'strlen'
../Core/Src/display.c:13:1: note: include '<string.h>' or provide a declaration of 'strlen'
   12 | #include "display.h"
  +++ |+#include <string.h>
   13 | 
../Core/Src/display.c:21:10: warning: unused variable 'buff' [-Wunused-variable]
   21 |  uint8_t buff[10] = {0x7C, 0x0C, 0x00 , 0x0A , 0x32 , 0x3C, 0x01};
      |          ^~~~
../Core/Src/display.c: In function 'displayChess':
../Core/Src/display.c:45:44: warning: incompatible implicit declaration of built-in function 'strlen'
   45 |  HAL_UART_Transmit(&huart3,(uint8_t*)board,strlen((const char*)board),10000);
      |                                            ^~~~~~
../Core/Src/display.c:45:44: note: include '<string.h>' or provide a declaration of 'strlen'
../Core/Src/display.c:47:3: warning: incompatible implicit declaration of built-in function 'sprintf'
   47 |   sprintf(buffer, board[i]);
      |   ^~~~~~~
../Core/Src/display.c:47:3: note: include '<stdio.h>' or provide a declaration of 'sprintf'
../Core/Src/display.c:47:24: warning: passing argument 2 of 'sprintf' makes pointer from integer without a cast [-Wint-conversion]
   47 |   sprintf(buffer, board[i]);
      |                   ~~~~~^~~
      |                        |
      |                        char
../Core/Src/display.c:47:24: note: expected 'const char *' but argument is of type 'char'
../Core/Src/display.c: In function 'sendInformation':
../Core/Src/display.c:67:3: warning: incompatible implicit declaration of built-in function 'sprintf'
   67 |   sprintf(buffer, data);
      |   ^~~~~~~
../Core/Src/display.c:67:3: note: include '<stdio.h>' or provide a declaration of 'sprintf'
../Core/Src/display.c:68:38: warning: incompatible implicit declaration of built-in function 'strlen'
   68 |   HAL_UART_Transmit(&huart2, buffer, strlen(buffer), 500);
      |                                      ^~~~~~
../Core/Src/display.c:68:38: note: include '<string.h>' or provide a declaration of 'strlen'
../Core/Src/display.c:68:30: warning: pointer targets in passing argument 2 of 'HAL_UART_Transmit' differ in signedness [-Wpointer-sign]
   68 |   HAL_UART_Transmit(&huart2, buffer, strlen(buffer), 500);
      |                              ^~~~~~
      |                              |
      |                              char *
In file included from ../Core/Inc/stm32l4xx_hal_conf.h:450,
                 from ../Drivers/STM32L4xx_HAL_Driver/Inc/stm32l4xx_hal.h:29,
                 from ../Core/Inc/main.h:30,
                 from ../Core/Src/display.c:11:
../Drivers/STM32L4xx_HAL_Driver/Inc/stm32l4xx_hal_uart.h:1674:79: note: expected 'const uint8_t *' {aka 'const unsigned char *'} but argument is of type 'char *'
 1674 | HAL_StatusTypeDef HAL_UART_Transmit(UART_HandleTypeDef *huart, const uint8_t *pData, uint16_t Size, uint32_t Timeout);
      |                                                                ~~~~~~~~~~~~~~~^~~~~
../Core/Src/display.c:69:29: warning: pointer targets in passing argument 2 of 'HAL_UART_Receive' differ in signedness [-Wpointer-sign]
   69 |   HAL_UART_Receive(&huart2, buffer, 12, 1000);
      |                             ^~~~~~
      |                             |
      |                             char *
In file included from ../Core/Inc/stm32l4xx_hal_conf.h:450,
                 from ../Drivers/STM32L4xx_HAL_Driver/Inc/stm32l4xx_hal.h:29,
                 from ../Core/Inc/main.h:30,
                 from ../Core/Src/display.c:11:
../Drivers/STM32L4xx_HAL_Driver/Inc/stm32l4xx_hal_uart.h:1675:72: note: expected 'uint8_t *' {aka 'unsigned char *'} but argument is of type 'char *'
 1675 | HAL_StatusTypeDef HAL_UART_Receive(UART_HandleTypeDef *huart, uint8_t *pData, uint16_t Size, uint32_t Timeout);
      |                                                               ~~~~~~~~~^~~~~
../Core/Src/display.c:71:6: warning: implicit declaration of function 'strcmp' [-Wimplicit-function-declaration]
   71 |   if(strcmp(buffer, "ack") == 0){
      |      ^~~~~~
../Core/Src/display.c: In function 'sendInformationGetData':
../Core/Src/display.c:82:3: warning: incompatible implicit declaration of built-in function 'sprintf'
   82 |   sprintf(buffer, data);
      |   ^~~~~~~
../Core/Src/display.c:82:3: note: include '<stdio.h>' or provide a declaration of 'sprintf'
../Core/Src/display.c:83:38: warning: incompatible implicit declaration of built-in function 'strlen'
   83 |   HAL_UART_Transmit(&huart2, buffer, strlen(buffer), 500);
      |                                      ^~~~~~
../Core/Src/display.c:83:38: note: include '<string.h>' or provide a declaration of 'strlen'
../Core/Src/display.c:83:30: warning: pointer targets in passing argument 2 of 'HAL_UART_Transmit' differ in signedness [-Wpointer-sign]
   83 |   HAL_UART_Transmit(&huart2, buffer, strlen(buffer), 500);
      |                              ^~~~~~
      |                              |
      |                              char *
In file included from ../Core/Inc/stm32l4xx_hal_conf.h:450,
                 from ../Drivers/STM32L4xx_HAL_Driver/Inc/stm32l4xx_hal.h:29,
                 from ../Core/Inc/main.h:30,
                 from ../Core/Src/display.c:11:
../Drivers/STM32L4xx_HAL_Driver/Inc/stm32l4xx_hal_uart.h:1674:79: note: expected 'const uint8_t *' {aka 'const unsigned char *'} but argument is of type 'char *'
 1674 | HAL_StatusTypeDef HAL_UART_Transmit(UART_HandleTypeDef *huart, const uint8_t *pData, uint16_t Size, uint32_t Timeout);
      |                                                                ~~~~~~~~~~~~~~~^~~~~
../Core/Src/display.c:84:29: warning: pointer targets in passing argument 2 of 'HAL_UART_Receive' differ in signedness [-Wpointer-sign]
   84 |   HAL_UART_Receive(&huart2, buffer, 3+length-1, timeRecieving);
      |                             ^~~~~~
      |                             |
      |                             char *
In file included from ../Core/Inc/stm32l4xx_hal_conf.h:450,
                 from ../Drivers/STM32L4xx_HAL_Driver/Inc/stm32l4xx_hal.h:29,
                 from ../Core/Inc/main.h:30,
                 from ../Core/Src/display.c:11:
../Drivers/STM32L4xx_HAL_Driver/Inc/stm32l4xx_hal_uart.h:1675:72: note: expected 'uint8_t *' {aka 'unsigned char *'} but argument is of type 'char *'
 1675 | HAL_StatusTypeDef HAL_UART_Receive(UART_HandleTypeDef *huart, uint8_t *pData, uint16_t Size, uint32_t Timeout);
      |                                                               ~~~~~~~~~^~~~~
../Core/Src/display.c:86:4: warning: implicit declaration of function 'strncpy' [-Wimplicit-function-declaration]
   86 |    strncpy(destination, &buffer[3], length);
      |    ^~~~~~~
../Core/Src/display.c:86:4: warning: incompatible implicit declaration of built-in function 'strncpy'
../Core/Src/display.c:86:4: note: include '<string.h>' or provide a declaration of 'strncpy'
arm-none-eabi-g++ -o "motorDriving.elf" @"objects.list"   -mcpu=cortex-m4 -T"C:\Users\Jeremy\Documents\W23\373\finalProject\AutomatedChess\motorDriving\STM32L4R5ZITXP_FLASH.ld" --specs=nosys.specs -Wl,-Map="motorDriving.map" -Wl,--gc-sections -static --specs=nano.specs -mfpu=fpv4-sp-d16 -mfloat-abi=hard -mthumb -u _printf_float -Wl,--start-group -lc -lm -lstdc++ -lsupc++ -Wl,--end-group
Finished building target: motorDriving.elf
 
arm-none-eabi-size   motorDriving.elf 
arm-none-eabi-objdump -h -S  motorDriving.elf  > "motorDriving.list"
   text	   data	    bss	    dec	    hex	filename
  39804	   1192	   2088	  43084	   a84c	motorDriving.elf
Finished building: default.size.stdout
 
Finished building: motorDriving.list
 
20:18:47 **** Incremental Build of configuration Debug for project motorDriving ****
make -j16 all 
arm-none-eabi-size   motorDriving.elf 
   text	   data	    bss	    dec	    hex	filename
  39804	   1192	   2088	  43084	   a84c	motorDriving.elf
Finished building: default.size.stdout
 
20:30:34 **** Incremental Build of configuration Debug for project motorDriving ****
make -j16 all 
arm-none-eabi-size   motorDriving.elf 
   text	   data	    bss	    dec	    hex	filename
  39804	   1192	   2088	  43084	   a84c	motorDriving.elf
Finished building: default.size.stdout
 
20:32:49 **** Incremental Build of configuration Debug for project motorDriving ****
make -j16 all 
arm-none-eabi-size   motorDriving.elf 
   text	   data	    bss	    dec	    hex	filename
  39804	   1192	   2088	  43084	   a84c	motorDriving.elf
Finished building: default.size.stdout
 
20:34:32 **** Incremental Build of configuration Debug for project motorDriving ****
make -j16 all 
arm-none-eabi-gcc "../Core/Src/main.c" -mcpu=cortex-m4 -std=gnu11 -g3 -DDEBUG -DUSE_HAL_DRIVER -DSTM32L4R5xx -c -I../Core/Inc -I../Drivers/STM32L4xx_HAL_Driver/Inc -I../Drivers/STM32L4xx_HAL_Driver/Inc/Legacy -I../Drivers/CMSIS/Device/ST/STM32L4xx/Include -I../Drivers/CMSIS/Include -O0 -ffunction-sections -fdata-sections -Wall -fstack-usage -MMD -MP -MF"Core/Src/main.d" -MT"Core/Src/main.o" --specs=nano.specs -mfpu=fpv4-sp-d16 -mfloat-abi=hard -mthumb -o "Core/Src/main.o"
../Core/Src/main.c: In function 'main':
../Core/Src/main.c:309:4: warning: implicit declaration of function 'sprintf' [-Wimplicit-function-declaration]
  309 |    sprintf(num, "%d\r", keyNum);
      |    ^~~~~~~
../Core/Src/main.c:309:4: warning: incompatible implicit declaration of built-in function 'sprintf'
../Core/Src/main.c:28:1: note: include '<stdio.h>' or provide a declaration of 'sprintf'
   27 | #include "display.h"
  +++ |+#include <stdio.h>
   28 | /* USER CODE END Includes */
../Core/Src/main.c:309:19: warning: format '%d' expects argument of type 'int', but argument 3 has type 'uint32_t' {aka 'long unsigned int'} [-Wformat=]
  309 |    sprintf(num, "%d\r", keyNum);
      |                  ~^     ~~~~~~
      |                   |     |
      |                   int   uint32_t {aka long unsigned int}
      |                  %ld
../Core/Src/main.c:361:4: warning: implicit declaration of function 'executeInstruction' [-Wimplicit-function-declaration]
  361 |    executeInstruction(move, color, QUEEN);
      |    ^~~~~~~~~~~~~~~~~~
../Core/Src/main.c:404:16: warning: passing argument 2 of 'makeMenu' from incompatible pointer type [-Wincompatible-pointer-types]
  404 |    makeMenu(1, board);
      |                ^~~~~
      |                |
      |                char *
In file included from ../Core/Src/main.c:27:
../Core/Inc/display.h:27:34: note: expected 'char **' but argument is of type 'char *'
   27 | void makeMenu(int length, char **options);
      |                           ~~~~~~~^~~~~~~
arm-none-eabi-g++ -o "motorDriving.elf" @"objects.list"   -mcpu=cortex-m4 -T"C:\Users\Jeremy\Documents\W23\373\finalProject\AutomatedChess\motorDriving\STM32L4R5ZITXP_FLASH.ld" --specs=nosys.specs -Wl,-Map="motorDriving.map" -Wl,--gc-sections -static --specs=nano.specs -mfpu=fpv4-sp-d16 -mfloat-abi=hard -mthumb -u _printf_float -Wl,--start-group -lc -lm -lstdc++ -lsupc++ -Wl,--end-group
Finished building target: motorDriving.elf
 
arm-none-eabi-size   motorDriving.elf 
arm-none-eabi-objdump -h -S  motorDriving.elf  > "motorDriving.list"
   text	   data	    bss	    dec	    hex	filename
  39612	   1192	   2088	  42892	   a78c	motorDriving.elf
Finished building: default.size.stdout
 
Finished building: motorDriving.list
 
20:35:31 **** Incremental Build of configuration Debug for project motorDriving ****
make -j16 all 
arm-none-eabi-gcc "../Core/Src/display.c" -mcpu=cortex-m4 -std=gnu11 -g3 -DDEBUG -DUSE_HAL_DRIVER -DSTM32L4R5xx -c -I../Core/Inc -I../Drivers/STM32L4xx_HAL_Driver/Inc -I../Drivers/STM32L4xx_HAL_Driver/Inc/Legacy -I../Drivers/CMSIS/Device/ST/STM32L4xx/Include -I../Drivers/CMSIS/Include -O0 -ffunction-sections -fdata-sections -Wall -fstack-usage -MMD -MP -MF"Core/Src/display.d" -MT"Core/Src/display.o" --specs=nano.specs -mfpu=fpv4-sp-d16 -mfloat-abi=hard -mthumb -o "Core/Src/display.o"
../Core/Src/display.c:17:6: error: conflicting types for 'buffer'
   17 | char buffer[1000];
      |      ^~~~~~
In file included from ../Core/Src/display.c:12:
../Core/Inc/display.h:25:13: note: previous declaration of 'buffer' was here
   25 | extern char buffer[100];
      |             ^~~~~~
../Core/Src/display.c: In function 'makeMenu':
../Core/Src/display.c:29:3: warning: implicit declaration of function 'sprintf' [-Wimplicit-function-declaration]
   29 |   sprintf(buffer,options[i]);
      |   ^~~~~~~
../Core/Src/display.c:29:3: warning: incompatible implicit declaration of built-in function 'sprintf'
../Core/Src/display.c:13:1: note: include '<stdio.h>' or provide a declaration of 'sprintf'
   12 | #include "display.h"
  +++ |+#include <stdio.h>
   13 | 
../Core/Src/display.c:32:46: warning: implicit declaration of function 'strlen' [-Wimplicit-function-declaration]
   32 |   HAL_UART_Transmit(&huart3,(uint8_t*)buffer,strlen((const char*)buffer),10);
      |                                              ^~~~~~
../Core/Src/display.c:32:46: warning: incompatible implicit declaration of built-in function 'strlen'
../Core/Src/display.c:13:1: note: include '<string.h>' or provide a declaration of 'strlen'
   12 | #include "display.h"
  +++ |+#include <string.h>
   13 | 
../Core/Src/display.c:21:10: warning: unused variable 'buff' [-Wunused-variable]
   21 |  uint8_t buff[10] = {0x7C, 0x0C, 0x00 , 0x0A , 0x32 , 0x3C, 0x01};
      |          ^~~~
../Core/Src/display.c: In function 'displayChess':
../Core/Src/display.c:45:44: warning: incompatible implicit declaration of built-in function 'strlen'
   45 |  HAL_UART_Transmit(&huart3,(uint8_t*)board,strlen((const char*)board),10000);
      |                                            ^~~~~~
../Core/Src/display.c:45:44: note: include '<string.h>' or provide a declaration of 'strlen'
../Core/Src/display.c:47:3: warning: incompatible implicit declaration of built-in function 'sprintf'
   47 |   sprintf(buffer, board[i]);
      |   ^~~~~~~
../Core/Src/display.c:47:3: note: include '<stdio.h>' or provide a declaration of 'sprintf'
../Core/Src/display.c:47:24: warning: passing argument 2 of 'sprintf' makes pointer from integer without a cast [-Wint-conversion]
   47 |   sprintf(buffer, board[i]);
      |                   ~~~~~^~~
      |                        |
      |                        char
../Core/Src/display.c:47:24: note: expected 'const char *' but argument is of type 'char'
../Core/Src/display.c: In function 'sendInformation':
../Core/Src/display.c:67:3: warning: incompatible implicit declaration of built-in function 'sprintf'
   67 |   sprintf(buffer, data);
      |   ^~~~~~~
../Core/Src/display.c:67:3: note: include '<stdio.h>' or provide a declaration of 'sprintf'
../Core/Src/display.c:68:38: warning: incompatible implicit declaration of built-in function 'strlen'
   68 |   HAL_UART_Transmit(&huart2, buffer, strlen(buffer), 500);
      |                                      ^~~~~~
../Core/Src/display.c:68:38: note: include '<string.h>' or provide a declaration of 'strlen'
../Core/Src/display.c:68:30: warning: pointer targets in passing argument 2 of 'HAL_UART_Transmit' differ in signedness [-Wpointer-sign]
   68 |   HAL_UART_Transmit(&huart2, buffer, strlen(buffer), 500);
      |                              ^~~~~~
      |                              |
      |                              char *
In file included from ../Core/Inc/stm32l4xx_hal_conf.h:450,
                 from ../Drivers/STM32L4xx_HAL_Driver/Inc/stm32l4xx_hal.h:29,
                 from ../Core/Inc/main.h:30,
                 from ../Core/Src/display.c:11:
../Drivers/STM32L4xx_HAL_Driver/Inc/stm32l4xx_hal_uart.h:1674:79: note: expected 'const uint8_t *' {aka 'const unsigned char *'} but argument is of type 'char *'
 1674 | HAL_StatusTypeDef HAL_UART_Transmit(UART_HandleTypeDef *huart, const uint8_t *pData, uint16_t Size, uint32_t Timeout);
      |                                                                ~~~~~~~~~~~~~~~^~~~~
../Core/Src/display.c:69:29: warning: pointer targets in passing argument 2 of 'HAL_UART_Receive' differ in signedness [-Wpointer-sign]
   69 |   HAL_UART_Receive(&huart2, buffer, 12, 1000);
      |                             ^~~~~~
      |                             |
      |                             char *
In file included from ../Core/Inc/stm32l4xx_hal_conf.h:450,
                 from ../Drivers/STM32L4xx_HAL_Driver/Inc/stm32l4xx_hal.h:29,
                 from ../Core/Inc/main.h:30,
                 from ../Core/Src/display.c:11:
../Drivers/STM32L4xx_HAL_Driver/Inc/stm32l4xx_hal_uart.h:1675:72: note: expected 'uint8_t *' {aka 'unsigned char *'} but argument is of type 'char *'
 1675 | HAL_StatusTypeDef HAL_UART_Receive(UART_HandleTypeDef *huart, uint8_t *pData, uint16_t Size, uint32_t Timeout);
      |                                                               ~~~~~~~~~^~~~~
../Core/Src/display.c:71:6: warning: implicit declaration of function 'strcmp' [-Wimplicit-function-declaration]
   71 |   if(strcmp(buffer, "ack") == 0){
      |      ^~~~~~
../Core/Src/display.c: In function 'sendInformationGetData':
../Core/Src/display.c:82:3: warning: incompatible implicit declaration of built-in function 'sprintf'
   82 |   sprintf(buffer, data);
      |   ^~~~~~~
../Core/Src/display.c:82:3: note: include '<stdio.h>' or provide a declaration of 'sprintf'
../Core/Src/display.c:83:38: warning: incompatible implicit declaration of built-in function 'strlen'
   83 |   HAL_UART_Transmit(&huart2, buffer, strlen(buffer), 500);
      |                                      ^~~~~~
../Core/Src/display.c:83:38: note: include '<string.h>' or provide a declaration of 'strlen'
../Core/Src/display.c:83:30: warning: pointer targets in passing argument 2 of 'HAL_UART_Transmit' differ in signedness [-Wpointer-sign]
   83 |   HAL_UART_Transmit(&huart2, buffer, strlen(buffer), 500);
      |                              ^~~~~~
      |                              |
      |                              char *
In file included from ../Core/Inc/stm32l4xx_hal_conf.h:450,
                 from ../Drivers/STM32L4xx_HAL_Driver/Inc/stm32l4xx_hal.h:29,
                 from ../Core/Inc/main.h:30,
                 from ../Core/Src/display.c:11:
../Drivers/STM32L4xx_HAL_Driver/Inc/stm32l4xx_hal_uart.h:1674:79: note: expected 'const uint8_t *' {aka 'const unsigned char *'} but argument is of type 'char *'
 1674 | HAL_StatusTypeDef HAL_UART_Transmit(UART_HandleTypeDef *huart, const uint8_t *pData, uint16_t Size, uint32_t Timeout);
      |                                                                ~~~~~~~~~~~~~~~^~~~~
../Core/Src/display.c:84:29: warning: pointer targets in passing argument 2 of 'HAL_UART_Receive' differ in signedness [-Wpointer-sign]
   84 |   HAL_UART_Receive(&huart2, buffer, 3+length-1, timeRecieving);
      |                             ^~~~~~
      |                             |
      |                             char *
In file included from ../Core/Inc/stm32l4xx_hal_conf.h:450,
                 from ../Drivers/STM32L4xx_HAL_Driver/Inc/stm32l4xx_hal.h:29,
                 from ../Core/Inc/main.h:30,
                 from ../Core/Src/display.c:11:
../Drivers/STM32L4xx_HAL_Driver/Inc/stm32l4xx_hal_uart.h:1675:72: note: expected 'uint8_t *' {aka 'unsigned char *'} but argument is of type 'char *'
 1675 | HAL_StatusTypeDef HAL_UART_Receive(UART_HandleTypeDef *huart, uint8_t *pData, uint16_t Size, uint32_t Timeout);
      |                                                               ~~~~~~~~~^~~~~
../Core/Src/display.c:86:4: warning: implicit declaration of function 'strncpy' [-Wimplicit-function-declaration]
   86 |    strncpy(destination, &buffer[3], length);
      |    ^~~~~~~
../Core/Src/display.c:86:4: warning: incompatible implicit declaration of built-in function 'strncpy'
../Core/Src/display.c:86:4: note: include '<string.h>' or provide a declaration of 'strncpy'
make: *** [Core/Src/subdir.mk:46: Core/Src/display.o] Error 1
"make -j16 all" terminated with exit code 2. Build might be incomplete.
20:35:53 **** Incremental Build of configuration Debug for project motorDriving ****
make -j16 all 
arm-none-eabi-gcc "../Core/Src/display.c" -mcpu=cortex-m4 -std=gnu11 -g3 -DDEBUG -DUSE_HAL_DRIVER -DSTM32L4R5xx -c -I../Core/Inc -I../Drivers/STM32L4xx_HAL_Driver/Inc -I../Drivers/STM32L4xx_HAL_Driver/Inc/Legacy -I../Drivers/CMSIS/Device/ST/STM32L4xx/Include -I../Drivers/CMSIS/Include -O0 -ffunction-sections -fdata-sections -Wall -fstack-usage -MMD -MP -MF"Core/Src/display.d" -MT"Core/Src/display.o" --specs=nano.specs -mfpu=fpv4-sp-d16 -mfloat-abi=hard -mthumb -o "Core/Src/display.o"
arm-none-eabi-gcc "../Core/Src/main.c" -mcpu=cortex-m4 -std=gnu11 -g3 -DDEBUG -DUSE_HAL_DRIVER -DSTM32L4R5xx -c -I../Core/Inc -I../Drivers/STM32L4xx_HAL_Driver/Inc -I../Drivers/STM32L4xx_HAL_Driver/Inc/Legacy -I../Drivers/CMSIS/Device/ST/STM32L4xx/Include -I../Drivers/CMSIS/Include -O0 -ffunction-sections -fdata-sections -Wall -fstack-usage -MMD -MP -MF"Core/Src/main.d" -MT"Core/Src/main.o" --specs=nano.specs -mfpu=fpv4-sp-d16 -mfloat-abi=hard -mthumb -o "Core/Src/main.o"
../Core/Src/display.c: In function 'makeMenu':
../Core/Src/display.c:29:3: warning: implicit declaration of function 'sprintf' [-Wimplicit-function-declaration]
   29 |   sprintf(buffer,options[i]);
      |   ^~~~~~~
../Core/Src/display.c:29:3: warning: incompatible implicit declaration of built-in function 'sprintf'
../Core/Src/display.c:13:1: note: include '<stdio.h>' or provide a declaration of 'sprintf'
   12 | #include "display.h"
  +++ |+#include <stdio.h>
   13 | 
../Core/Src/display.c:32:46: warning: implicit declaration of function 'strlen' [-Wimplicit-function-declaration]
   32 |   HAL_UART_Transmit(&huart3,(uint8_t*)buffer,strlen((const char*)buffer),10);
      |                                              ^~~~~~
../Core/Src/display.c:32:46: warning: incompatible implicit declaration of built-in function 'strlen'
../Core/Src/display.c:13:1: note: include '<string.h>' or provide a declaration of 'strlen'
   12 | #include "display.h"
  +++ |+#include <string.h>
   13 | 
../Core/Src/display.c:21:10: warning: unused variable 'buff' [-Wunused-variable]
   21 |  uint8_t buff[10] = {0x7C, 0x0C, 0x00 , 0x0A , 0x32 , 0x3C, 0x01};
      |          ^~~~
../Core/Src/display.c: In function 'displayChess':
../Core/Src/display.c:45:44: warning: incompatible implicit declaration of built-in function 'strlen'
   45 |  HAL_UART_Transmit(&huart3,(uint8_t*)board,strlen((const char*)board),10000);
      |                                            ^~~~~~
../Core/Src/display.c:45:44: note: include '<string.h>' or provide a declaration of 'strlen'
../Core/Src/display.c:47:3: warning: incompatible implicit declaration of built-in function 'sprintf'
   47 |   sprintf(buffer, board[i]);
      |   ^~~~~~~
../Core/Src/display.c:47:3: note: include '<stdio.h>' or provide a declaration of 'sprintf'
../Core/Src/display.c:47:24: warning: passing argument 2 of 'sprintf' makes pointer from integer without a cast [-Wint-conversion]
   47 |   sprintf(buffer, board[i]);
      |                   ~~~~~^~~
      |                        |
      |                        char
../Core/Src/display.c:47:24: note: expected 'const char *' but argument is of type 'char'
../Core/Src/display.c: In function 'sendInformation':
../Core/Src/display.c:67:3: warning: incompatible implicit declaration of built-in function 'sprintf'
   67 |   sprintf(buffer, data);
      |   ^~~~~~~
../Core/Src/display.c:67:3: note: include '<stdio.h>' or provide a declaration of 'sprintf'
../Core/Src/display.c:68:38: warning: incompatible implicit declaration of built-in function 'strlen'
   68 |   HAL_UART_Transmit(&huart2, buffer, strlen(buffer), 500);
      |                                      ^~~~~~
../Core/Src/display.c:68:38: note: include '<string.h>' or provide a declaration of 'strlen'
../Core/Src/display.c:68:30: warning: pointer targets in passing argument 2 of 'HAL_UART_Transmit' differ in signedness [-Wpointer-sign]
   68 |   HAL_UART_Transmit(&huart2, buffer, strlen(buffer), 500);
      |                              ^~~~~~
      |                              |
      |                              char *
In file included from ../Core/Inc/stm32l4xx_hal_conf.h:450,
                 from ../Drivers/STM32L4xx_HAL_Driver/Inc/stm32l4xx_hal.h:29,
                 from ../Core/Inc/main.h:30,
                 from ../Core/Src/display.c:11:
../Drivers/STM32L4xx_HAL_Driver/Inc/stm32l4xx_hal_uart.h:1674:79: note: expected 'const uint8_t *' {aka 'const unsigned char *'} but argument is of type 'char *'
 1674 | HAL_StatusTypeDef HAL_UART_Transmit(UART_HandleTypeDef *huart, const uint8_t *pData, uint16_t Size, uint32_t Timeout);
      |                                                                ~~~~~~~~~~~~~~~^~~~~
../Core/Src/display.c:69:29: warning: pointer targets in passing argument 2 of 'HAL_UART_Receive' differ in signedness [-Wpointer-sign]
   69 |   HAL_UART_Receive(&huart2, buffer, 12, 1000);
      |                             ^~~~~~
      |                             |
      |                             char *
In file included from ../Core/Inc/stm32l4xx_hal_conf.h:450,
                 from ../Drivers/STM32L4xx_HAL_Driver/Inc/stm32l4xx_hal.h:29,
                 from ../Core/Inc/main.h:30,
                 from ../Core/Src/display.c:11:
../Drivers/STM32L4xx_HAL_Driver/Inc/stm32l4xx_hal_uart.h:1675:72: note: expected 'uint8_t *' {aka 'unsigned char *'} but argument is of type 'char *'
 1675 | HAL_StatusTypeDef HAL_UART_Receive(UART_HandleTypeDef *huart, uint8_t *pData, uint16_t Size, uint32_t Timeout);
      |                                                               ~~~~~~~~~^~~~~
../Core/Src/display.c:71:6: warning: implicit declaration of function 'strcmp' [-Wimplicit-function-declaration]
   71 |   if(strcmp(buffer, "ack") == 0){
      |      ^~~~~~
../Core/Src/display.c: In function 'sendInformationGetData':
../Core/Src/display.c:82:3: warning: incompatible implicit declaration of built-in function 'sprintf'
   82 |   sprintf(buffer, data);
      |   ^~~~~~~
../Core/Src/display.c:82:3: note: include '<stdio.h>' or provide a declaration of 'sprintf'
../Core/Src/display.c:83:38: warning: incompatible implicit declaration of built-in function 'strlen'
   83 |   HAL_UART_Transmit(&huart2, buffer, strlen(buffer), 500);
      |                                      ^~~~~~
../Core/Src/display.c:83:38: note: include '<string.h>' or provide a declaration of 'strlen'
../Core/Src/display.c:83:30: warning: pointer targets in passing argument 2 of 'HAL_UART_Transmit' differ in signedness [-Wpointer-sign]
   83 |   HAL_UART_Transmit(&huart2, buffer, strlen(buffer), 500);
      |                              ^~~~~~
      |                              |
      |                              char *
In file included from ../Core/Inc/stm32l4xx_hal_conf.h:450,
                 from ../Drivers/STM32L4xx_HAL_Driver/Inc/stm32l4xx_hal.h:29,
                 from ../Core/Inc/main.h:30,
                 from ../Core/Src/display.c:11:
../Drivers/STM32L4xx_HAL_Driver/Inc/stm32l4xx_hal_uart.h:1674:79: note: expected 'const uint8_t *' {aka 'const unsigned char *'} but argument is of type 'char *'
 1674 | HAL_StatusTypeDef HAL_UART_Transmit(UART_HandleTypeDef *huart, const uint8_t *pData, uint16_t Size, uint32_t Timeout);
      |                                                                ~~~~~~~~~~~~~~~^~~~~
../Core/Src/display.c:84:29: warning: pointer targets in passing argument 2 of 'HAL_UART_Receive' differ in signedness [-Wpointer-sign]
   84 |   HAL_UART_Receive(&huart2, buffer, 3+length-1, timeRecieving);
      |                             ^~~~~~
      |                             |
      |                             char *
In file included from ../Core/Inc/stm32l4xx_hal_conf.h:450,
                 from ../Drivers/STM32L4xx_HAL_Driver/Inc/stm32l4xx_hal.h:29,
                 from ../Core/Inc/main.h:30,
                 from ../Core/Src/display.c:11:
../Drivers/STM32L4xx_HAL_Driver/Inc/stm32l4xx_hal_uart.h:1675:72: note: expected 'uint8_t *' {aka 'unsigned char *'} but argument is of type 'char *'
 1675 | HAL_StatusTypeDef HAL_UART_Receive(UART_HandleTypeDef *huart, uint8_t *pData, uint16_t Size, uint32_t Timeout);
      |                                                               ~~~~~~~~~^~~~~
../Core/Src/display.c:86:4: warning: implicit declaration of function 'strncpy' [-Wimplicit-function-declaration]
   86 |    strncpy(destination, &buffer[3], length);
      |    ^~~~~~~
../Core/Src/display.c:86:4: warning: incompatible implicit declaration of built-in function 'strncpy'
../Core/Src/display.c:86:4: note: include '<string.h>' or provide a declaration of 'strncpy'
../Core/Src/main.c: In function 'main':
../Core/Src/main.c:309:4: warning: implicit declaration of function 'sprintf' [-Wimplicit-function-declaration]
  309 |    sprintf(num, "%d\r", keyNum);
      |    ^~~~~~~
../Core/Src/main.c:309:4: warning: incompatible implicit declaration of built-in function 'sprintf'
../Core/Src/main.c:28:1: note: include '<stdio.h>' or provide a declaration of 'sprintf'
   27 | #include "display.h"
  +++ |+#include <stdio.h>
   28 | /* USER CODE END Includes */
../Core/Src/main.c:309:19: warning: format '%d' expects argument of type 'int', but argument 3 has type 'uint32_t' {aka 'long unsigned int'} [-Wformat=]
  309 |    sprintf(num, "%d\r", keyNum);
      |                  ~^     ~~~~~~
      |                   |     |
      |                   int   uint32_t {aka long unsigned int}
      |                  %ld
../Core/Src/main.c:361:4: warning: implicit declaration of function 'executeInstruction' [-Wimplicit-function-declaration]
  361 |    executeInstruction(move, color, QUEEN);
      |    ^~~~~~~~~~~~~~~~~~
../Core/Src/main.c:404:16: warning: passing argument 2 of 'makeMenu' from incompatible pointer type [-Wincompatible-pointer-types]
  404 |    makeMenu(1, board);
      |                ^~~~~
      |                |
      |                char *
In file included from ../Core/Src/main.c:27:
../Core/Inc/display.h:27:34: note: expected 'char **' but argument is of type 'char *'
   27 | void makeMenu(int length, char **options);
      |                           ~~~~~~~^~~~~~~
arm-none-eabi-g++ -o "motorDriving.elf" @"objects.list"   -mcpu=cortex-m4 -T"C:\Users\Jeremy\Documents\W23\373\finalProject\AutomatedChess\motorDriving\STM32L4R5ZITXP_FLASH.ld" --specs=nosys.specs -Wl,-Map="motorDriving.map" -Wl,--gc-sections -static --specs=nano.specs -mfpu=fpv4-sp-d16 -mfloat-abi=hard -mthumb -u _printf_float -Wl,--start-group -lc -lm -lstdc++ -lsupc++ -Wl,--end-group
Finished building target: motorDriving.elf
 
arm-none-eabi-size   motorDriving.elf 
arm-none-eabi-objdump -h -S  motorDriving.elf  > "motorDriving.list"
   text	   data	    bss	    dec	    hex	filename
  39612	   1192	   2992	  43796	   ab14	motorDriving.elf
Finished building: default.size.stdout
 
Finished building: motorDriving.list
 
21:13:37 **** Incremental Build of configuration Debug for project motorDriving ****
make -j16 all 
arm-none-eabi-size   motorDriving.elf 
   text	   data	    bss	    dec	    hex	filename
  39612	   1192	   2992	  43796	   ab14	motorDriving.elf
Finished building: default.size.stdout
 
21:14:25 **** Incremental Build of configuration Debug for project motorDriving ****
make -j16 all 
arm-none-eabi-gcc "../Core/Src/main.c" -mcpu=cortex-m4 -std=gnu11 -g3 -DDEBUG -DUSE_HAL_DRIVER -DSTM32L4R5xx -c -I../Core/Inc -I../Drivers/STM32L4xx_HAL_Driver/Inc -I../Drivers/STM32L4xx_HAL_Driver/Inc/Legacy -I../Drivers/CMSIS/Device/ST/STM32L4xx/Include -I../Drivers/CMSIS/Include -O0 -ffunction-sections -fdata-sections -Wall -fstack-usage -MMD -MP -MF"Core/Src/main.d" -MT"Core/Src/main.o" --specs=nano.specs -mfpu=fpv4-sp-d16 -mfloat-abi=hard -mthumb -o "Core/Src/main.o"
../Core/Src/main.c: In function 'main':
../Core/Src/main.c:309:4: warning: implicit declaration of function 'sprintf' [-Wimplicit-function-declaration]
  309 |    sprintf(num, "%d\r", keyNum);
      |    ^~~~~~~
../Core/Src/main.c:309:4: warning: incompatible implicit declaration of built-in function 'sprintf'
../Core/Src/main.c:28:1: note: include '<stdio.h>' or provide a declaration of 'sprintf'
   27 | #include "display.h"
  +++ |+#include <stdio.h>
   28 | /* USER CODE END Includes */
../Core/Src/main.c:309:19: warning: format '%d' expects argument of type 'int', but argument 3 has type 'uint32_t' {aka 'long unsigned int'} [-Wformat=]
  309 |    sprintf(num, "%d\r", keyNum);
      |                  ~^     ~~~~~~
      |                   |     |
      |                   int   uint32_t {aka long unsigned int}
      |                  %ld
../Core/Src/main.c:361:4: warning: implicit declaration of function 'executeInstruction' [-Wimplicit-function-declaration]
  361 |    executeInstruction(move, color, QUEEN);
      |    ^~~~~~~~~~~~~~~~~~
arm-none-eabi-g++ -o "motorDriving.elf" @"objects.list"   -mcpu=cortex-m4 -T"C:\Users\Jeremy\Documents\W23\373\finalProject\AutomatedChess\motorDriving\STM32L4R5ZITXP_FLASH.ld" --specs=nosys.specs -Wl,-Map="motorDriving.map" -Wl,--gc-sections -static --specs=nano.specs -mfpu=fpv4-sp-d16 -mfloat-abi=hard -mthumb -u _printf_float -Wl,--start-group -lc -lm -lstdc++ -lsupc++ -Wl,--end-group
Finished building target: motorDriving.elf
 
arm-none-eabi-size   motorDriving.elf 
arm-none-eabi-objdump -h -S  motorDriving.elf  > "motorDriving.list"
   text	   data	    bss	    dec	    hex	filename
  39516	   1192	   2992	  43700	   aab4	motorDriving.elf
Finished building: default.size.stdout
 
Finished building: motorDriving.list
 
15:31:30 **** Incremental Build of configuration Debug for project motorDriving ****
make -j16 all 
arm-none-eabi-gcc "../Core/Src/main.c" -mcpu=cortex-m4 -std=gnu11 -g3 -DDEBUG -DUSE_HAL_DRIVER -DSTM32L4R5xx -c -I../Core/Inc -I../Drivers/STM32L4xx_HAL_Driver/Inc -I../Drivers/STM32L4xx_HAL_Driver/Inc/Legacy -I../Drivers/CMSIS/Device/ST/STM32L4xx/Include -I../Drivers/CMSIS/Include -O0 -ffunction-sections -fdata-sections -Wall -fstack-usage -MMD -MP -MF"Core/Src/main.d" -MT"Core/Src/main.o" --specs=nano.specs -mfpu=fpv4-sp-d16 -mfloat-abi=hard -mthumb -o "Core/Src/main.o"
../Core/Src/main.c: In function 'main':
../Core/Src/main.c:220:3: warning: implicit declaration of function 'executeInstruction' [-Wimplicit-function-declaration]
  220 |   executeInstruction("A8H1", BLACK, QUEEN);
      |   ^~~~~~~~~~~~~~~~~~
../Core/Src/main.c:309:4: warning: implicit declaration of function 'sprintf' [-Wimplicit-function-declaration]
  309 |    sprintf(num, "%d\r", keyNum);
      |    ^~~~~~~
../Core/Src/main.c:309:4: warning: incompatible implicit declaration of built-in function 'sprintf'
../Core/Src/main.c:28:1: note: include '<stdio.h>' or provide a declaration of 'sprintf'
   27 | #include "display.h"
  +++ |+#include <stdio.h>
   28 | /* USER CODE END Includes */
../Core/Src/main.c:309:19: warning: format '%d' expects argument of type 'int', but argument 3 has type 'uint32_t' {aka 'long unsigned int'} [-Wformat=]
  309 |    sprintf(num, "%d\r", keyNum);
      |                  ~^     ~~~~~~
      |                   |     |
      |                   int   uint32_t {aka long unsigned int}
      |                  %ld
arm-none-eabi-g++ -o "motorDriving.elf" @"objects.list"   -mcpu=cortex-m4 -T"C:\Users\Jeremy\Documents\W23\373\finalProject\AutomatedChess\motorDriving\STM32L4R5ZITXP_FLASH.ld" --specs=nosys.specs -Wl,-Map="motorDriving.map" -Wl,--gc-sections -static --specs=nano.specs -mfpu=fpv4-sp-d16 -mfloat-abi=hard -mthumb -u _printf_float -Wl,--start-group -lc -lm -lstdc++ -lsupc++ -Wl,--end-group
Finished building target: motorDriving.elf
 
arm-none-eabi-size   motorDriving.elf 
arm-none-eabi-objdump -h -S  motorDriving.elf  > "motorDriving.list"
   text	   data	    bss	    dec	    hex	filename
  39540	   1192	   2992	  43724	   aacc	motorDriving.elf
Finished building: default.size.stdout
 
Finished building: motorDriving.list
 
15:31:43 **** Incremental Build of configuration Debug for project motorDriving ****
make -j16 all 
arm-none-eabi-size   motorDriving.elf 
   text	   data	    bss	    dec	    hex	filename
  39540	   1192	   2992	  43724	   aacc	motorDriving.elf
Finished building: default.size.stdout
 
15:32:52 **** Incremental Build of configuration Debug for project motorDriving ****
make -j16 all 
arm-none-eabi-size   motorDriving.elf 
   text	   data	    bss	    dec	    hex	filename
  39540	   1192	   2992	  43724	   aacc	motorDriving.elf
Finished building: default.size.stdout
 
15:39:57 **** Incremental Build of configuration Debug for project motorDriving ****
make -j16 all 
arm-none-eabi-gcc "../Core/Src/motorController.c" -mcpu=cortex-m4 -std=gnu11 -g3 -DDEBUG -DUSE_HAL_DRIVER -DSTM32L4R5xx -c -I../Core/Inc -I../Drivers/STM32L4xx_HAL_Driver/Inc -I../Drivers/STM32L4xx_HAL_Driver/Inc/Legacy -I../Drivers/CMSIS/Device/ST/STM32L4xx/Include -I../Drivers/CMSIS/Include -O0 -ffunction-sections -fdata-sections -Wall -fstack-usage -MMD -MP -MF"Core/Src/motorController.d" -MT"Core/Src/motorController.o" --specs=nano.specs -mfpu=fpv4-sp-d16 -mfloat-abi=hard -mthumb -o "Core/Src/motorController.o"
../Core/Src/motorController.c: In function 'stepForward':
../Core/Src/motorController.c:226:6: warning: unused variable 'y' [-Wunused-variable]
  226 |  int y = curPosition.y;
      |      ^
../Core/Src/motorController.c: In function 'stepBack':
../Core/Src/motorController.c:235:6: warning: unused variable 'y' [-Wunused-variable]
  235 |  int y = curPosition.y;
      |      ^
../Core/Src/motorController.c: In function 'stepRight':
../Core/Src/motorController.c:243:6: warning: unused variable 'x' [-Wunused-variable]
  243 |  int x = curPosition.x;
      |      ^
../Core/Src/motorController.c: In function 'stepLeft':
../Core/Src/motorController.c:252:6: warning: unused variable 'x' [-Wunused-variable]
  252 |  int x = curPosition.x;
      |      ^
arm-none-eabi-g++ -o "motorDriving.elf" @"objects.list"   -mcpu=cortex-m4 -T"C:\Users\Jeremy\Documents\W23\373\finalProject\AutomatedChess\motorDriving\STM32L4R5ZITXP_FLASH.ld" --specs=nosys.specs -Wl,-Map="motorDriving.map" -Wl,--gc-sections -static --specs=nano.specs -mfpu=fpv4-sp-d16 -mfloat-abi=hard -mthumb -u _printf_float -Wl,--start-group -lc -lm -lstdc++ -lsupc++ -Wl,--end-group
Finished building target: motorDriving.elf
 
arm-none-eabi-size   motorDriving.elf 
arm-none-eabi-objdump -h -S  motorDriving.elf  > "motorDriving.list"
   text	   data	    bss	    dec	    hex	filename
  39532	   1192	   2992	  43716	   aac4	motorDriving.elf
Finished building: default.size.stdout
 
Finished building: motorDriving.list
 
15:40:49 **** Incremental Build of configuration Debug for project motorDriving ****
make -j16 all 
arm-none-eabi-size   motorDriving.elf 
   text	   data	    bss	    dec	    hex	filename
  39532	   1192	   2992	  43716	   aac4	motorDriving.elf
Finished building: default.size.stdout
 
15:41:37 **** Incremental Build of configuration Debug for project motorDriving ****
make -j16 all 
arm-none-eabi-gcc "../Core/Src/main.c" -mcpu=cortex-m4 -std=gnu11 -g3 -DDEBUG -DUSE_HAL_DRIVER -DSTM32L4R5xx -c -I../Core/Inc -I../Drivers/STM32L4xx_HAL_Driver/Inc -I../Drivers/STM32L4xx_HAL_Driver/Inc/Legacy -I../Drivers/CMSIS/Device/ST/STM32L4xx/Include -I../Drivers/CMSIS/Include -O0 -ffunction-sections -fdata-sections -Wall -fstack-usage -MMD -MP -MF"Core/Src/main.d" -MT"Core/Src/main.o" --specs=nano.specs -mfpu=fpv4-sp-d16 -mfloat-abi=hard -mthumb -o "Core/Src/main.o"
../Core/Src/main.c: In function 'main':
../Core/Src/main.c:220:3: warning: implicit declaration of function 'executeInstruction' [-Wimplicit-function-declaration]
  220 |   executeInstruction("H0G8", BLACK, QUEEN);
      |   ^~~~~~~~~~~~~~~~~~
../Core/Src/main.c:221:3: warning: implicit declaration of function 'moveToCoord'; did you mean 'convertToCoord'? [-Wimplicit-function-declaration]
  221 |   moveToCoord("H0");
      |   ^~~~~~~~~~~
      |   convertToCoord
../Core/Src/main.c:310:4: warning: implicit declaration of function 'sprintf' [-Wimplicit-function-declaration]
  310 |    sprintf(num, "%d\r", keyNum);
      |    ^~~~~~~
../Core/Src/main.c:310:4: warning: incompatible implicit declaration of built-in function 'sprintf'
../Core/Src/main.c:28:1: note: include '<stdio.h>' or provide a declaration of 'sprintf'
   27 | #include "display.h"
  +++ |+#include <stdio.h>
   28 | /* USER CODE END Includes */
../Core/Src/main.c:310:19: warning: format '%d' expects argument of type 'int', but argument 3 has type 'uint32_t' {aka 'long unsigned int'} [-Wformat=]
  310 |    sprintf(num, "%d\r", keyNum);
      |                  ~^     ~~~~~~
      |                   |     |
      |                   int   uint32_t {aka long unsigned int}
      |                  %ld
arm-none-eabi-g++ -o "motorDriving.elf" @"objects.list"   -mcpu=cortex-m4 -T"C:\Users\Jeremy\Documents\W23\373\finalProject\AutomatedChess\motorDriving\STM32L4R5ZITXP_FLASH.ld" --specs=nosys.specs -Wl,-Map="motorDriving.map" -Wl,--gc-sections -static --specs=nano.specs -mfpu=fpv4-sp-d16 -mfloat-abi=hard -mthumb -u _printf_float -Wl,--start-group -lc -lm -lstdc++ -lsupc++ -Wl,--end-group
Finished building target: motorDriving.elf
 
arm-none-eabi-size   motorDriving.elf 
arm-none-eabi-objdump -h -S  motorDriving.elf  > "motorDriving.list"
   text	   data	    bss	    dec	    hex	filename
  39556	   1192	   2992	  43740	   aadc	motorDriving.elf
Finished building: default.size.stdout
 
Finished building: motorDriving.list
 
15:43:52 **** Incremental Build of configuration Debug for project motorDriving ****
make -j16 all 
arm-none-eabi-gcc "../Core/Src/main.c" -mcpu=cortex-m4 -std=gnu11 -g3 -DDEBUG -DUSE_HAL_DRIVER -DSTM32L4R5xx -c -I../Core/Inc -I../Drivers/STM32L4xx_HAL_Driver/Inc -I../Drivers/STM32L4xx_HAL_Driver/Inc/Legacy -I../Drivers/CMSIS/Device/ST/STM32L4xx/Include -I../Drivers/CMSIS/Include -O0 -ffunction-sections -fdata-sections -Wall -fstack-usage -MMD -MP -MF"Core/Src/main.d" -MT"Core/Src/main.o" --specs=nano.specs -mfpu=fpv4-sp-d16 -mfloat-abi=hard -mthumb -o "Core/Src/main.o"
../Core/Src/main.c: In function 'main':
../Core/Src/main.c:220:3: warning: implicit declaration of function 'executeInstruction' [-Wimplicit-function-declaration]
  220 |   executeInstruction("H1G8", BLACK, QUEEN);
      |   ^~~~~~~~~~~~~~~~~~
../Core/Src/main.c:221:3: warning: implicit declaration of function 'moveToCoord'; did you mean 'convertToCoord'? [-Wimplicit-function-declaration]
  221 |   moveToCoord("H1");
      |   ^~~~~~~~~~~
      |   convertToCoord
../Core/Src/main.c:310:4: warning: implicit declaration of function 'sprintf' [-Wimplicit-function-declaration]
  310 |    sprintf(num, "%d\r", keyNum);
      |    ^~~~~~~
../Core/Src/main.c:310:4: warning: incompatible implicit declaration of built-in function 'sprintf'
../Core/Src/main.c:28:1: note: include '<stdio.h>' or provide a declaration of 'sprintf'
   27 | #include "display.h"
  +++ |+#include <stdio.h>
   28 | /* USER CODE END Includes */
../Core/Src/main.c:310:19: warning: format '%d' expects argument of type 'int', but argument 3 has type 'uint32_t' {aka 'long unsigned int'} [-Wformat=]
  310 |    sprintf(num, "%d\r", keyNum);
      |                  ~^     ~~~~~~
      |                   |     |
      |                   int   uint32_t {aka long unsigned int}
      |                  %ld
arm-none-eabi-g++ -o "motorDriving.elf" @"objects.list"   -mcpu=cortex-m4 -T"C:\Users\Jeremy\Documents\W23\373\finalProject\AutomatedChess\motorDriving\STM32L4R5ZITXP_FLASH.ld" --specs=nosys.specs -Wl,-Map="motorDriving.map" -Wl,--gc-sections -static --specs=nano.specs -mfpu=fpv4-sp-d16 -mfloat-abi=hard -mthumb -u _printf_float -Wl,--start-group -lc -lm -lstdc++ -lsupc++ -Wl,--end-group
Finished building target: motorDriving.elf
 
arm-none-eabi-size   motorDriving.elf 
arm-none-eabi-objdump -h -S  motorDriving.elf  > "motorDriving.list"
   text	   data	    bss	    dec	    hex	filename
  39556	   1192	   2992	  43740	   aadc	motorDriving.elf
Finished building: default.size.stdout
 
Finished building: motorDriving.list
 
15:46:59 **** Incremental Build of configuration Debug for project motorDriving ****
make -j16 all 
arm-none-eabi-gcc "../Core/Src/motorController.c" -mcpu=cortex-m4 -std=gnu11 -g3 -DDEBUG -DUSE_HAL_DRIVER -DSTM32L4R5xx -c -I../Core/Inc -I../Drivers/STM32L4xx_HAL_Driver/Inc -I../Drivers/STM32L4xx_HAL_Driver/Inc/Legacy -I../Drivers/CMSIS/Device/ST/STM32L4xx/Include -I../Drivers/CMSIS/Include -O0 -ffunction-sections -fdata-sections -Wall -fstack-usage -MMD -MP -MF"Core/Src/motorController.d" -MT"Core/Src/motorController.o" --specs=nano.specs -mfpu=fpv4-sp-d16 -mfloat-abi=hard -mthumb -o "Core/Src/motorController.o"
../Core/Src/motorController.c: In function 'stepForward':
../Core/Src/motorController.c:226:6: warning: unused variable 'y' [-Wunused-variable]
  226 |  int y = curPosition.y;
      |      ^
../Core/Src/motorController.c: In function 'stepBack':
../Core/Src/motorController.c:235:6: warning: unused variable 'y' [-Wunused-variable]
  235 |  int y = curPosition.y;
      |      ^
../Core/Src/motorController.c: In function 'stepRight':
../Core/Src/motorController.c:243:6: warning: unused variable 'x' [-Wunused-variable]
  243 |  int x = curPosition.x;
      |      ^
../Core/Src/motorController.c: In function 'stepLeft':
../Core/Src/motorController.c:252:6: warning: unused variable 'x' [-Wunused-variable]
  252 |  int x = curPosition.x;
      |      ^
arm-none-eabi-g++ -o "motorDriving.elf" @"objects.list"   -mcpu=cortex-m4 -T"C:\Users\Jeremy\Documents\W23\373\finalProject\AutomatedChess\motorDriving\STM32L4R5ZITXP_FLASH.ld" --specs=nosys.specs -Wl,-Map="motorDriving.map" -Wl,--gc-sections -static --specs=nano.specs -mfpu=fpv4-sp-d16 -mfloat-abi=hard -mthumb -u _printf_float -Wl,--start-group -lc -lm -lstdc++ -lsupc++ -Wl,--end-group
Finished building target: motorDriving.elf
 
arm-none-eabi-size   motorDriving.elf 
arm-none-eabi-objdump -h -S  motorDriving.elf  > "motorDriving.list"
   text	   data	    bss	    dec	    hex	filename
  39556	   1192	   2992	  43740	   aadc	motorDriving.elf
Finished building: default.size.stdout
 
Finished building: motorDriving.list
 
15:59:20 **** Incremental Build of configuration Debug for project motorDriving ****
make -j16 all 
arm-none-eabi-gcc "../Core/Src/main.c" -mcpu=cortex-m4 -std=gnu11 -g3 -DDEBUG -DUSE_HAL_DRIVER -DSTM32L4R5xx -c -I../Core/Inc -I../Drivers/STM32L4xx_HAL_Driver/Inc -I../Drivers/STM32L4xx_HAL_Driver/Inc/Legacy -I../Drivers/CMSIS/Device/ST/STM32L4xx/Include -I../Drivers/CMSIS/Include -O0 -ffunction-sections -fdata-sections -Wall -fstack-usage -MMD -MP -MF"Core/Src/main.d" -MT"Core/Src/main.o" --specs=nano.specs -mfpu=fpv4-sp-d16 -mfloat-abi=hard -mthumb -o "Core/Src/main.o"
../Core/Src/main.c: In function 'main':
../Core/Src/main.c:322:4: warning: implicit declaration of function 'sprintf' [-Wimplicit-function-declaration]
  322 |    sprintf(num, "%d\r", keyNum);
      |    ^~~~~~~
../Core/Src/main.c:322:4: warning: incompatible implicit declaration of built-in function 'sprintf'
../Core/Src/main.c:28:1: note: include '<stdio.h>' or provide a declaration of 'sprintf'
   27 | #include "display.h"
  +++ |+#include <stdio.h>
   28 | /* USER CODE END Includes */
../Core/Src/main.c:322:19: warning: format '%d' expects argument of type 'int', but argument 3 has type 'uint32_t' {aka 'long unsigned int'} [-Wformat=]
  322 |    sprintf(num, "%d\r", keyNum);
      |                  ~^     ~~~~~~
      |                   |     |
      |                   int   uint32_t {aka long unsigned int}
      |                  %ld
../Core/Src/main.c:374:4: warning: implicit declaration of function 'executeInstruction' [-Wimplicit-function-declaration]
  374 |    executeInstruction(move, color, QUEEN);
      |    ^~~~~~~~~~~~~~~~~~
arm-none-eabi-g++ -o "motorDriving.elf" @"objects.list"   -mcpu=cortex-m4 -T"C:\Users\Jeremy\Documents\W23\373\finalProject\AutomatedChess\motorDriving\STM32L4R5ZITXP_FLASH.ld" --specs=nosys.specs -Wl,-Map="motorDriving.map" -Wl,--gc-sections -static --specs=nano.specs -mfpu=fpv4-sp-d16 -mfloat-abi=hard -mthumb -u _printf_float -Wl,--start-group -lc -lm -lstdc++ -lsupc++ -Wl,--end-group
Finished building target: motorDriving.elf
 
arm-none-eabi-size   motorDriving.elf 
arm-none-eabi-objdump -h -S  motorDriving.elf  > "motorDriving.list"
   text	   data	    bss	    dec	    hex	filename
  39884	   1192	   2992	  44068	   ac24	motorDriving.elf
Finished building: default.size.stdout
 
Finished building: motorDriving.list
 
16:13:03 **** Incremental Build of configuration Debug for project motorDriving ****
make -j16 all 
arm-none-eabi-gcc "../Core/Src/main.c" -mcpu=cortex-m4 -std=gnu11 -g3 -DDEBUG -DUSE_HAL_DRIVER -DSTM32L4R5xx -c -I../Core/Inc -I../Drivers/STM32L4xx_HAL_Driver/Inc -I../Drivers/STM32L4xx_HAL_Driver/Inc/Legacy -I../Drivers/CMSIS/Device/ST/STM32L4xx/Include -I../Drivers/CMSIS/Include -O0 -ffunction-sections -fdata-sections -Wall -fstack-usage -MMD -MP -MF"Core/Src/main.d" -MT"Core/Src/main.o" --specs=nano.specs -mfpu=fpv4-sp-d16 -mfloat-abi=hard -mthumb -o "Core/Src/main.o"
arm-none-eabi-gcc "../Core/Src/motorController.c" -mcpu=cortex-m4 -std=gnu11 -g3 -DDEBUG -DUSE_HAL_DRIVER -DSTM32L4R5xx -c -I../Core/Inc -I../Drivers/STM32L4xx_HAL_Driver/Inc -I../Drivers/STM32L4xx_HAL_Driver/Inc/Legacy -I../Drivers/CMSIS/Device/ST/STM32L4xx/Include -I../Drivers/CMSIS/Include -O0 -ffunction-sections -fdata-sections -Wall -fstack-usage -MMD -MP -MF"Core/Src/motorController.d" -MT"Core/Src/motorController.o" --specs=nano.specs -mfpu=fpv4-sp-d16 -mfloat-abi=hard -mthumb -o "Core/Src/motorController.o"
../Core/Src/main.c: In function 'main':
../Core/Src/main.c:323:4: warning: implicit declaration of function 'sprintf' [-Wimplicit-function-declaration]
  323 |    sprintf(num, "%d\r", keyNum);
      |    ^~~~~~~
../Core/Src/main.c:323:4: warning: incompatible implicit declaration of built-in function 'sprintf'
../Core/Src/main.c:28:1: note: include '<stdio.h>' or provide a declaration of 'sprintf'
   27 | #include "display.h"
  +++ |+#include <stdio.h>
   28 | /* USER CODE END Includes */
../Core/Src/main.c:323:19: warning: format '%d' expects argument of type 'int', but argument 3 has type 'uint32_t' {aka 'long unsigned int'} [-Wformat=]
  323 |    sprintf(num, "%d\r", keyNum);
      |                  ~^     ~~~~~~
      |                   |     |
      |                   int   uint32_t {aka long unsigned int}
      |                  %ld
../Core/Src/motorController.c: In function 'stepForward':
../Core/Src/motorController.c:226:6: warning: unused variable 'y' [-Wunused-variable]
  226 |  int y = curPosition.y;
      |      ^
../Core/Src/motorController.c: In function 'stepBack':
../Core/Src/motorController.c:235:6: warning: unused variable 'y' [-Wunused-variable]
  235 |  int y = curPosition.y;
      |      ^
../Core/Src/motorController.c: In function 'stepRight':
../Core/Src/motorController.c:243:6: warning: unused variable 'x' [-Wunused-variable]
  243 |  int x = curPosition.x;
      |      ^
../Core/Src/motorController.c: In function 'stepLeft':
../Core/Src/motorController.c:252:6: warning: unused variable 'x' [-Wunused-variable]
  252 |  int x = curPosition.x;
      |      ^
../Core/Src/main.c:375:4: warning: implicit declaration of function 'executeInstruction' [-Wimplicit-function-declaration]
  375 |    executeInstruction(move, color, QUEEN);
      |    ^~~~~~~~~~~~~~~~~~
arm-none-eabi-g++ -o "motorDriving.elf" @"objects.list"   -mcpu=cortex-m4 -T"C:\Users\Jeremy\Documents\W23\373\finalProject\AutomatedChess\motorDriving\STM32L4R5ZITXP_FLASH.ld" --specs=nosys.specs -Wl,-Map="motorDriving.map" -Wl,--gc-sections -static --specs=nano.specs -mfpu=fpv4-sp-d16 -mfloat-abi=hard -mthumb -u _printf_float -Wl,--start-group -lc -lm -lstdc++ -lsupc++ -Wl,--end-group
Finished building target: motorDriving.elf
 
arm-none-eabi-size   motorDriving.elf 
arm-none-eabi-objdump -h -S  motorDriving.elf  > "motorDriving.list"
   text	   data	    bss	    dec	    hex	filename
  39892	   1192	   2992	  44076	   ac2c	motorDriving.elf
Finished building: default.size.stdout
 
Finished building: motorDriving.list
 
16:15:22 **** Incremental Build of configuration Debug for project motorDriving ****
make -j16 all 
arm-none-eabi-size   motorDriving.elf 
   text	   data	    bss	    dec	    hex	filename
  39892	   1192	   2992	  44076	   ac2c	motorDriving.elf
Finished building: default.size.stdout
 
16:15:55 **** Incremental Build of configuration Debug for project motorDriving ****
make -j16 all 
arm-none-eabi-size   motorDriving.elf 
   text	   data	    bss	    dec	    hex	filename
  39892	   1192	   2992	  44076	   ac2c	motorDriving.elf
Finished building: default.size.stdout
 
16:18:21 **** Incremental Build of configuration Debug for project motorDriving ****
make -j16 all 
arm-none-eabi-gcc "../Core/Src/main.c" -mcpu=cortex-m4 -std=gnu11 -g3 -DDEBUG -DUSE_HAL_DRIVER -DSTM32L4R5xx -c -I../Core/Inc -I../Drivers/STM32L4xx_HAL_Driver/Inc -I../Drivers/STM32L4xx_HAL_Driver/Inc/Legacy -I../Drivers/CMSIS/Device/ST/STM32L4xx/Include -I../Drivers/CMSIS/Include -O0 -ffunction-sections -fdata-sections -Wall -fstack-usage -MMD -MP -MF"Core/Src/main.d" -MT"Core/Src/main.o" --specs=nano.specs -mfpu=fpv4-sp-d16 -mfloat-abi=hard -mthumb -o "Core/Src/main.o"
../Core/Src/main.c: In function 'main':
../Core/Src/main.c:323:4: warning: implicit declaration of function 'sprintf' [-Wimplicit-function-declaration]
  323 |    sprintf(num, "%d\r", keyNum);
      |    ^~~~~~~
../Core/Src/main.c:323:4: warning: incompatible implicit declaration of built-in function 'sprintf'
../Core/Src/main.c:28:1: note: include '<stdio.h>' or provide a declaration of 'sprintf'
   27 | #include "display.h"
  +++ |+#include <stdio.h>
   28 | /* USER CODE END Includes */
../Core/Src/main.c:323:19: warning: format '%d' expects argument of type 'int', but argument 3 has type 'uint32_t' {aka 'long unsigned int'} [-Wformat=]
  323 |    sprintf(num, "%d\r", keyNum);
      |                  ~^     ~~~~~~
      |                   |     |
      |                   int   uint32_t {aka long unsigned int}
      |                  %ld
../Core/Src/main.c:375:4: warning: implicit declaration of function 'executeInstruction' [-Wimplicit-function-declaration]
  375 |    executeInstruction(move, color, QUEEN);
      |    ^~~~~~~~~~~~~~~~~~
arm-none-eabi-g++ -o "motorDriving.elf" @"objects.list"   -mcpu=cortex-m4 -T"C:\Users\Jeremy\Documents\W23\373\finalProject\AutomatedChess\motorDriving\STM32L4R5ZITXP_FLASH.ld" --specs=nosys.specs -Wl,-Map="motorDriving.map" -Wl,--gc-sections -static --specs=nano.specs -mfpu=fpv4-sp-d16 -mfloat-abi=hard -mthumb -u _printf_float -Wl,--start-group -lc -lm -lstdc++ -lsupc++ -Wl,--end-group
Finished building target: motorDriving.elf
 
arm-none-eabi-size   motorDriving.elf 
arm-none-eabi-objdump -h -S  motorDriving.elf  > "motorDriving.list"
   text	   data	    bss	    dec	    hex	filename
  39892	   1192	   2992	  44076	   ac2c	motorDriving.elf
Finished building: default.size.stdout
 
Finished building: motorDriving.list
 
16:35:53 **** Incremental Build of configuration Debug for project motorDriving ****
make -j16 all 
arm-none-eabi-gcc "../Core/Src/main.c" -mcpu=cortex-m4 -std=gnu11 -g3 -DDEBUG -DUSE_HAL_DRIVER -DSTM32L4R5xx -c -I../Core/Inc -I../Drivers/STM32L4xx_HAL_Driver/Inc -I../Drivers/STM32L4xx_HAL_Driver/Inc/Legacy -I../Drivers/CMSIS/Device/ST/STM32L4xx/Include -I../Drivers/CMSIS/Include -O0 -ffunction-sections -fdata-sections -Wall -fstack-usage -MMD -MP -MF"Core/Src/main.d" -MT"Core/Src/main.o" --specs=nano.specs -mfpu=fpv4-sp-d16 -mfloat-abi=hard -mthumb -o "Core/Src/main.o"
arm-none-eabi-gcc "../Core/Src/motorController.c" -mcpu=cortex-m4 -std=gnu11 -g3 -DDEBUG -DUSE_HAL_DRIVER -DSTM32L4R5xx -c -I../Core/Inc -I../Drivers/STM32L4xx_HAL_Driver/Inc -I../Drivers/STM32L4xx_HAL_Driver/Inc/Legacy -I../Drivers/CMSIS/Device/ST/STM32L4xx/Include -I../Drivers/CMSIS/Include -O0 -ffunction-sections -fdata-sections -Wall -fstack-usage -MMD -MP -MF"Core/Src/motorController.d" -MT"Core/Src/motorController.o" --specs=nano.specs -mfpu=fpv4-sp-d16 -mfloat-abi=hard -mthumb -o "Core/Src/motorController.o"
../Core/Src/motorController.c: In function 'stepForward':
../Core/Src/motorController.c:226:6: warning: unused variable 'y' [-Wunused-variable]
  226 |  int y = curPosition.y;
      |      ^
../Core/Src/motorController.c: In function 'stepBack':
../Core/Src/motorController.c:235:6: warning: unused variable 'y' [-Wunused-variable]
  235 |  int y = curPosition.y;
      |      ^
../Core/Src/motorController.c: In function 'stepRight':
../Core/Src/motorController.c:243:6: warning: unused variable 'x' [-Wunused-variable]
  243 |  int x = curPosition.x;
      |      ^
../Core/Src/motorController.c: In function 'stepLeft':
../Core/Src/motorController.c:252:6: warning: unused variable 'x' [-Wunused-variable]
  252 |  int x = curPosition.x;
      |      ^
../Core/Src/main.c: In function 'main':
../Core/Src/main.c:323:4: warning: implicit declaration of function 'sprintf' [-Wimplicit-function-declaration]
  323 |    sprintf(num, "%d\r", keyNum);
      |    ^~~~~~~
../Core/Src/main.c:323:4: warning: incompatible implicit declaration of built-in function 'sprintf'
../Core/Src/main.c:28:1: note: include '<stdio.h>' or provide a declaration of 'sprintf'
   27 | #include "display.h"
  +++ |+#include <stdio.h>
   28 | /* USER CODE END Includes */
../Core/Src/main.c:323:19: warning: format '%d' expects argument of type 'int', but argument 3 has type 'uint32_t' {aka 'long unsigned int'} [-Wformat=]
  323 |    sprintf(num, "%d\r", keyNum);
      |                  ~^     ~~~~~~
      |                   |     |
      |                   int   uint32_t {aka long unsigned int}
      |                  %ld
../Core/Src/main.c:375:4: warning: implicit declaration of function 'executeInstruction' [-Wimplicit-function-declaration]
  375 |    executeInstruction(move, color, QUEEN);
      |    ^~~~~~~~~~~~~~~~~~
arm-none-eabi-g++ -o "motorDriving.elf" @"objects.list"   -mcpu=cortex-m4 -T"C:\Users\Jeremy\Documents\W23\373\finalProject\AutomatedChess\motorDriving\STM32L4R5ZITXP_FLASH.ld" --specs=nosys.specs -Wl,-Map="motorDriving.map" -Wl,--gc-sections -static --specs=nano.specs -mfpu=fpv4-sp-d16 -mfloat-abi=hard -mthumb -u _printf_float -Wl,--start-group -lc -lm -lstdc++ -lsupc++ -Wl,--end-group
Finished building target: motorDriving.elf
 
arm-none-eabi-size   motorDriving.elf 
arm-none-eabi-objdump -h -S  motorDriving.elf  > "motorDriving.list"
   text	   data	    bss	    dec	    hex	filename
  39900	   1192	   2992	  44084	   ac34	motorDriving.elf
Finished building: default.size.stdout
 
Finished building: motorDriving.list
 
16:38:17 **** Incremental Build of configuration Debug for project motorDriving ****
make -j16 all 
arm-none-eabi-gcc "../Core/Src/main.c" -mcpu=cortex-m4 -std=gnu11 -g3 -DDEBUG -DUSE_HAL_DRIVER -DSTM32L4R5xx -c -I../Core/Inc -I../Drivers/STM32L4xx_HAL_Driver/Inc -I../Drivers/STM32L4xx_HAL_Driver/Inc/Legacy -I../Drivers/CMSIS/Device/ST/STM32L4xx/Include -I../Drivers/CMSIS/Include -O0 -ffunction-sections -fdata-sections -Wall -fstack-usage -MMD -MP -MF"Core/Src/main.d" -MT"Core/Src/main.o" --specs=nano.specs -mfpu=fpv4-sp-d16 -mfloat-abi=hard -mthumb -o "Core/Src/main.o"
arm-none-eabi-gcc "../Core/Src/motorController.c" -mcpu=cortex-m4 -std=gnu11 -g3 -DDEBUG -DUSE_HAL_DRIVER -DSTM32L4R5xx -c -I../Core/Inc -I../Drivers/STM32L4xx_HAL_Driver/Inc -I../Drivers/STM32L4xx_HAL_Driver/Inc/Legacy -I../Drivers/CMSIS/Device/ST/STM32L4xx/Include -I../Drivers/CMSIS/Include -O0 -ffunction-sections -fdata-sections -Wall -fstack-usage -MMD -MP -MF"Core/Src/motorController.d" -MT"Core/Src/motorController.o" --specs=nano.specs -mfpu=fpv4-sp-d16 -mfloat-abi=hard -mthumb -o "Core/Src/motorController.o"
../Core/Src/main.c: In function 'main':
../Core/Src/main.c:322:4: warning: implicit declaration of function 'sprintf' [-Wimplicit-function-declaration]
  322 |    sprintf(num, "%d\r", keyNum);
      |    ^~~~~~~
../Core/Src/main.c:322:4: warning: incompatible implicit declaration of built-in function 'sprintf'
../Core/Src/main.c:28:1: note: include '<stdio.h>' or provide a declaration of 'sprintf'
   27 | #include "display.h"
  +++ |+#include <stdio.h>
   28 | /* USER CODE END Includes */
../Core/Src/main.c:322:19: warning: format '%d' expects argument of type 'int', but argument 3 has type 'uint32_t' {aka 'long unsigned int'} [-Wformat=]
  322 |    sprintf(num, "%d\r", keyNum);
      |                  ~^     ~~~~~~
      |                   |     |
      |                   int   uint32_t {aka long unsigned int}
      |                  %ld
../Core/Src/motorController.c: In function 'stepForward':
../Core/Src/motorController.c:226:6: warning: unused variable 'y' [-Wunused-variable]
  226 |  int y = curPosition.y;
      |      ^
../Core/Src/motorController.c: In function 'stepBack':
../Core/Src/motorController.c:235:6: warning: unused variable 'y' [-Wunused-variable]
  235 |  int y = curPosition.y;
      |      ^
../Core/Src/motorController.c: In function 'stepRight':
../Core/Src/motorController.c:243:6: warning: unused variable 'x' [-Wunused-variable]
  243 |  int x = curPosition.x;
      |      ^
../Core/Src/motorController.c: In function 'stepLeft':
../Core/Src/motorController.c:252:6: warning: unused variable 'x' [-Wunused-variable]
  252 |  int x = curPosition.x;
      |      ^
../Core/Src/main.c:374:4: warning: implicit declaration of function 'executeInstruction' [-Wimplicit-function-declaration]
  374 |    executeInstruction(move, color, QUEEN);
      |    ^~~~~~~~~~~~~~~~~~
arm-none-eabi-g++ -o "motorDriving.elf" @"objects.list"   -mcpu=cortex-m4 -T"C:\Users\Jeremy\Documents\W23\373\finalProject\AutomatedChess\motorDriving\STM32L4R5ZITXP_FLASH.ld" --specs=nosys.specs -Wl,-Map="motorDriving.map" -Wl,--gc-sections -static --specs=nano.specs -mfpu=fpv4-sp-d16 -mfloat-abi=hard -mthumb -u _printf_float -Wl,--start-group -lc -lm -lstdc++ -lsupc++ -Wl,--end-group
Finished building target: motorDriving.elf
 
arm-none-eabi-size   motorDriving.elf 
arm-none-eabi-objdump -h -S  motorDriving.elf  > "motorDriving.list"
   text	   data	    bss	    dec	    hex	filename
  39884	   1192	   2992	  44068	   ac24	motorDriving.elf
Finished building: default.size.stdout
 
Finished building: motorDriving.list
 
16:40:23 **** Incremental Build of configuration Debug for project motorDriving ****
make -j16 all 
arm-none-eabi-gcc "../Core/Src/main.c" -mcpu=cortex-m4 -std=gnu11 -g3 -DDEBUG -DUSE_HAL_DRIVER -DSTM32L4R5xx -c -I../Core/Inc -I../Drivers/STM32L4xx_HAL_Driver/Inc -I../Drivers/STM32L4xx_HAL_Driver/Inc/Legacy -I../Drivers/CMSIS/Device/ST/STM32L4xx/Include -I../Drivers/CMSIS/Include -O0 -ffunction-sections -fdata-sections -Wall -fstack-usage -MMD -MP -MF"Core/Src/main.d" -MT"Core/Src/main.o" --specs=nano.specs -mfpu=fpv4-sp-d16 -mfloat-abi=hard -mthumb -o "Core/Src/main.o"
../Core/Src/main.c: In function 'main':
../Core/Src/main.c:216:3: warning: implicit declaration of function 'moveToCoord'; did you mean 'convertToCoord'? [-Wimplicit-function-declaration]
  216 |   moveToCoord("A1");
      |   ^~~~~~~~~~~
      |   convertToCoord
../Core/Src/main.c:323:4: warning: implicit declaration of function 'sprintf' [-Wimplicit-function-declaration]
  323 |    sprintf(num, "%d\r", keyNum);
      |    ^~~~~~~
../Core/Src/main.c:323:4: warning: incompatible implicit declaration of built-in function 'sprintf'
../Core/Src/main.c:28:1: note: include '<stdio.h>' or provide a declaration of 'sprintf'
   27 | #include "display.h"
  +++ |+#include <stdio.h>
   28 | /* USER CODE END Includes */
../Core/Src/main.c:323:19: warning: format '%d' expects argument of type 'int', but argument 3 has type 'uint32_t' {aka 'long unsigned int'} [-Wformat=]
  323 |    sprintf(num, "%d\r", keyNum);
      |                  ~^     ~~~~~~
      |                   |     |
      |                   int   uint32_t {aka long unsigned int}
      |                  %ld
../Core/Src/main.c:375:4: warning: implicit declaration of function 'executeInstruction' [-Wimplicit-function-declaration]
  375 |    executeInstruction(move, color, QUEEN);
      |    ^~~~~~~~~~~~~~~~~~
arm-none-eabi-g++ -o "motorDriving.elf" @"objects.list"   -mcpu=cortex-m4 -T"C:\Users\Jeremy\Documents\W23\373\finalProject\AutomatedChess\motorDriving\STM32L4R5ZITXP_FLASH.ld" --specs=nosys.specs -Wl,-Map="motorDriving.map" -Wl,--gc-sections -static --specs=nano.specs -mfpu=fpv4-sp-d16 -mfloat-abi=hard -mthumb -u _printf_float -Wl,--start-group -lc -lm -lstdc++ -lsupc++ -Wl,--end-group
Finished building target: motorDriving.elf
 
arm-none-eabi-size   motorDriving.elf 
arm-none-eabi-objdump -h -S  motorDriving.elf  > "motorDriving.list"
   text	   data	    bss	    dec	    hex	filename
  40268	   1192	   2992	  44452	   ada4	motorDriving.elf
Finished building: default.size.stdout
 
Finished building: motorDriving.list
 
16:42:39 **** Incremental Build of configuration Debug for project motorDriving ****
make -j16 all 
arm-none-eabi-size   motorDriving.elf 
   text	   data	    bss	    dec	    hex	filename
  40268	   1192	   2992	  44452	   ada4	motorDriving.elf
Finished building: default.size.stdout
 
16:46:52 **** Incremental Build of configuration Debug for project motorDriving ****
make -j16 all 
arm-none-eabi-gcc "../Core/Src/motorController.c" -mcpu=cortex-m4 -std=gnu11 -g3 -DDEBUG -DUSE_HAL_DRIVER -DSTM32L4R5xx -c -I../Core/Inc -I../Drivers/STM32L4xx_HAL_Driver/Inc -I../Drivers/STM32L4xx_HAL_Driver/Inc/Legacy -I../Drivers/CMSIS/Device/ST/STM32L4xx/Include -I../Drivers/CMSIS/Include -O0 -ffunction-sections -fdata-sections -Wall -fstack-usage -MMD -MP -MF"Core/Src/motorController.d" -MT"Core/Src/motorController.o" --specs=nano.specs -mfpu=fpv4-sp-d16 -mfloat-abi=hard -mthumb -o "Core/Src/motorController.o"
../Core/Src/motorController.c: In function 'stepForward':
../Core/Src/motorController.c:226:6: warning: unused variable 'y' [-Wunused-variable]
  226 |  int y = curPosition.y;
      |      ^
../Core/Src/motorController.c: In function 'stepBack':
../Core/Src/motorController.c:235:6: warning: unused variable 'y' [-Wunused-variable]
  235 |  int y = curPosition.y;
      |      ^
../Core/Src/motorController.c: In function 'stepRight':
../Core/Src/motorController.c:243:6: warning: unused variable 'x' [-Wunused-variable]
  243 |  int x = curPosition.x;
      |      ^
../Core/Src/motorController.c: In function 'stepLeft':
../Core/Src/motorController.c:252:6: warning: unused variable 'x' [-Wunused-variable]
  252 |  int x = curPosition.x;
      |      ^
arm-none-eabi-g++ -o "motorDriving.elf" @"objects.list"   -mcpu=cortex-m4 -T"C:\Users\Jeremy\Documents\W23\373\finalProject\AutomatedChess\motorDriving\STM32L4R5ZITXP_FLASH.ld" --specs=nosys.specs -Wl,-Map="motorDriving.map" -Wl,--gc-sections -static --specs=nano.specs -mfpu=fpv4-sp-d16 -mfloat-abi=hard -mthumb -u _printf_float -Wl,--start-group -lc -lm -lstdc++ -lsupc++ -Wl,--end-group
Finished building target: motorDriving.elf
 
arm-none-eabi-size   motorDriving.elf 
arm-none-eabi-objdump -h -S  motorDriving.elf  > "motorDriving.list"
   text	   data	    bss	    dec	    hex	filename
  40268	   1192	   2992	  44452	   ada4	motorDriving.elf
Finished building: default.size.stdout
 
Finished building: motorDriving.list
 
16:49:31 **** Incremental Build of configuration Debug for project motorDriving ****
make -j16 all 
arm-none-eabi-gcc "../Core/Src/motorController.c" -mcpu=cortex-m4 -std=gnu11 -g3 -DDEBUG -DUSE_HAL_DRIVER -DSTM32L4R5xx -c -I../Core/Inc -I../Drivers/STM32L4xx_HAL_Driver/Inc -I../Drivers/STM32L4xx_HAL_Driver/Inc/Legacy -I../Drivers/CMSIS/Device/ST/STM32L4xx/Include -I../Drivers/CMSIS/Include -O0 -ffunction-sections -fdata-sections -Wall -fstack-usage -MMD -MP -MF"Core/Src/motorController.d" -MT"Core/Src/motorController.o" --specs=nano.specs -mfpu=fpv4-sp-d16 -mfloat-abi=hard -mthumb -o "Core/Src/motorController.o"
../Core/Src/motorController.c: In function 'stepForward':
../Core/Src/motorController.c:226:6: warning: unused variable 'y' [-Wunused-variable]
  226 |  int y = curPosition.y;
      |      ^
../Core/Src/motorController.c: In function 'stepBack':
../Core/Src/motorController.c:235:6: warning: unused variable 'y' [-Wunused-variable]
  235 |  int y = curPosition.y;
      |      ^
../Core/Src/motorController.c: In function 'stepRight':
../Core/Src/motorController.c:243:6: warning: unused variable 'x' [-Wunused-variable]
  243 |  int x = curPosition.x;
      |      ^
../Core/Src/motorController.c: In function 'stepLeft':
../Core/Src/motorController.c:252:6: warning: unused variable 'x' [-Wunused-variable]
  252 |  int x = curPosition.x;
      |      ^
arm-none-eabi-g++ -o "motorDriving.elf" @"objects.list"   -mcpu=cortex-m4 -T"C:\Users\Jeremy\Documents\W23\373\finalProject\AutomatedChess\motorDriving\STM32L4R5ZITXP_FLASH.ld" --specs=nosys.specs -Wl,-Map="motorDriving.map" -Wl,--gc-sections -static --specs=nano.specs -mfpu=fpv4-sp-d16 -mfloat-abi=hard -mthumb -u _printf_float -Wl,--start-group -lc -lm -lstdc++ -lsupc++ -Wl,--end-group
Finished building target: motorDriving.elf
 
arm-none-eabi-size   motorDriving.elf 
arm-none-eabi-objdump -h -S  motorDriving.elf  > "motorDriving.list"
   text	   data	    bss	    dec	    hex	filename
  40268	   1192	   2992	  44452	   ada4	motorDriving.elf
Finished building: default.size.stdout
 
Finished building: motorDriving.list
 
16:50:59 **** Incremental Build of configuration Debug for project motorDriving ****
make -j16 all 
arm-none-eabi-size   motorDriving.elf 
   text	   data	    bss	    dec	    hex	filename
  40268	   1192	   2992	  44452	   ada4	motorDriving.elf
Finished building: default.size.stdout
 
16:52:55 **** Incremental Build of configuration Debug for project motorDriving ****
make -j16 all 
arm-none-eabi-size   motorDriving.elf 
   text	   data	    bss	    dec	    hex	filename
  40268	   1192	   2992	  44452	   ada4	motorDriving.elf
Finished building: default.size.stdout
 
